<?xml version="1.0"?>
<link_info>
   <banner>TI ARM Linker PC v5.1.1</banner>
   <copyright>Copyright (c) 1996-2013 Texas Instruments Incorporated</copyright>
   <link_time>0x530a3513</link_time>
   <link_errors>0x0</link_errors>
   <output_file>Aerobal-v1.0.out</output_file>
   <entry_point>
      <name>_c_int00</name>
      <address>0x1ac5</address>
   </entry_point>
   <input_file_list>
      <input_file id="fl-2">
         <path>.\a.lib\</path>
         <kind>object</kind>
         <file>relay.obj</file>
         <name>relay.obj</name>
      </input_file>
      <input_file id="fl-3">
         <path>.\a.lib\</path>
         <kind>object</kind>
         <file>lcd.obj</file>
         <name>lcd.obj</name>
      </input_file>
      <input_file id="fl-4">
         <path>.\a.lib\</path>
         <kind>object</kind>
         <file>gpio.obj</file>
         <name>gpio.obj</name>
      </input_file>
      <input_file id="fl-5">
         <path>.\a.lib\</path>
         <kind>object</kind>
         <file>bmp085.obj</file>
         <name>bmp085.obj</name>
      </input_file>
      <input_file id="fl-6">
         <path>.\a.lib\</path>
         <kind>object</kind>
         <file>bluetooth.obj</file>
         <name>bluetooth.obj</name>
      </input_file>
      <input_file id="fl-7">
         <path>.\a.lib\</path>
         <kind>object</kind>
         <file>ABTest.obj</file>
         <name>ABTest.obj</name>
      </input_file>
      <input_file id="fl-8">
         <path>.\utils\</path>
         <kind>object</kind>
         <file>uartstdio.obj</file>
         <name>uartstdio.obj</name>
      </input_file>
      <input_file id="fl-9">
         <path>.\</path>
         <kind>object</kind>
         <file>startup_ccs.obj</file>
         <name>startup_ccs.obj</name>
      </input_file>
      <input_file id="fl-a">
         <path>.\</path>
         <kind>object</kind>
         <file>main.obj</file>
         <name>main.obj</name>
      </input_file>
      <input_file id="fl-10">
         <path>C:\ti\TivaWare_C_Series-1.0\examples\boards\ek-tm4c123gxl\project0\ccs\..\..\..\..\..\driverlib\ccs\Debug\</path>
         <kind>archive</kind>
         <file>driverlib.lib</file>
         <name>sysctl.obj</name>
      </input_file>
      <input_file id="fl-11">
         <path>C:\ti\TivaWare_C_Series-1.0\examples\boards\ek-tm4c123gxl\project0\ccs\..\..\..\..\..\driverlib\ccs\Debug\</path>
         <kind>archive</kind>
         <file>driverlib.lib</file>
         <name>interrupt.obj</name>
      </input_file>
      <input_file id="fl-12">
         <path>C:\ti\TivaWare_C_Series-1.0\examples\boards\ek-tm4c123gxl\project0\ccs\..\..\..\..\..\driverlib\ccs\Debug\</path>
         <kind>archive</kind>
         <file>driverlib.lib</file>
         <name>gpio.obj</name>
      </input_file>
      <input_file id="fl-13">
         <path>C:\ti\TivaWare_C_Series-1.0\examples\boards\ek-tm4c123gxl\project0\ccs\..\..\..\..\..\driverlib\ccs\Debug\</path>
         <kind>archive</kind>
         <file>driverlib.lib</file>
         <name>cpu.obj</name>
      </input_file>
      <input_file id="fl-14">
         <path>C:\ti\TivaWare_C_Series-1.0\examples\boards\ek-tm4c123gxl\project0\ccs\..\..\..\..\..\sensorlib\ccs\Debug\</path>
         <kind>archive</kind>
         <file>sensorlib.lib</file>
         <name>i2cm_drv.obj</name>
      </input_file>
      <input_file id="fl-15">
         <path>C:\ti\TivaWare_C_Series-1.0\examples\boards\ek-tm4c123gxl\project0\ccs\..\..\..\..\..\sensorlib\ccs\Debug\</path>
         <kind>archive</kind>
         <file>sensorlib.lib</file>
         <name>bmp180.obj</name>
      </input_file>
      <input_file id="fl-13f">
         <path>C:\ti\ccsv5\tools\compiler\arm_5.1.1\lib\</path>
         <kind>archive</kind>
         <file>rtsv7M4_T_le_v4SPD16_eabi.lib</file>
         <name>boot.obj</name>
      </input_file>
      <input_file id="fl-140">
         <path>C:\ti\ccsv5\tools\compiler\arm_5.1.1\lib\</path>
         <kind>archive</kind>
         <file>rtsv7M4_T_le_v4SPD16_eabi.lib</file>
         <name>copy_decompress_none.obj</name>
      </input_file>
      <input_file id="fl-141">
         <path>C:\ti\ccsv5\tools\compiler\arm_5.1.1\lib\</path>
         <kind>archive</kind>
         <file>rtsv7M4_T_le_v4SPD16_eabi.lib</file>
         <name>copy_decompress_rle.obj</name>
      </input_file>
      <input_file id="fl-142">
         <path>C:\ti\ccsv5\tools\compiler\arm_5.1.1\lib\</path>
         <kind>archive</kind>
         <file>rtsv7M4_T_le_v4SPD16_eabi.lib</file>
         <name>copy_zero_init.obj</name>
      </input_file>
      <input_file id="fl-143">
         <path>C:\ti\ccsv5\tools\compiler\arm_5.1.1\lib\</path>
         <kind>archive</kind>
         <file>rtsv7M4_T_le_v4SPD16_eabi.lib</file>
         <name>exit.obj</name>
      </input_file>
      <input_file id="fl-144">
         <path>C:\ti\ccsv5\tools\compiler\arm_5.1.1\lib\</path>
         <kind>archive</kind>
         <file>rtsv7M4_T_le_v4SPD16_eabi.lib</file>
         <name>fd_add_t2.obj</name>
      </input_file>
      <input_file id="fl-145">
         <path>C:\ti\ccsv5\tools\compiler\arm_5.1.1\lib\</path>
         <kind>archive</kind>
         <file>rtsv7M4_T_le_v4SPD16_eabi.lib</file>
         <name>fd_cmp_t2.obj</name>
      </input_file>
      <input_file id="fl-146">
         <path>C:\ti\ccsv5\tools\compiler\arm_5.1.1\lib\</path>
         <kind>archive</kind>
         <file>rtsv7M4_T_le_v4SPD16_eabi.lib</file>
         <name>fd_mul_t2.obj</name>
      </input_file>
      <input_file id="fl-147">
         <path>C:\ti\ccsv5\tools\compiler\arm_5.1.1\lib\</path>
         <kind>archive</kind>
         <file>rtsv7M4_T_le_v4SPD16_eabi.lib</file>
         <name>fd_toi_t2.obj</name>
      </input_file>
      <input_file id="fl-148">
         <path>C:\ti\ccsv5\tools\compiler\arm_5.1.1\lib\</path>
         <kind>archive</kind>
         <file>rtsv7M4_T_le_v4SPD16_eabi.lib</file>
         <name>fs_tod_t2.obj</name>
      </input_file>
      <input_file id="fl-149">
         <path>C:\ti\ccsv5\tools\compiler\arm_5.1.1\lib\</path>
         <kind>archive</kind>
         <file>rtsv7M4_T_le_v4SPD16_eabi.lib</file>
         <name>i_tofd_t2.obj</name>
      </input_file>
      <input_file id="fl-14a">
         <path>C:\ti\ccsv5\tools\compiler\arm_5.1.1\lib\</path>
         <kind>archive</kind>
         <file>rtsv7M4_T_le_v4SPD16_eabi.lib</file>
         <name>memcpy_t2.obj</name>
      </input_file>
      <input_file id="fl-14b">
         <path>C:\ti\ccsv5\tools\compiler\arm_5.1.1\lib\</path>
         <kind>archive</kind>
         <file>rtsv7M4_T_le_v4SPD16_eabi.lib</file>
         <name>stkdepth_vars.obj</name>
      </input_file>
      <input_file id="fl-14c">
         <path>C:\ti\ccsv5\tools\compiler\arm_5.1.1\lib\</path>
         <kind>archive</kind>
         <file>rtsv7M4_T_le_v4SPD16_eabi.lib</file>
         <name>u_divt2.obj</name>
      </input_file>
      <input_file id="fl-14d">
         <path>C:\ti\ccsv5\tools\compiler\arm_5.1.1\lib\</path>
         <kind>archive</kind>
         <file>rtsv7M4_T_le_v4SPD16_eabi.lib</file>
         <name>_lock.obj</name>
      </input_file>
      <input_file id="fl-14e">
         <path>C:\ti\ccsv5\tools\compiler\arm_5.1.1\lib\</path>
         <kind>archive</kind>
         <file>rtsv7M4_T_le_v4SPD16_eabi.lib</file>
         <name>args_main.obj</name>
      </input_file>
      <input_file id="fl-14f">
         <path>C:\ti\ccsv5\tools\compiler\arm_5.1.1\lib\</path>
         <kind>archive</kind>
         <file>rtsv7M4_T_le_v4SPD16_eabi.lib</file>
         <name>auto_init.obj</name>
      </input_file>
      <input_file id="fl-150">
         <path>C:\ti\ccsv5\tools\compiler\arm_5.1.1\lib\</path>
         <kind>archive</kind>
         <file>rtsv7M4_T_le_v4SPD16_eabi.lib</file>
         <name>cpy_tbl.obj</name>
      </input_file>
      <input_file id="fl-151">
         <path>C:\ti\TivaWare_C_Series-1.0\examples\boards\ek-tm4c123gxl\project0\ccs\..\..\..\..\..\driverlib\ccs\Debug\</path>
         <kind>archive</kind>
         <file>driverlib.lib</file>
         <name>i2c.obj</name>
      </input_file>
   </input_file_list>
   <object_component_list>
      <object_component id="oc-e">
         <name>.intvecs</name>
         <load_address>0x0</load_address>
         <run_address>0x0</run_address>
         <size>0x26c</size>
         <input_file_ref idref="fl-9"/>
      </object_component>
      <object_component id="oc-266">
         <name>.text:BMP180DataPressureGetFloat</name>
         <load_address>0x26c</load_address>
         <run_address>0x26c</run_address>
         <size>0x1ec</size>
         <input_file_ref idref="fl-15"/>
      </object_component>
      <object_component id="oc-2ea">
         <name>.text:BMP180Callback</name>
         <load_address>0x458</load_address>
         <run_address>0x458</run_address>
         <size>0x1dc</size>
         <input_file_ref idref="fl-15"/>
      </object_component>
      <object_component id="oc-1e7">
         <name>.text</name>
         <load_address>0x634</load_address>
         <run_address>0x634</run_address>
         <size>0x1b6</size>
         <input_file_ref idref="fl-144"/>
      </object_component>
      <object_component id="oc-2e">
         <name>.text:FaultISR</name>
         <load_address>0x7ea</load_address>
         <run_address>0x7ea</run_address>
         <size>0x2</size>
         <input_file_ref idref="fl-9"/>
      </object_component>
      <object_component id="oc-133">
         <name>.text:ABTestRelay</name>
         <load_address>0x7ec</load_address>
         <run_address>0x7ec</run_address>
         <size>0x180</size>
         <input_file_ref idref="fl-7"/>
      </object_component>
      <object_component id="oc-12e">
         <name>.text:ABTestBMP</name>
         <load_address>0x96c</load_address>
         <run_address>0x96c</run_address>
         <size>0x15c</size>
         <input_file_ref idref="fl-7"/>
      </object_component>
      <object_component id="oc-28f">
         <name>.text</name>
         <load_address>0xac8</load_address>
         <run_address>0xac8</run_address>
         <size>0xfc</size>
         <input_file_ref idref="fl-146"/>
      </object_component>
      <object_component id="oc-8d">
         <name>.text:I2CMIntHandler</name>
         <load_address>0xbc4</load_address>
         <run_address>0xbc4</run_address>
         <size>0xea</size>
         <input_file_ref idref="fl-14"/>
      </object_component>
      <object_component id="oc-33">
         <name>.text:IntDefaultHandler</name>
         <load_address>0xcae</load_address>
         <run_address>0xcae</run_address>
         <size>0x2</size>
         <input_file_ref idref="fl-9"/>
      </object_component>
      <object_component id="oc-138">
         <name>.text:ABTestBT</name>
         <load_address>0xcb0</load_address>
         <run_address>0xcb0</run_address>
         <size>0xd0</size>
         <input_file_ref idref="fl-7"/>
      </object_component>
      <object_component id="oc-197">
         <name>.text:lcdInit</name>
         <load_address>0xd80</load_address>
         <run_address>0xd80</run_address>
         <size>0xc8</size>
         <input_file_ref idref="fl-3"/>
      </object_component>
      <object_component id="oc-28a">
         <name>.text:lcdWriteDigits</name>
         <load_address>0xe48</load_address>
         <run_address>0xe48</run_address>
         <size>0xc4</size>
         <input_file_ref idref="fl-3"/>
      </object_component>
      <object_component id="oc-2c8">
         <name>.text:GPIOPadConfigSet</name>
         <load_address>0xf0c</load_address>
         <run_address>0xf0c</run_address>
         <size>0xb8</size>
         <input_file_ref idref="fl-12"/>
      </object_component>
      <object_component id="oc-7d">
         <name>.text:SysCtlClockGet</name>
         <load_address>0xfc4</load_address>
         <run_address>0xfc4</run_address>
         <size>0xb4</size>
         <input_file_ref idref="fl-10"/>
      </object_component>
      <object_component id="oc-1f1">
         <name>.text:bluetoothInit</name>
         <load_address>0x1078</load_address>
         <run_address>0x1078</run_address>
         <size>0xb0</size>
         <input_file_ref idref="fl-6"/>
      </object_component>
      <object_component id="oc-56">
         <name>.text</name>
         <load_address>0x1128</load_address>
         <run_address>0x1128</run_address>
         <size>0x9c</size>
         <input_file_ref idref="fl-14a"/>
      </object_component>
      <object_component id="oc-119">
         <name>.text:I2CMStateIdle</name>
         <load_address>0x11c4</load_address>
         <run_address>0x11c4</run_address>
         <size>0x98</size>
         <input_file_ref idref="fl-14"/>
      </object_component>
      <object_component id="oc-45">
         <name>.text</name>
         <load_address>0x125c</load_address>
         <run_address>0x125c</run_address>
         <size>0x94</size>
         <input_file_ref idref="fl-14f"/>
      </object_component>
      <object_component id="oc-1a2">
         <name>.text:bmp085Init</name>
         <load_address>0x12f0</load_address>
         <run_address>0x12f0</run_address>
         <size>0x8c</size>
         <input_file_ref idref="fl-5"/>
      </object_component>
      <object_component id="oc-2e5">
         <name>.text:I2CMCommand</name>
         <load_address>0x137c</load_address>
         <run_address>0x137c</run_address>
         <size>0x84</size>
         <input_file_ref idref="fl-14"/>
      </object_component>
      <object_component id="oc-38">
         <name>.text:bluetoothInterruptHandler</name>
         <load_address>0x1400</load_address>
         <run_address>0x1400</run_address>
         <size>0x84</size>
         <input_file_ref idref="fl-6"/>
      </object_component>
      <object_component id="oc-261">
         <name>.text:BMP180DataTemperatureGetFloat</name>
         <load_address>0x1484</load_address>
         <run_address>0x1484</run_address>
         <size>0x80</size>
         <input_file_ref idref="fl-15"/>
      </object_component>
      <object_component id="oc-1ba">
         <name>.text:lcdWriteNumber</name>
         <load_address>0x1504</load_address>
         <run_address>0x1504</run_address>
         <size>0x80</size>
         <input_file_ref idref="fl-3"/>
      </object_component>
      <object_component id="oc-27d">
         <name>.text:__aeabi_cdcmple</name>
         <load_address>0x1584</load_address>
         <run_address>0x1584</run_address>
         <size>0x7e</size>
         <input_file_ref idref="fl-145"/>
      </object_component>
      <object_component id="oc-29">
         <name>.text:NmiSR</name>
         <load_address>0x1602</load_address>
         <run_address>0x1602</run_address>
         <size>0x2</size>
         <input_file_ref idref="fl-9"/>
      </object_component>
      <object_component id="oc-142">
         <name>.text:ABTestLog</name>
         <load_address>0x1604</load_address>
         <run_address>0x1604</run_address>
         <size>0x65</size>
         <input_file_ref idref="fl-7"/>
      </object_component>
      <object_component id="oc-322">
         <name>.text:IntIsEnabled</name>
         <load_address>0x166c</load_address>
         <run_address>0x166c</run_address>
         <size>0x64</size>
         <input_file_ref idref="fl-11"/>
      </object_component>
      <object_component id="oc-327">
         <name>.text:IntDisable</name>
         <load_address>0x16d0</load_address>
         <run_address>0x16d0</run_address>
         <size>0x60</size>
         <input_file_ref idref="fl-11"/>
      </object_component>
      <object_component id="oc-2da">
         <name>.text:IntEnable</name>
         <load_address>0x1730</load_address>
         <run_address>0x1730</run_address>
         <size>0x60</size>
         <input_file_ref idref="fl-11"/>
      </object_component>
      <object_component id="oc-10a">
         <name>.text:I2CMStateWritePause</name>
         <load_address>0x1790</load_address>
         <run_address>0x1790</run_address>
         <size>0x5e</size>
         <input_file_ref idref="fl-14"/>
      </object_component>
      <object_component id="oc-68">
         <name>.text</name>
         <load_address>0x17ee</load_address>
         <run_address>0x17ee</run_address>
         <size>0x5e</size>
         <input_file_ref idref="fl-141"/>
      </object_component>
      <object_component id="oc-25c">
         <name>.text:BMP180DataRead</name>
         <load_address>0x184c</load_address>
         <run_address>0x184c</run_address>
         <size>0x58</size>
         <input_file_ref idref="fl-15"/>
      </object_component>
      <object_component id="oc-24e">
         <name>.text:BMP180Init</name>
         <load_address>0x18a4</load_address>
         <run_address>0x18a4</run_address>
         <size>0x58</size>
         <input_file_ref idref="fl-15"/>
      </object_component>
      <object_component id="oc-19c">
         <name>.text:ABTestDelay</name>
         <load_address>0x18fc</load_address>
         <run_address>0x18fc</run_address>
         <size>0x50</size>
         <input_file_ref idref="fl-7"/>
      </object_component>
      <object_component id="oc-129">
         <name>.text:ABTestLCD</name>
         <load_address>0x194c</load_address>
         <run_address>0x194c</run_address>
         <size>0x50</size>
         <input_file_ref idref="fl-7"/>
      </object_component>
      <object_component id="oc-10f">
         <name>.text:I2CMStateWriteFinal</name>
         <load_address>0x199c</load_address>
         <run_address>0x199c</run_address>
         <size>0x4e</size>
         <input_file_ref idref="fl-14"/>
      </object_component>
      <object_component id="oc-235">
         <name>.text:GPIOPinConfigure</name>
         <load_address>0x19ec</load_address>
         <run_address>0x19ec</run_address>
         <size>0x48</size>
         <input_file_ref idref="fl-12"/>
      </object_component>
      <object_component id="oc-fb">
         <name>.text:I2CMStateReadNext</name>
         <load_address>0x1a34</load_address>
         <run_address>0x1a34</run_address>
         <size>0x48</size>
         <input_file_ref idref="fl-14"/>
      </object_component>
      <object_component id="oc-2d5">
         <name>.text:I2CMasterInitExpClk</name>
         <load_address>0x1a7c</load_address>
         <run_address>0x1a7c</run_address>
         <size>0x48</size>
         <input_file_ref idref="fl-151"/>
      </object_component>
      <object_component id="oc-10">
         <name>.text</name>
         <load_address>0x1ac4</load_address>
         <run_address>0x1ac4</run_address>
         <size>0x48</size>
         <input_file_ref idref="fl-13f"/>
      </object_component>
      <object_component id="oc-286">
         <name>.text</name>
         <load_address>0x1b0c</load_address>
         <run_address>0x1b0c</run_address>
         <size>0x48</size>
         <input_file_ref idref="fl-147"/>
      </object_component>
      <object_component id="oc-114">
         <name>.text:I2CMStateWriteNext</name>
         <load_address>0x1b54</load_address>
         <run_address>0x1b54</run_address>
         <size>0x46</size>
         <input_file_ref idref="fl-14"/>
      </object_component>
      <object_component id="oc-210">
         <name>.text:gpioSetMasterEnable</name>
         <load_address>0x1b9c</load_address>
         <run_address>0x1b9c</run_address>
         <size>0x44</size>
         <input_file_ref idref="fl-4"/>
      </object_component>
      <object_component id="oc-a2">
         <name>.text:main</name>
         <load_address>0x1be0</load_address>
         <run_address>0x1be0</run_address>
         <size>0x44</size>
         <input_file_ref idref="fl-a"/>
      </object_component>
      <object_component id="oc-9c">
         <name>.text</name>
         <load_address>0x1c24</load_address>
         <run_address>0x1c24</run_address>
         <size>0x44</size>
         <input_file_ref idref="fl-150"/>
      </object_component>
      <object_component id="oc-4e">
         <name>.text</name>
         <load_address>0x1c68</load_address>
         <run_address>0x1c68</run_address>
         <size>0x44</size>
         <input_file_ref idref="fl-143"/>
      </object_component>
      <object_component id="oc-e7">
         <name>.text:I2CMStateCallback</name>
         <load_address>0x1cac</load_address>
         <run_address>0x1cac</run_address>
         <size>0x40</size>
         <input_file_ref idref="fl-14"/>
      </object_component>
      <object_component id="oc-1a7">
         <name>.text:bmp085DataRead</name>
         <load_address>0x1cec</load_address>
         <run_address>0x1cec</run_address>
         <size>0x40</size>
         <input_file_ref idref="fl-5"/>
      </object_component>
      <object_component id="oc-f6">
         <name>.text:I2CMStateReadFinal</name>
         <load_address>0x1d2c</load_address>
         <run_address>0x1d2c</run_address>
         <size>0x3e</size>
         <input_file_ref idref="fl-14"/>
      </object_component>
      <object_component id="oc-f1">
         <name>.text:I2CMStateReadPause</name>
         <load_address>0x1d6a</load_address>
         <run_address>0x1d6a</run_address>
         <size>0x3e</size>
         <input_file_ref idref="fl-14"/>
      </object_component>
      <object_component id="oc-1e2">
         <name>.text:ABTestLogLineClear</name>
         <load_address>0x1da8</load_address>
         <run_address>0x1da8</run_address>
         <size>0x3d</size>
         <input_file_ref idref="fl-7"/>
      </object_component>
      <object_component id="oc-1b6">
         <name>.text</name>
         <load_address>0x1de6</load_address>
         <run_address>0x1de6</run_address>
         <size>0x38</size>
         <input_file_ref idref="fl-148"/>
      </object_component>
      <object_component id="oc-249">
         <name>.text:I2CMInit</name>
         <load_address>0x1e1e</load_address>
         <run_address>0x1e1e</run_address>
         <size>0x34</size>
         <input_file_ref idref="fl-14"/>
      </object_component>
      <object_component id="oc-230">
         <name>.text:SysCtlPeripheralEnable</name>
         <load_address>0x1e54</load_address>
         <run_address>0x1e54</run_address>
         <size>0x34</size>
         <input_file_ref idref="fl-10"/>
      </object_component>
      <object_component id="oc-2ab">
         <name>.text:lcdWriteToPort</name>
         <load_address>0x1e88</load_address>
         <run_address>0x1e88</run_address>
         <size>0x30</size>
         <input_file_ref idref="fl-3"/>
      </object_component>
      <object_component id="oc-224">
         <name>.text:lcdWriteLine</name>
         <load_address>0x1eb8</load_address>
         <run_address>0x1eb8</run_address>
         <size>0x2e</size>
         <input_file_ref idref="fl-3"/>
      </object_component>
      <object_component id="oc-1ac">
         <name>.text:lcdWriteStringInLine</name>
         <load_address>0x1ee6</load_address>
         <run_address>0x1ee6</run_address>
         <size>0x2e</size>
         <input_file_ref idref="fl-3"/>
      </object_component>
      <object_component id="oc-1c9">
         <name>.text</name>
         <load_address>0x1f14</load_address>
         <run_address>0x1f14</run_address>
         <size>0x2e</size>
         <input_file_ref idref="fl-149"/>
      </object_component>
      <object_component id="oc-2c3">
         <name>.text:GPIODirModeSet</name>
         <load_address>0x1f42</load_address>
         <run_address>0x1f42</run_address>
         <size>0x2a</size>
         <input_file_ref idref="fl-12"/>
      </object_component>
      <object_component id="oc-100">
         <name>.text:I2CMStateReadFirst</name>
         <load_address>0x1f6c</load_address>
         <run_address>0x1f6c</run_address>
         <size>0x2a</size>
         <input_file_ref idref="fl-14"/>
      </object_component>
      <object_component id="oc-2b0">
         <name>.text:lcdWriteCommit</name>
         <load_address>0x1f98</load_address>
         <run_address>0x1f98</run_address>
         <size>0x28</size>
         <input_file_ref idref="fl-3"/>
      </object_component>
      <object_component id="oc-2fb">
         <name>.text:lcdWriteData</name>
         <load_address>0x1fc0</load_address>
         <run_address>0x1fc0</run_address>
         <size>0x28</size>
         <input_file_ref idref="fl-3"/>
      </object_component>
      <object_component id="oc-1d3">
         <name>.text:relayInit</name>
         <load_address>0x1fe8</load_address>
         <run_address>0x1fe8</run_address>
         <size>0x24</size>
         <input_file_ref idref="fl-2"/>
      </object_component>
      <object_component id="oc-1eb">
         <name>.text:relayToggle</name>
         <load_address>0x200c</load_address>
         <run_address>0x200c</run_address>
         <size>0x22</size>
         <input_file_ref idref="fl-2"/>
      </object_component>
      <object_component id="oc-105">
         <name>.text:I2CMStateReadOne</name>
         <load_address>0x202e</load_address>
         <run_address>0x202e</run_address>
         <size>0x20</size>
         <input_file_ref idref="fl-14"/>
      </object_component>
      <object_component id="oc-1f8">
         <name>.text:lcdWriteCommand</name>
         <load_address>0x2050</load_address>
         <run_address>0x2050</run_address>
         <size>0x1c</size>
         <input_file_ref idref="fl-3"/>
      </object_component>
      <object_component id="oc-1cd">
         <name>.text:lcdWriteString</name>
         <load_address>0x206c</load_address>
         <run_address>0x206c</run_address>
         <size>0x1a</size>
         <input_file_ref idref="fl-3"/>
      </object_component>
      <object_component id="oc-ec">
         <name>.text:I2CMStateReadWait</name>
         <load_address>0x2086</load_address>
         <run_address>0x2086</run_address>
         <size>0x18</size>
         <input_file_ref idref="fl-14"/>
      </object_component>
      <object_component id="oc-49">
         <name>.text</name>
         <load_address>0x20a0</load_address>
         <run_address>0x20a0</run_address>
         <size>0x18</size>
         <input_file_ref idref="fl-14e"/>
      </object_component>
      <object_component id="oc-dd">
         <name>.text:I2CMasterErr</name>
         <load_address>0x20b8</load_address>
         <run_address>0x20b8</run_address>
         <size>0x16</size>
         <input_file_ref idref="fl-151"/>
      </object_component>
      <object_component id="oc-14f">
         <name>.text</name>
         <load_address>0x20d0</load_address>
         <run_address>0x20d0</run_address>
         <size>0x14</size>
         <input_file_ref idref="fl-14d"/>
      </object_component>
      <object_component id="oc-23f">
         <name>.text:GPIOPinTypeI2C</name>
         <load_address>0x20e4</load_address>
         <run_address>0x20e4</run_address>
         <size>0x12</size>
         <input_file_ref idref="fl-12"/>
      </object_component>
      <object_component id="oc-23a">
         <name>.text:GPIOPinTypeI2CSCL</name>
         <load_address>0x20f6</load_address>
         <run_address>0x20f6</run_address>
         <size>0x12</size>
         <input_file_ref idref="fl-12"/>
      </object_component>
      <object_component id="oc-19">
         <name>.text:decompress:ZI</name>
         <load_address>0x2108</load_address>
         <run_address>0x2108</run_address>
         <size>0x12</size>
         <input_file_ref idref="fl-142"/>
      </object_component>
      <object_component id="oc-21a">
         <name>.text:gpioSetDigitalEnable</name>
         <load_address>0x211a</load_address>
         <run_address>0x211a</run_address>
         <size>0x12</size>
         <input_file_ref idref="fl-4"/>
      </object_component>
      <object_component id="oc-255">
         <name>.text:bmp085AppCallback</name>
         <load_address>0x212c</load_address>
         <run_address>0x212c</run_address>
         <size>0x10</size>
         <input_file_ref idref="fl-5"/>
      </object_component>
      <object_component id="oc-29a">
         <name>.text:gpioSetData</name>
         <load_address>0x213c</load_address>
         <run_address>0x213c</run_address>
         <size>0x10</size>
         <input_file_ref idref="fl-4"/>
      </object_component>
      <object_component id="oc-215">
         <name>.text:gpioSetDirection</name>
         <load_address>0x214c</load_address>
         <run_address>0x214c</run_address>
         <size>0x10</size>
         <input_file_ref idref="fl-4"/>
      </object_component>
      <object_component id="oc-14">
         <name>.text:decompress:none</name>
         <load_address>0x215c</load_address>
         <run_address>0x215c</run_address>
         <size>0xe</size>
         <input_file_ref idref="fl-140"/>
      </object_component>
      <object_component id="oc-2cf">
         <name>.text:CPUcpsie</name>
         <load_address>0x216a</load_address>
         <run_address>0x216a</run_address>
         <size>0xc</size>
         <input_file_ref idref="fl-13"/>
      </object_component>
      <object_component id="oc-32c">
         <name>.text:IntTrigger</name>
         <load_address>0x2178</load_address>
         <run_address>0x2178</run_address>
         <size>0xc</size>
         <input_file_ref idref="fl-11"/>
      </object_component>
      <object_component id="oc-1b1">
         <name>.text:bmp085GetPressure</name>
         <load_address>0x2184</load_address>
         <run_address>0x2184</run_address>
         <size>0xc</size>
         <input_file_ref idref="fl-5"/>
      </object_component>
      <object_component id="oc-1bf">
         <name>.text:bmp085GetTemperature</name>
         <load_address>0x2190</load_address>
         <run_address>0x2190</run_address>
         <size>0xc</size>
         <input_file_ref idref="fl-5"/>
      </object_component>
      <object_component id="oc-3d">
         <name>.text:bmp085I2CIntHandler</name>
         <load_address>0x219c</load_address>
         <run_address>0x219c</run_address>
         <size>0xc</size>
         <input_file_ref idref="fl-5"/>
      </object_component>
      <object_component id="oc-2a3">
         <name>.text:gpioGetData</name>
         <load_address>0x21a8</load_address>
         <run_address>0x21a8</run_address>
         <size>0xc</size>
         <input_file_ref idref="fl-4"/>
      </object_component>
      <object_component id="oc-1d8">
         <name>.text:relayOff</name>
         <load_address>0x21b4</load_address>
         <run_address>0x21b4</run_address>
         <size>0xc</size>
         <input_file_ref idref="fl-2"/>
      </object_component>
      <object_component id="oc-1dd">
         <name>.text:relayOn</name>
         <load_address>0x21c0</load_address>
         <run_address>0x21c0</run_address>
         <size>0xc</size>
         <input_file_ref idref="fl-2"/>
      </object_component>
      <object_component id="oc-317">
         <name>.text:I2CMasterEnable</name>
         <load_address>0x21cc</load_address>
         <run_address>0x21cc</run_address>
         <size>0xa</size>
         <input_file_ref idref="fl-151"/>
      </object_component>
      <object_component id="oc-244">
         <name>.text:IntMasterEnable</name>
         <load_address>0x21d6</load_address>
         <run_address>0x21d6</run_address>
         <size>0xa</size>
         <input_file_ref idref="fl-11"/>
      </object_component>
      <object_component id="oc-d8">
         <name>.text:I2CMasterIntClear</name>
         <load_address>0x21e0</load_address>
         <run_address>0x21e0</run_address>
         <size>0x8</size>
         <input_file_ref idref="fl-151"/>
      </object_component>
      <object_component id="oc-2df">
         <name>.text:I2CMasterIntEnableEx</name>
         <load_address>0x21e8</load_address>
         <run_address>0x21e8</run_address>
         <size>0x8</size>
         <input_file_ref idref="fl-151"/>
      </object_component>
      <object_component id="oc-174">
         <name>.text:I2CMasterSlaveAddrSet</name>
         <load_address>0x21f0</load_address>
         <run_address>0x21f0</run_address>
         <size>0x8</size>
         <input_file_ref idref="fl-151"/>
      </object_component>
      <object_component id="oc-78">
         <name>.text:GPIOPinWrite</name>
         <load_address>0x21f8</load_address>
         <run_address>0x21f8</run_address>
         <size>0x6</size>
         <input_file_ref idref="fl-12"/>
      </object_component>
      <object_component id="oc-24">
         <name>.text:ResetISR</name>
         <load_address>0x21fe</load_address>
         <run_address>0x21fe</run_address>
         <size>0x6</size>
         <input_file_ref idref="fl-9"/>
      </object_component>
      <object_component id="oc-82">
         <name>.text:SysCtlDelay</name>
         <load_address>0x2204</load_address>
         <run_address>0x2204</run_address>
         <size>0x6</size>
         <input_file_ref idref="fl-10"/>
      </object_component>
      <object_component id="oc-1e">
         <name>.text:decompress:rle24</name>
         <load_address>0x220a</load_address>
         <run_address>0x220a</run_address>
         <size>0x6</size>
         <input_file_ref idref="fl-141"/>
      </object_component>
      <object_component id="oc-13d">
         <name>.text:lcdClear</name>
         <load_address>0x2210</load_address>
         <run_address>0x2210</run_address>
         <size>0x6</size>
         <input_file_ref idref="fl-3"/>
      </object_component>
      <object_component id="oc-21f">
         <name>.text:lcdCursorLine1</name>
         <load_address>0x2216</load_address>
         <run_address>0x2216</run_address>
         <size>0x6</size>
         <input_file_ref idref="fl-3"/>
      </object_component>
      <object_component id="oc-274">
         <name>.text:lcdCursorLine2</name>
         <load_address>0x221c</load_address>
         <run_address>0x221c</run_address>
         <size>0x6</size>
         <input_file_ref idref="fl-3"/>
      </object_component>
      <object_component id="oc-26f">
         <name>.text:lcdCursorLine3</name>
         <load_address>0x2222</load_address>
         <run_address>0x2222</run_address>
         <size>0x6</size>
         <input_file_ref idref="fl-3"/>
      </object_component>
      <object_component id="oc-1c4">
         <name>.text:lcdCursorLine4</name>
         <load_address>0x2228</load_address>
         <run_address>0x2228</run_address>
         <size>0x6</size>
         <input_file_ref idref="fl-3"/>
      </object_component>
      <object_component id="oc-302">
         <name>.text:lcdWriteSingleDigit</name>
         <load_address>0x222e</load_address>
         <run_address>0x222e</run_address>
         <size>0x6</size>
         <input_file_ref idref="fl-3"/>
      </object_component>
      <object_component id="oc-e2">
         <name>.text:I2CMasterControl</name>
         <load_address>0x2234</load_address>
         <run_address>0x2234</run_address>
         <size>0x4</size>
         <input_file_ref idref="fl-151"/>
      </object_component>
      <object_component id="oc-16b">
         <name>.text:I2CMasterDataGet</name>
         <load_address>0x2238</load_address>
         <run_address>0x2238</run_address>
         <size>0x4</size>
         <input_file_ref idref="fl-151"/>
      </object_component>
      <object_component id="oc-17b">
         <name>.text:I2CMasterDataPut</name>
         <load_address>0x223c</load_address>
         <run_address>0x223c</run_address>
         <size>0x4</size>
         <input_file_ref idref="fl-151"/>
      </object_component>
      <object_component id="oc-281">
         <name>.text:lcdWriteLetter</name>
         <load_address>0x2240</load_address>
         <run_address>0x2240</run_address>
         <size>0x4</size>
         <input_file_ref idref="fl-3"/>
      </object_component>
      <object_component id="oc-2c0">
         <name>.const:g_pui32GPIOBaseAddrs</name>
         <load_address>0x2244</load_address>
         <run_address>0x2244</run_address>
         <size>0x78</size>
         <input_file_ref idref="fl-12"/>
      </object_component>
      <object_component id="oc-31d">
         <name>.const</name>
         <load_address>0x22bc</load_address>
         <run_address>0x22bc</run_address>
         <size>0x70</size>
         <input_file_ref idref="fl-11"/>
      </object_component>
      <object_component id="oc-ca">
         <name>.const:g_pui32Xtals</name>
         <load_address>0x232c</load_address>
         <run_address>0x232c</run_address>
         <size>0x6c</size>
         <input_file_ref idref="fl-10"/>
      </object_component>
      <object_component id="oc-366">
         <name>.cinit..data.load</name>
         <load_address>0x2398</load_address>
         <run_address>0x2398</run_address>
         <size>0xf</size>
      </object_component>
      <object_component id="oc-364">
         <name>__TI_handler_table</name>
         <load_address>0x23a8</load_address>
         <run_address>0x23a8</run_address>
         <size>0xc</size>
      </object_component>
      <object_component id="oc-367">
         <name>.cinit..bss.load</name>
         <load_address>0x23b8</load_address>
         <run_address>0x23b8</run_address>
         <size>0x8</size>
      </object_component>
      <object_component id="oc-365">
         <name>__TI_cinit_table</name>
         <load_address>0x23c0</load_address>
         <run_address>0x23c0</run_address>
         <size>0x10</size>
      </object_component>
      <object_component id="oc-53">
         <name>.data</name>
         <load_address>0x20000298</load_address>
         <run_address>0x20000298</run_address>
         <size>0x4</size>
         <input_file_ref idref="fl-14b"/>
      </object_component>
      <object_component id="oc-a9">
         <name>.data</name>
         <load_address>0x20000288</load_address>
         <run_address>0x20000288</run_address>
         <size>0x8</size>
         <input_file_ref idref="fl-14d"/>
      </object_component>
      <object_component id="oc-ab">
         <name>.data</name>
         <load_address>0x20000290</load_address>
         <run_address>0x20000290</run_address>
         <size>0x8</size>
         <input_file_ref idref="fl-143"/>
      </object_component>
      <object_component id="oc-92">
         <name>.bss:TII2C_ModuleInstance</name>
         <uninitialized>true</uninitialized>
         <run_address>0x20000000</run_address>
         <size>0x124</size>
         <input_file_ref idref="fl-5"/>
      </object_component>
      <object_component id="oc-253">
         <name>.bss:TIBMP085_AppInstance</name>
         <uninitialized>true</uninitialized>
         <run_address>0x20000124</run_address>
         <size>0x44</size>
         <input_file_ref idref="fl-5"/>
      </object_component>
      <object_component id="oc-22d">
         <name>.common:_lcdInited</name>
         <uninitialized>true</uninitialized>
         <run_address>0x20000168</run_address>
         <size>0x4</size>
      </object_component>
      <object_component id="oc-33f">
         <name>.common:_lcdPortControl</name>
         <uninitialized>true</uninitialized>
         <run_address>0x2000016c</run_address>
         <size>0x4</size>
      </object_component>
      <object_component id="oc-30b">
         <name>.common:_lcdPortDataUpper</name>
         <uninitialized>true</uninitialized>
         <run_address>0x20000174</run_address>
         <size>0x4</size>
      </object_component>
      <object_component id="oc-30c">
         <name>.common:_lcdPortDataLower</name>
         <uninitialized>true</uninitialized>
         <run_address>0x20000170</run_address>
         <size>0x4</size>
      </object_component>
      <object_component id="oc-294">
         <name>.common:bmpTemperature</name>
         <uninitialized>true</uninitialized>
         <run_address>0x20000184</run_address>
         <size>0x4</size>
      </object_component>
      <object_component id="oc-27a">
         <name>.common:bmpPressure</name>
         <uninitialized>true</uninitialized>
         <run_address>0x20000180</run_address>
         <size>0x4</size>
      </object_component>
      <object_component id="oc-2f3">
         <name>.common:bmp085_dataFlag</name>
         <uninitialized>true</uninitialized>
         <run_address>0x2000017c</run_address>
         <size>0x4</size>
      </object_component>
      <object_component id="oc-2a9">
         <name>.common:bluetoothEventCount</name>
         <uninitialized>true</uninitialized>
         <run_address>0x20000178</run_address>
         <size>0x4</size>
      </object_component>
      <object_component id="oc-23">
         <name>.stack</name>
         <uninitialized>true</uninitialized>
         <run_address>0x20000188</run_address>
         <size>0x0</size>
         <input_file_ref idref="fl-13f"/>
      </object_component>
      <object_component id="oc-368">
         <name>.stack</name>
         <uninitialized>true</uninitialized>
         <run_address>0x20000188</run_address>
         <size>0x0</size>
      </object_component>
      <object_component id="oc-f">
         <name>.debug_info</name>
         <load_address>0x0</load_address>
         <run_address>0x0</run_address>
         <size>0x110</size>
         <input_file_ref idref="fl-9"/>
      </object_component>
      <object_component id="oc-12">
         <name>.debug_info</name>
         <load_address>0x110</load_address>
         <run_address>0x110</run_address>
         <size>0xf3</size>
         <input_file_ref idref="fl-13f"/>
      </object_component>
      <object_component id="oc-17">
         <name>.debug_info</name>
         <load_address>0x203</load_address>
         <run_address>0x203</run_address>
         <size>0x194</size>
         <input_file_ref idref="fl-140"/>
      </object_component>
      <object_component id="oc-1a">
         <name>.debug_info</name>
         <load_address>0x397</load_address>
         <run_address>0x397</run_address>
         <size>0x16a</size>
         <input_file_ref idref="fl-142"/>
      </object_component>
      <object_component id="oc-1f">
         <name>.debug_info</name>
         <load_address>0x501</load_address>
         <run_address>0x501</run_address>
         <size>0x18e</size>
         <input_file_ref idref="fl-141"/>
      </object_component>
      <object_component id="oc-25">
         <name>.debug_info</name>
         <load_address>0x68f</load_address>
         <run_address>0x68f</run_address>
         <size>0x140</size>
         <input_file_ref idref="fl-9"/>
      </object_component>
      <object_component id="oc-2a">
         <name>.debug_info</name>
         <load_address>0x7cf</load_address>
         <run_address>0x7cf</run_address>
         <size>0x12f</size>
         <input_file_ref idref="fl-9"/>
      </object_component>
      <object_component id="oc-2f">
         <name>.debug_info</name>
         <load_address>0x8fe</load_address>
         <run_address>0x8fe</run_address>
         <size>0x137</size>
         <input_file_ref idref="fl-9"/>
      </object_component>
      <object_component id="oc-34">
         <name>.debug_info</name>
         <load_address>0xa35</load_address>
         <run_address>0xa35</run_address>
         <size>0x149</size>
         <input_file_ref idref="fl-9"/>
      </object_component>
      <object_component id="oc-39">
         <name>.debug_info</name>
         <load_address>0xb7e</load_address>
         <run_address>0xb7e</run_address>
         <size>0x1fb</size>
         <input_file_ref idref="fl-6"/>
      </object_component>
      <object_component id="oc-3e">
         <name>.debug_info</name>
         <load_address>0xd79</load_address>
         <run_address>0xd79</run_address>
         <size>0x169</size>
         <input_file_ref idref="fl-5"/>
      </object_component>
      <object_component id="oc-44">
         <name>.debug_info</name>
         <load_address>0xee2</load_address>
         <run_address>0xee2</run_address>
         <size>0x193</size>
         <input_file_ref idref="fl-9"/>
      </object_component>
      <object_component id="oc-47">
         <name>.debug_info</name>
         <load_address>0x1075</load_address>
         <run_address>0x1075</run_address>
         <size>0x13d</size>
         <input_file_ref idref="fl-14f"/>
      </object_component>
      <object_component id="oc-4a">
         <name>.debug_info</name>
         <load_address>0x11b2</load_address>
         <run_address>0x11b2</run_address>
         <size>0x11c</size>
         <input_file_ref idref="fl-14e"/>
      </object_component>
      <object_component id="oc-4f">
         <name>.debug_info</name>
         <load_address>0x12ce</load_address>
         <run_address>0x12ce</run_address>
         <size>0x1c2</size>
         <input_file_ref idref="fl-143"/>
      </object_component>
      <object_component id="oc-54">
         <name>.debug_info</name>
         <load_address>0x1490</load_address>
         <run_address>0x1490</run_address>
         <size>0xbe</size>
         <input_file_ref idref="fl-14b"/>
      </object_component>
      <object_component id="oc-57">
         <name>.debug_info</name>
         <load_address>0x154e</load_address>
         <run_address>0x154e</run_address>
         <size>0xcc</size>
         <input_file_ref idref="fl-14a"/>
      </object_component>
      <object_component id="oc-5b">
         <name>.debug_info</name>
         <load_address>0x161a</load_address>
         <run_address>0x161a</run_address>
         <size>0x46</size>
         <input_file_ref idref="fl-140"/>
      </object_component>
      <object_component id="oc-60">
         <name>.debug_info</name>
         <load_address>0x1660</load_address>
         <run_address>0x1660</run_address>
         <size>0xf2</size>
         <input_file_ref idref="fl-140"/>
      </object_component>
      <object_component id="oc-62">
         <name>.debug_info</name>
         <load_address>0x1752</load_address>
         <run_address>0x1752</run_address>
         <size>0x46</size>
         <input_file_ref idref="fl-142"/>
      </object_component>
      <object_component id="oc-67">
         <name>.debug_info</name>
         <load_address>0x1798</load_address>
         <run_address>0x1798</run_address>
         <size>0xad</size>
         <input_file_ref idref="fl-142"/>
      </object_component>
      <object_component id="oc-69">
         <name>.debug_info</name>
         <load_address>0x1845</load_address>
         <run_address>0x1845</run_address>
         <size>0x1ef</size>
         <input_file_ref idref="fl-141"/>
      </object_component>
      <object_component id="oc-6e">
         <name>.debug_info</name>
         <load_address>0x1a34</load_address>
         <run_address>0x1a34</run_address>
         <size>0xb7</size>
         <input_file_ref idref="fl-141"/>
      </object_component>
      <object_component id="oc-6f">
         <name>.debug_info</name>
         <load_address>0x1aeb</load_address>
         <run_address>0x1aeb</run_address>
         <size>0x39</size>
         <input_file_ref idref="fl-141"/>
      </object_component>
      <object_component id="oc-79">
         <name>.debug_info</name>
         <load_address>0x1b24</load_address>
         <run_address>0x1b24</run_address>
         <size>0x207</size>
         <input_file_ref idref="fl-12"/>
      </object_component>
      <object_component id="oc-7f">
         <name>.debug_info</name>
         <load_address>0x1d2b</load_address>
         <run_address>0x1d2b</run_address>
         <size>0x202</size>
         <input_file_ref idref="fl-10"/>
      </object_component>
      <object_component id="oc-84">
         <name>.debug_info</name>
         <load_address>0x1f2d</load_address>
         <run_address>0x1f2d</run_address>
         <size>0x210</size>
         <input_file_ref idref="fl-6"/>
      </object_component>
      <object_component id="oc-85">
         <name>.debug_info</name>
         <load_address>0x213d</load_address>
         <run_address>0x213d</run_address>
         <size>0x5fb</size>
         <input_file_ref idref="fl-7"/>
      </object_component>
      <object_component id="oc-86">
         <name>.debug_info</name>
         <load_address>0x2738</load_address>
         <run_address>0x2738</run_address>
         <size>0x45a</size>
         <input_file_ref idref="fl-a"/>
      </object_component>
      <object_component id="oc-88">
         <name>.debug_info</name>
         <load_address>0x2b92</load_address>
         <run_address>0x2b92</run_address>
         <size>0x18b</size>
         <input_file_ref idref="fl-2"/>
      </object_component>
      <object_component id="oc-8e">
         <name>.debug_info</name>
         <load_address>0x2d1d</load_address>
         <run_address>0x2d1d</run_address>
         <size>0x422</size>
         <input_file_ref idref="fl-14"/>
      </object_component>
      <object_component id="oc-93">
         <name>.debug_info</name>
         <load_address>0x313f</load_address>
         <run_address>0x313f</run_address>
         <size>0x121</size>
         <input_file_ref idref="fl-5"/>
      </object_component>
      <object_component id="oc-97">
         <name>.debug_info</name>
         <load_address>0x3260</load_address>
         <run_address>0x3260</run_address>
         <size>0x84</size>
         <input_file_ref idref="fl-2"/>
      </object_component>
      <object_component id="oc-9d">
         <name>.debug_info</name>
         <load_address>0x32e4</load_address>
         <run_address>0x32e4</run_address>
         <size>0x14b</size>
         <input_file_ref idref="fl-150"/>
      </object_component>
      <object_component id="oc-a3">
         <name>.debug_info</name>
         <load_address>0x342f</load_address>
         <run_address>0x342f</run_address>
         <size>0x181</size>
         <input_file_ref idref="fl-a"/>
      </object_component>
      <object_component id="oc-a8">
         <name>.debug_info</name>
         <load_address>0x35b0</load_address>
         <run_address>0x35b0</run_address>
         <size>0x11b</size>
         <input_file_ref idref="fl-14e"/>
      </object_component>
      <object_component id="oc-aa">
         <name>.debug_info</name>
         <load_address>0x36cb</load_address>
         <run_address>0x36cb</run_address>
         <size>0xc8</size>
         <input_file_ref idref="fl-14d"/>
      </object_component>
      <object_component id="oc-ac">
         <name>.debug_info</name>
         <load_address>0x3793</load_address>
         <run_address>0x3793</run_address>
         <size>0xeb</size>
         <input_file_ref idref="fl-143"/>
      </object_component>
      <object_component id="oc-ae">
         <name>.debug_info</name>
         <load_address>0x387e</load_address>
         <run_address>0x387e</run_address>
         <size>0x146</size>
         <input_file_ref idref="fl-143"/>
      </object_component>
      <object_component id="oc-b2">
         <name>.debug_info</name>
         <load_address>0x39c4</load_address>
         <run_address>0x39c4</run_address>
         <size>0x2c</size>
         <input_file_ref idref="fl-140"/>
      </object_component>
      <object_component id="oc-b9">
         <name>.debug_info</name>
         <load_address>0x39f0</load_address>
         <run_address>0x39f0</run_address>
         <size>0x2c</size>
         <input_file_ref idref="fl-142"/>
      </object_component>
      <object_component id="oc-c4">
         <name>.debug_info</name>
         <load_address>0x3a1c</load_address>
         <run_address>0x3a1c</run_address>
         <size>0x18b</size>
         <input_file_ref idref="fl-10"/>
      </object_component>
      <object_component id="oc-c9">
         <name>.debug_info</name>
         <load_address>0x3ba7</load_address>
         <run_address>0x3ba7</run_address>
         <size>0x1d1</size>
         <input_file_ref idref="fl-12"/>
      </object_component>
      <object_component id="oc-cb">
         <name>.debug_info</name>
         <load_address>0x3d78</load_address>
         <run_address>0x3d78</run_address>
         <size>0xff</size>
         <input_file_ref idref="fl-10"/>
      </object_component>
      <object_component id="oc-d1">
         <name>.debug_info</name>
         <load_address>0x3e77</load_address>
         <run_address>0x3e77</run_address>
         <size>0x4e6</size>
         <input_file_ref idref="fl-5"/>
      </object_component>
      <object_component id="oc-d9">
         <name>.debug_info</name>
         <load_address>0x435d</load_address>
         <run_address>0x435d</run_address>
         <size>0x1b6</size>
         <input_file_ref idref="fl-151"/>
      </object_component>
      <object_component id="oc-de">
         <name>.debug_info</name>
         <load_address>0x4513</load_address>
         <run_address>0x4513</run_address>
         <size>0x1cd</size>
         <input_file_ref idref="fl-151"/>
      </object_component>
      <object_component id="oc-e3">
         <name>.debug_info</name>
         <load_address>0x46e0</load_address>
         <run_address>0x46e0</run_address>
         <size>0x1e2</size>
         <input_file_ref idref="fl-151"/>
      </object_component>
      <object_component id="oc-e8">
         <name>.debug_info</name>
         <load_address>0x48c2</load_address>
         <run_address>0x48c2</run_address>
         <size>0x273</size>
         <input_file_ref idref="fl-14"/>
      </object_component>
      <object_component id="oc-ed">
         <name>.debug_info</name>
         <load_address>0x4b35</load_address>
         <run_address>0x4b35</run_address>
         <size>0x205</size>
         <input_file_ref idref="fl-14"/>
      </object_component>
      <object_component id="oc-f2">
         <name>.debug_info</name>
         <load_address>0x4d3a</load_address>
         <run_address>0x4d3a</run_address>
         <size>0x21e</size>
         <input_file_ref idref="fl-14"/>
      </object_component>
      <object_component id="oc-f7">
         <name>.debug_info</name>
         <load_address>0x4f58</load_address>
         <run_address>0x4f58</run_address>
         <size>0x22b</size>
         <input_file_ref idref="fl-14"/>
      </object_component>
      <object_component id="oc-fc">
         <name>.debug_info</name>
         <load_address>0x5183</load_address>
         <run_address>0x5183</run_address>
         <size>0x229</size>
         <input_file_ref idref="fl-14"/>
      </object_component>
      <object_component id="oc-101">
         <name>.debug_info</name>
         <load_address>0x53ac</load_address>
         <run_address>0x53ac</run_address>
         <size>0x223</size>
         <input_file_ref idref="fl-14"/>
      </object_component>
      <object_component id="oc-106">
         <name>.debug_info</name>
         <load_address>0x55cf</load_address>
         <run_address>0x55cf</run_address>
         <size>0x21f</size>
         <input_file_ref idref="fl-14"/>
      </object_component>
      <object_component id="oc-10b">
         <name>.debug_info</name>
         <load_address>0x57ee</load_address>
         <run_address>0x57ee</run_address>
         <size>0x24e</size>
         <input_file_ref idref="fl-14"/>
      </object_component>
      <object_component id="oc-110">
         <name>.debug_info</name>
         <load_address>0x5a3c</load_address>
         <run_address>0x5a3c</run_address>
         <size>0x244</size>
         <input_file_ref idref="fl-14"/>
      </object_component>
      <object_component id="oc-115">
         <name>.debug_info</name>
         <load_address>0x5c80</load_address>
         <run_address>0x5c80</run_address>
         <size>0x22b</size>
         <input_file_ref idref="fl-14"/>
      </object_component>
      <object_component id="oc-11a">
         <name>.debug_info</name>
         <load_address>0x5eab</load_address>
         <run_address>0x5eab</run_address>
         <size>0x291</size>
         <input_file_ref idref="fl-14"/>
      </object_component>
      <object_component id="oc-11f">
         <name>.debug_info</name>
         <load_address>0x613c</load_address>
         <run_address>0x613c</run_address>
         <size>0x41e</size>
         <input_file_ref idref="fl-14"/>
      </object_component>
      <object_component id="oc-120">
         <name>.debug_info</name>
         <load_address>0x655a</load_address>
         <run_address>0x655a</run_address>
         <size>0x18b</size>
         <input_file_ref idref="fl-14"/>
      </object_component>
      <object_component id="oc-128">
         <name>.debug_info</name>
         <load_address>0x66e5</load_address>
         <run_address>0x66e5</run_address>
         <size>0x148</size>
         <input_file_ref idref="fl-150"/>
      </object_component>
      <object_component id="oc-12a">
         <name>.debug_info</name>
         <load_address>0x682d</load_address>
         <run_address>0x682d</run_address>
         <size>0x188</size>
         <input_file_ref idref="fl-7"/>
      </object_component>
      <object_component id="oc-12f">
         <name>.debug_info</name>
         <load_address>0x69b5</load_address>
         <run_address>0x69b5</run_address>
         <size>0x371</size>
         <input_file_ref idref="fl-7"/>
      </object_component>
      <object_component id="oc-134">
         <name>.debug_info</name>
         <load_address>0x6d26</load_address>
         <run_address>0x6d26</run_address>
         <size>0x347</size>
         <input_file_ref idref="fl-7"/>
      </object_component>
      <object_component id="oc-139">
         <name>.debug_info</name>
         <load_address>0x706d</load_address>
         <run_address>0x706d</run_address>
         <size>0x23c</size>
         <input_file_ref idref="fl-7"/>
      </object_component>
      <object_component id="oc-13e">
         <name>.debug_info</name>
         <load_address>0x72a9</load_address>
         <run_address>0x72a9</run_address>
         <size>0x14b</size>
         <input_file_ref idref="fl-3"/>
      </object_component>
      <object_component id="oc-143">
         <name>.debug_info</name>
         <load_address>0x73f4</load_address>
         <run_address>0x73f4</run_address>
         <size>0x2ad</size>
         <input_file_ref idref="fl-7"/>
      </object_component>
      <object_component id="oc-14a">
         <name>.debug_info</name>
         <load_address>0x76a1</load_address>
         <run_address>0x76a1</run_address>
         <size>0x5e</size>
         <input_file_ref idref="fl-14e"/>
      </object_component>
      <object_component id="oc-150">
         <name>.debug_info</name>
         <load_address>0x76ff</load_address>
         <run_address>0x76ff</run_address>
         <size>0x1d4</size>
         <input_file_ref idref="fl-14d"/>
      </object_component>
      <object_component id="oc-156">
         <name>.debug_info</name>
         <load_address>0x78d3</load_address>
         <run_address>0x78d3</run_address>
         <size>0xd9</size>
         <input_file_ref idref="fl-14d"/>
      </object_component>
      <object_component id="oc-15b">
         <name>.debug_info</name>
         <load_address>0x79ac</load_address>
         <run_address>0x79ac</run_address>
         <size>0x90</size>
         <input_file_ref idref="fl-10"/>
      </object_component>
      <object_component id="oc-164">
         <name>.debug_info</name>
         <load_address>0x7a3c</load_address>
         <run_address>0x7a3c</run_address>
         <size>0x1e2</size>
         <input_file_ref idref="fl-10"/>
      </object_component>
      <object_component id="oc-165">
         <name>.debug_info</name>
         <load_address>0x7c1e</load_address>
         <run_address>0x7c1e</run_address>
         <size>0x574</size>
         <input_file_ref idref="fl-5"/>
      </object_component>
      <object_component id="oc-167">
         <name>.debug_info</name>
         <load_address>0x8192</load_address>
         <run_address>0x8192</run_address>
         <size>0x1b7</size>
         <input_file_ref idref="fl-151"/>
      </object_component>
      <object_component id="oc-16c">
         <name>.debug_info</name>
         <load_address>0x8349</load_address>
         <run_address>0x8349</run_address>
         <size>0x1b8</size>
         <input_file_ref idref="fl-151"/>
      </object_component>
      <object_component id="oc-175">
         <name>.debug_info</name>
         <load_address>0x8501</load_address>
         <run_address>0x8501</run_address>
         <size>0x232</size>
         <input_file_ref idref="fl-151"/>
      </object_component>
      <object_component id="oc-17c">
         <name>.debug_info</name>
         <load_address>0x8733</load_address>
         <run_address>0x8733</run_address>
         <size>0x1e2</size>
         <input_file_ref idref="fl-151"/>
      </object_component>
      <object_component id="oc-186">
         <name>.debug_info</name>
         <load_address>0x8915</load_address>
         <run_address>0x8915</run_address>
         <size>0x90</size>
         <input_file_ref idref="fl-14"/>
      </object_component>
      <object_component id="oc-18b">
         <name>.debug_info</name>
         <load_address>0x89a5</load_address>
         <run_address>0x89a5</run_address>
         <size>0x4e6</size>
         <input_file_ref idref="fl-14"/>
      </object_component>
      <object_component id="oc-192">
         <name>.debug_info</name>
         <load_address>0x8e8b</load_address>
         <run_address>0x8e8b</run_address>
         <size>0xcd</size>
         <input_file_ref idref="fl-150"/>
      </object_component>
      <object_component id="oc-198">
         <name>.debug_info</name>
         <load_address>0x8f58</load_address>
         <run_address>0x8f58</run_address>
         <size>0x39b</size>
         <input_file_ref idref="fl-3"/>
      </object_component>
      <object_component id="oc-19d">
         <name>.debug_info</name>
         <load_address>0x92f3</load_address>
         <run_address>0x92f3</run_address>
         <size>0x1dd</size>
         <input_file_ref idref="fl-7"/>
      </object_component>
      <object_component id="oc-1a3">
         <name>.debug_info</name>
         <load_address>0x94d0</load_address>
         <run_address>0x94d0</run_address>
         <size>0x219</size>
         <input_file_ref idref="fl-5"/>
      </object_component>
      <object_component id="oc-1a8">
         <name>.debug_info</name>
         <load_address>0x96e9</load_address>
         <run_address>0x96e9</run_address>
         <size>0x1a9</size>
         <input_file_ref idref="fl-5"/>
      </object_component>
      <object_component id="oc-1ad">
         <name>.debug_info</name>
         <load_address>0x9892</load_address>
         <run_address>0x9892</run_address>
         <size>0x20a</size>
         <input_file_ref idref="fl-3"/>
      </object_component>
      <object_component id="oc-1b2">
         <name>.debug_info</name>
         <load_address>0x9a9c</load_address>
         <run_address>0x9a9c</run_address>
         <size>0x159</size>
         <input_file_ref idref="fl-5"/>
      </object_component>
      <object_component id="oc-1b7">
         <name>.debug_info</name>
         <load_address>0x9bf5</load_address>
         <run_address>0x9bf5</run_address>
         <size>0xdf</size>
         <input_file_ref idref="fl-148"/>
      </object_component>
      <object_component id="oc-1bb">
         <name>.debug_info</name>
         <load_address>0x9cd4</load_address>
         <run_address>0x9cd4</run_address>
         <size>0x255</size>
         <input_file_ref idref="fl-3"/>
      </object_component>
      <object_component id="oc-1c0">
         <name>.debug_info</name>
         <load_address>0x9f29</load_address>
         <run_address>0x9f29</run_address>
         <size>0x15f</size>
         <input_file_ref idref="fl-5"/>
      </object_component>
      <object_component id="oc-1c5">
         <name>.debug_info</name>
         <load_address>0xa088</load_address>
         <run_address>0xa088</run_address>
         <size>0x157</size>
         <input_file_ref idref="fl-3"/>
      </object_component>
      <object_component id="oc-1ca">
         <name>.debug_info</name>
         <load_address>0xa1df</load_address>
         <run_address>0xa1df</run_address>
         <size>0xdf</size>
         <input_file_ref idref="fl-149"/>
      </object_component>
      <object_component id="oc-1ce">
         <name>.debug_info</name>
         <load_address>0xa2be</load_address>
         <run_address>0xa2be</run_address>
         <size>0x18b</size>
         <input_file_ref idref="fl-3"/>
      </object_component>
      <object_component id="oc-1d6">
         <name>.debug_info</name>
         <load_address>0xa449</load_address>
         <run_address>0xa449</run_address>
         <size>0x18e</size>
         <input_file_ref idref="fl-2"/>
      </object_component>
      <object_component id="oc-1db">
         <name>.debug_info</name>
         <load_address>0xa5d7</load_address>
         <run_address>0xa5d7</run_address>
         <size>0x14d</size>
         <input_file_ref idref="fl-2"/>
      </object_component>
      <object_component id="oc-1e0">
         <name>.debug_info</name>
         <load_address>0xa724</load_address>
         <run_address>0xa724</run_address>
         <size>0x14b</size>
         <input_file_ref idref="fl-2"/>
      </object_component>
      <object_component id="oc-1e3">
         <name>.debug_info</name>
         <load_address>0xa86f</load_address>
         <run_address>0xa86f</run_address>
         <size>0x1ad</size>
         <input_file_ref idref="fl-7"/>
      </object_component>
      <object_component id="oc-1e9">
         <name>.debug_info</name>
         <load_address>0xaa1c</load_address>
         <run_address>0xaa1c</run_address>
         <size>0xff</size>
         <input_file_ref idref="fl-144"/>
      </object_component>
      <object_component id="oc-1ee">
         <name>.debug_info</name>
         <load_address>0xab1b</load_address>
         <run_address>0xab1b</run_address>
         <size>0x17d</size>
         <input_file_ref idref="fl-2"/>
      </object_component>
      <object_component id="oc-1f2">
         <name>.debug_info</name>
         <load_address>0xac98</load_address>
         <run_address>0xac98</run_address>
         <size>0x1e0</size>
         <input_file_ref idref="fl-6"/>
      </object_component>
      <object_component id="oc-1f9">
         <name>.debug_info</name>
         <load_address>0xae78</load_address>
         <run_address>0xae78</run_address>
         <size>0x1ac</size>
         <input_file_ref idref="fl-3"/>
      </object_component>
      <object_component id="oc-206">
         <name>.debug_info</name>
         <load_address>0xb024</load_address>
         <run_address>0xb024</run_address>
         <size>0x1f8</size>
         <input_file_ref idref="fl-5"/>
      </object_component>
      <object_component id="oc-211">
         <name>.debug_info</name>
         <load_address>0xb21c</load_address>
         <run_address>0xb21c</run_address>
         <size>0x193</size>
         <input_file_ref idref="fl-4"/>
      </object_component>
      <object_component id="oc-216">
         <name>.debug_info</name>
         <load_address>0xb3af</load_address>
         <run_address>0xb3af</run_address>
         <size>0x1c7</size>
         <input_file_ref idref="fl-4"/>
      </object_component>
      <object_component id="oc-21b">
         <name>.debug_info</name>
         <load_address>0xb576</load_address>
         <run_address>0xb576</run_address>
         <size>0x1c3</size>
         <input_file_ref idref="fl-4"/>
      </object_component>
      <object_component id="oc-220">
         <name>.debug_info</name>
         <load_address>0xb739</load_address>
         <run_address>0xb739</run_address>
         <size>0x157</size>
         <input_file_ref idref="fl-3"/>
      </object_component>
      <object_component id="oc-225">
         <name>.debug_info</name>
         <load_address>0xb890</load_address>
         <run_address>0xb890</run_address>
         <size>0x1a0</size>
         <input_file_ref idref="fl-3"/>
      </object_component>
      <object_component id="oc-22a">
         <name>.debug_info</name>
         <load_address>0xba30</load_address>
         <run_address>0xba30</run_address>
         <size>0x2a0</size>
         <input_file_ref idref="fl-3"/>
      </object_component>
      <object_component id="oc-232">
         <name>.debug_info</name>
         <load_address>0xbcd0</load_address>
         <run_address>0xbcd0</run_address>
         <size>0x1e1</size>
         <input_file_ref idref="fl-10"/>
      </object_component>
      <object_component id="oc-236">
         <name>.debug_info</name>
         <load_address>0xbeb1</load_address>
         <run_address>0xbeb1</run_address>
         <size>0x1e4</size>
         <input_file_ref idref="fl-12"/>
      </object_component>
      <object_component id="oc-23b">
         <name>.debug_info</name>
         <load_address>0xc095</load_address>
         <run_address>0xc095</run_address>
         <size>0x1e3</size>
         <input_file_ref idref="fl-12"/>
      </object_component>
      <object_component id="oc-240">
         <name>.debug_info</name>
         <load_address>0xc278</load_address>
         <run_address>0xc278</run_address>
         <size>0x1dd</size>
         <input_file_ref idref="fl-12"/>
      </object_component>
      <object_component id="oc-245">
         <name>.debug_info</name>
         <load_address>0xc455</load_address>
         <run_address>0xc455</run_address>
         <size>0x1a2</size>
         <input_file_ref idref="fl-11"/>
      </object_component>
      <object_component id="oc-24a">
         <name>.debug_info</name>
         <load_address>0xc5f7</load_address>
         <run_address>0xc5f7</run_address>
         <size>0x2b4</size>
         <input_file_ref idref="fl-14"/>
      </object_component>
      <object_component id="oc-24f">
         <name>.debug_info</name>
         <load_address>0xc8ab</load_address>
         <run_address>0xc8ab</run_address>
         <size>0x293</size>
         <input_file_ref idref="fl-15"/>
      </object_component>
      <object_component id="oc-254">
         <name>.debug_info</name>
         <load_address>0xcb3e</load_address>
         <run_address>0xcb3e</run_address>
         <size>0x121</size>
         <input_file_ref idref="fl-5"/>
      </object_component>
      <object_component id="oc-256">
         <name>.debug_info</name>
         <load_address>0xcc5f</load_address>
         <run_address>0xcc5f</run_address>
         <size>0x1c4</size>
         <input_file_ref idref="fl-5"/>
      </object_component>
      <object_component id="oc-25d">
         <name>.debug_info</name>
         <load_address>0xce23</load_address>
         <run_address>0xce23</run_address>
         <size>0x24f</size>
         <input_file_ref idref="fl-15"/>
      </object_component>
      <object_component id="oc-262">
         <name>.debug_info</name>
         <load_address>0xd072</load_address>
         <run_address>0xd072</run_address>
         <size>0x215</size>
         <input_file_ref idref="fl-15"/>
      </object_component>
      <object_component id="oc-267">
         <name>.debug_info</name>
         <load_address>0xd287</load_address>
         <run_address>0xd287</run_address>
         <size>0x221</size>
         <input_file_ref idref="fl-15"/>
      </object_component>
      <object_component id="oc-270">
         <name>.debug_info</name>
         <load_address>0xd4a8</load_address>
         <run_address>0xd4a8</run_address>
         <size>0x157</size>
         <input_file_ref idref="fl-3"/>
      </object_component>
      <object_component id="oc-275">
         <name>.debug_info</name>
         <load_address>0xd5ff</load_address>
         <run_address>0xd5ff</run_address>
         <size>0x157</size>
         <input_file_ref idref="fl-3"/>
      </object_component>
      <object_component id="oc-27e">
         <name>.debug_info</name>
         <load_address>0xd756</load_address>
         <run_address>0xd756</run_address>
         <size>0xdb</size>
         <input_file_ref idref="fl-145"/>
      </object_component>
      <object_component id="oc-282">
         <name>.debug_info</name>
         <load_address>0xd831</load_address>
         <run_address>0xd831</run_address>
         <size>0x17e</size>
         <input_file_ref idref="fl-3"/>
      </object_component>
      <object_component id="oc-287">
         <name>.debug_info</name>
         <load_address>0xd9af</load_address>
         <run_address>0xd9af</run_address>
         <size>0xe1</size>
         <input_file_ref idref="fl-147"/>
      </object_component>
      <object_component id="oc-28b">
         <name>.debug_info</name>
         <load_address>0xda90</load_address>
         <run_address>0xda90</run_address>
         <size>0x229</size>
         <input_file_ref idref="fl-3"/>
      </object_component>
      <object_component id="oc-290">
         <name>.debug_info</name>
         <load_address>0xdcb9</load_address>
         <run_address>0xdcb9</run_address>
         <size>0xed</size>
         <input_file_ref idref="fl-146"/>
      </object_component>
      <object_component id="oc-29b">
         <name>.debug_info</name>
         <load_address>0xdda6</load_address>
         <run_address>0xdda6</run_address>
         <size>0x1a9</size>
         <input_file_ref idref="fl-4"/>
      </object_component>
      <object_component id="oc-2a4">
         <name>.debug_info</name>
         <load_address>0xdf4f</load_address>
         <run_address>0xdf4f</run_address>
         <size>0x18b</size>
         <input_file_ref idref="fl-4"/>
      </object_component>
      <object_component id="oc-2ac">
         <name>.debug_info</name>
         <load_address>0xe0da</load_address>
         <run_address>0xe0da</run_address>
         <size>0x164</size>
         <input_file_ref idref="fl-3"/>
      </object_component>
      <object_component id="oc-2b1">
         <name>.debug_info</name>
         <load_address>0xe23e</load_address>
         <run_address>0xe23e</run_address>
         <size>0x158</size>
         <input_file_ref idref="fl-3"/>
      </object_component>
      <object_component id="oc-2b8">
         <name>.debug_info</name>
         <load_address>0xe396</load_address>
         <run_address>0xe396</run_address>
         <size>0x184</size>
         <input_file_ref idref="fl-4"/>
      </object_component>
      <object_component id="oc-2c1">
         <name>.debug_info</name>
         <load_address>0xe51a</load_address>
         <run_address>0xe51a</run_address>
         <size>0x10d</size>
         <input_file_ref idref="fl-12"/>
      </object_component>
      <object_component id="oc-2c4">
         <name>.debug_info</name>
         <load_address>0xe627</load_address>
         <run_address>0xe627</run_address>
         <size>0x215</size>
         <input_file_ref idref="fl-12"/>
      </object_component>
      <object_component id="oc-2c9">
         <name>.debug_info</name>
         <load_address>0xe83c</load_address>
         <run_address>0xe83c</run_address>
         <size>0x265</size>
         <input_file_ref idref="fl-12"/>
      </object_component>
      <object_component id="oc-2d1">
         <name>.debug_info</name>
         <load_address>0xeaa1</load_address>
         <run_address>0xeaa1</run_address>
         <size>0x176</size>
         <input_file_ref idref="fl-13"/>
      </object_component>
      <object_component id="oc-2d6">
         <name>.debug_info</name>
         <load_address>0xec17</load_address>
         <run_address>0xec17</run_address>
         <size>0x24c</size>
         <input_file_ref idref="fl-151"/>
      </object_component>
      <object_component id="oc-2db">
         <name>.debug_info</name>
         <load_address>0xee63</load_address>
         <run_address>0xee63</run_address>
         <size>0x1cc</size>
         <input_file_ref idref="fl-11"/>
      </object_component>
      <object_component id="oc-2e0">
         <name>.debug_info</name>
         <load_address>0xf02f</load_address>
         <run_address>0xf02f</run_address>
         <size>0x1fe</size>
         <input_file_ref idref="fl-151"/>
      </object_component>
      <object_component id="oc-2e6">
         <name>.debug_info</name>
         <load_address>0xf22d</load_address>
         <run_address>0xf22d</run_address>
         <size>0x3e8</size>
         <input_file_ref idref="fl-14"/>
      </object_component>
      <object_component id="oc-2eb">
         <name>.debug_info</name>
         <load_address>0xf615</load_address>
         <run_address>0xf615</run_address>
         <size>0x244</size>
         <input_file_ref idref="fl-15"/>
      </object_component>
      <object_component id="oc-2f0">
         <name>.debug_info</name>
         <load_address>0xf859</load_address>
         <run_address>0xf859</run_address>
         <size>0x32e</size>
         <input_file_ref idref="fl-15"/>
      </object_component>
      <object_component id="oc-2fc">
         <name>.debug_info</name>
         <load_address>0xfb87</load_address>
         <run_address>0xfb87</run_address>
         <size>0x19a</size>
         <input_file_ref idref="fl-3"/>
      </object_component>
      <object_component id="oc-303">
         <name>.debug_info</name>
         <load_address>0xfd21</load_address>
         <run_address>0xfd21</run_address>
         <size>0x188</size>
         <input_file_ref idref="fl-3"/>
      </object_component>
      <object_component id="oc-318">
         <name>.debug_info</name>
         <load_address>0xfea9</load_address>
         <run_address>0xfea9</run_address>
         <size>0x1b2</size>
         <input_file_ref idref="fl-151"/>
      </object_component>
      <object_component id="oc-31e">
[...]
         <name>__TI_CINIT_Limit</name>
         <value>0x23d0</value>
      </symbol>
      <symbol id="sm-4">
         <name>__TI_Handler_Table_Base</name>
         <value>0x23a8</value>
      </symbol>
      <symbol id="sm-5">
         <name>__TI_Handler_Table_Limit</name>
         <value>0x23b4</value>
      </symbol>
      <symbol id="sm-6">
         <name>binit</name>
         <value>0xffffffff</value>
      </symbol>
      <symbol id="sm-7">
         <name>__binit__</name>
         <value>0xffffffff</value>
      </symbol>
      <symbol id="sm-8">
         <name>__STACK_SIZE</name>
         <value>0x100</value>
      </symbol>
      <symbol id="sm-9">
         <name>__STACK_END</name>
         <value>0x20000288</value>
      </symbol>
      <symbol id="sm-a">
         <name>__c_args__</name>
         <value>0xffffffff</value>
      </symbol>
      <symbol id="sm-44">
         <name>relayToggle</name>
         <value>0x200d</value>
         <object_component_ref idref="oc-1eb"/>
      </symbol>
      <symbol id="sm-45">
         <name>relayOn</name>
         <value>0x21c1</value>
         <object_component_ref idref="oc-1dd"/>
      </symbol>
      <symbol id="sm-46">
         <name>relayOff</name>
         <value>0x21b5</value>
         <object_component_ref idref="oc-1d8"/>
      </symbol>
      <symbol id="sm-47">
         <name>relayInit</name>
         <value>0x1fe9</value>
         <object_component_ref idref="oc-1d3"/>
      </symbol>
      <symbol id="sm-f0">
         <name>_lcdInited</name>
         <value>0x20000168</value>
      </symbol>
      <symbol id="sm-f1">
         <name>_lcdPortControl</name>
         <value>0x2000016c</value>
      </symbol>
      <symbol id="sm-f2">
         <name>_lcdPortDataUpper</name>
         <value>0x20000174</value>
      </symbol>
      <symbol id="sm-f3">
         <name>_lcdPortDataLower</name>
         <value>0x20000170</value>
      </symbol>
      <symbol id="sm-f4">
         <name>lcdWriteCommit</name>
         <value>0x1f99</value>
         <object_component_ref idref="oc-2b0"/>
      </symbol>
      <symbol id="sm-f5">
         <name>lcdWriteDigits</name>
         <value>0xe49</value>
         <object_component_ref idref="oc-28a"/>
      </symbol>
      <symbol id="sm-f6">
         <name>lcdWriteNumber</name>
         <value>0x1505</value>
         <object_component_ref idref="oc-1ba"/>
      </symbol>
      <symbol id="sm-f7">
         <name>lcdWriteCommand</name>
         <value>0x2051</value>
         <object_component_ref idref="oc-1f8"/>
      </symbol>
      <symbol id="sm-f8">
         <name>lcdWriteString</name>
         <value>0x206d</value>
         <object_component_ref idref="oc-1cd"/>
      </symbol>
      <symbol id="sm-f9">
         <name>lcdWriteData</name>
         <value>0x1fc1</value>
         <object_component_ref idref="oc-2fb"/>
      </symbol>
      <symbol id="sm-fa">
         <name>lcdWriteStringInLine</name>
         <value>0x1ee7</value>
         <object_component_ref idref="oc-1ac"/>
      </symbol>
      <symbol id="sm-fb">
         <name>lcdWriteLine</name>
         <value>0x1eb9</value>
         <object_component_ref idref="oc-224"/>
      </symbol>
      <symbol id="sm-fc">
         <name>lcdWriteToPort</name>
         <value>0x1e89</value>
         <object_component_ref idref="oc-2ab"/>
      </symbol>
      <symbol id="sm-fd">
         <name>lcdClear</name>
         <value>0x2211</value>
         <object_component_ref idref="oc-13d"/>
      </symbol>
      <symbol id="sm-fe">
         <name>lcdCursorLine2</name>
         <value>0x221d</value>
         <object_component_ref idref="oc-274"/>
      </symbol>
      <symbol id="sm-ff">
         <name>lcdCursorLine3</name>
         <value>0x2223</value>
         <object_component_ref idref="oc-26f"/>
      </symbol>
      <symbol id="sm-100">
         <name>lcdCursorLine1</name>
         <value>0x2217</value>
         <object_component_ref idref="oc-21f"/>
      </symbol>
      <symbol id="sm-101">
         <name>lcdCursorLine4</name>
         <value>0x2229</value>
         <object_component_ref idref="oc-1c4"/>
      </symbol>
      <symbol id="sm-102">
         <name>lcdInit</name>
         <value>0xd81</value>
         <object_component_ref idref="oc-197"/>
      </symbol>
      <symbol id="sm-103">
         <name>lcdWriteLetter</name>
         <value>0x2241</value>
         <object_component_ref idref="oc-281"/>
      </symbol>
      <symbol id="sm-104">
         <name>lcdWriteSingleDigit</name>
         <value>0x222f</value>
         <object_component_ref idref="oc-302"/>
      </symbol>
      <symbol id="sm-134">
         <name>gpioSetDigitalEnable</name>
         <value>0x211b</value>
         <object_component_ref idref="oc-21a"/>
      </symbol>
      <symbol id="sm-135">
         <name>gpioSetDirection</name>
         <value>0x214d</value>
         <object_component_ref idref="oc-215"/>
      </symbol>
      <symbol id="sm-136">
         <name>gpioGetData</name>
         <value>0x21a9</value>
         <object_component_ref idref="oc-2a3"/>
      </symbol>
      <symbol id="sm-137">
         <name>gpioSetMasterEnable</name>
         <value>0x1b9d</value>
         <object_component_ref idref="oc-210"/>
      </symbol>
      <symbol id="sm-138">
         <name>gpioSetData</name>
         <value>0x213d</value>
         <object_component_ref idref="oc-29a"/>
      </symbol>
      <symbol id="sm-193">
         <name>bmpTemperature</name>
         <value>0x20000184</value>
      </symbol>
      <symbol id="sm-194">
         <name>bmpPressure</name>
         <value>0x20000180</value>
      </symbol>
      <symbol id="sm-195">
         <name>bmp085_dataFlag</name>
         <value>0x2000017c</value>
      </symbol>
      <symbol id="sm-196">
         <name>TII2C_ModuleInstance</name>
         <value>0x20000000</value>
         <object_component_ref idref="oc-92"/>
      </symbol>
      <symbol id="sm-197">
         <name>bmp085GetTemperature</name>
         <value>0x2191</value>
         <object_component_ref idref="oc-1bf"/>
      </symbol>
      <symbol id="sm-198">
         <name>bmp085Init</name>
         <value>0x12f1</value>
         <object_component_ref idref="oc-1a2"/>
      </symbol>
      <symbol id="sm-199">
         <name>bmp085GetPressure</name>
         <value>0x2185</value>
         <object_component_ref idref="oc-1b1"/>
      </symbol>
      <symbol id="sm-19a">
         <name>TIBMP085_AppInstance</name>
         <value>0x20000124</value>
         <object_component_ref idref="oc-253"/>
      </symbol>
      <symbol id="sm-19b">
         <name>bmp085I2CIntHandler</name>
         <value>0x219d</value>
         <object_component_ref idref="oc-3d"/>
      </symbol>
      <symbol id="sm-19c">
         <name>bmp085AppCallback</name>
         <value>0x212d</value>
         <object_component_ref idref="oc-255"/>
      </symbol>
      <symbol id="sm-19d">
         <name>bmp085DataRead</name>
         <value>0x1ced</value>
         <object_component_ref idref="oc-1a7"/>
      </symbol>
      <symbol id="sm-1be">
         <name>bluetoothEventCount</name>
         <value>0x20000178</value>
      </symbol>
      <symbol id="sm-1bf">
         <name>bluetoothInterruptHandler</name>
         <value>0x1401</value>
         <object_component_ref idref="oc-38"/>
      </symbol>
      <symbol id="sm-1c0">
         <name>bluetoothInit</name>
         <value>0x1079</value>
         <object_component_ref idref="oc-1f1"/>
      </symbol>
      <symbol id="sm-245">
         <name>ABTestRelay</name>
         <value>0x7ed</value>
         <object_component_ref idref="oc-133"/>
      </symbol>
      <symbol id="sm-246">
         <name>ABTestLog</name>
         <value>0x1605</value>
         <object_component_ref idref="oc-142"/>
      </symbol>
      <symbol id="sm-247">
         <name>ABTestBT</name>
         <value>0xcb1</value>
         <object_component_ref idref="oc-138"/>
      </symbol>
      <symbol id="sm-248">
         <name>ABTestLCD</name>
         <value>0x194d</value>
         <object_component_ref idref="oc-129"/>
      </symbol>
      <symbol id="sm-249">
         <name>ABTestDelay</name>
         <value>0x18fd</value>
         <object_component_ref idref="oc-19c"/>
      </symbol>
      <symbol id="sm-24a">
         <name>ABTestLogLineClear</name>
         <value>0x1da9</value>
         <object_component_ref idref="oc-1e2"/>
      </symbol>
      <symbol id="sm-24b">
         <name>ABTestBMP</name>
         <value>0x96d</value>
         <object_component_ref idref="oc-12e"/>
      </symbol>
      <symbol id="sm-278">
         <name>ResetISR</name>
         <value>0x21ff</value>
         <object_component_ref idref="oc-24"/>
      </symbol>
      <symbol id="sm-279">
         <name>g_pfnVectors</name>
         <value>0x0</value>
         <object_component_ref idref="oc-e"/>
      </symbol>
      <symbol id="sm-28a">
         <name>main</name>
         <value>0x1be1</value>
         <object_component_ref idref="oc-a2"/>
      </symbol>
      <symbol id="sm-2be">
         <name>SysCtlDelay</name>
         <value>0x2205</value>
         <object_component_ref idref="oc-82"/>
      </symbol>
      <symbol id="sm-2bf">
         <name>SysCtlPeripheralEnable</name>
         <value>0x1e55</value>
         <object_component_ref idref="oc-230"/>
      </symbol>
      <symbol id="sm-2c0">
         <name>SysCtlClockGet</name>
         <value>0xfc5</value>
         <object_component_ref idref="oc-7d"/>
      </symbol>
      <symbol id="sm-315">
         <name>IntIsEnabled</name>
         <value>0x166d</value>
         <object_component_ref idref="oc-322"/>
      </symbol>
      <symbol id="sm-316">
         <name>IntEnable</name>
         <value>0x1731</value>
         <object_component_ref idref="oc-2da"/>
      </symbol>
      <symbol id="sm-317">
         <name>IntTrigger</name>
         <value>0x2179</value>
         <object_component_ref idref="oc-32c"/>
      </symbol>
      <symbol id="sm-318">
         <name>IntDisable</name>
         <value>0x16d1</value>
         <object_component_ref idref="oc-327"/>
      </symbol>
      <symbol id="sm-319">
         <name>IntMasterEnable</name>
         <value>0x21d7</value>
         <object_component_ref idref="oc-244"/>
      </symbol>
      <symbol id="sm-352">
         <name>GPIOPinConfigure</name>
         <value>0x19ed</value>
         <object_component_ref idref="oc-235"/>
      </symbol>
      <symbol id="sm-353">
         <name>GPIOPinTypeI2CSCL</name>
         <value>0x20f7</value>
         <object_component_ref idref="oc-23a"/>
      </symbol>
      <symbol id="sm-354">
         <name>GPIOPinTypeI2C</name>
         <value>0x20e5</value>
         <object_component_ref idref="oc-23f"/>
      </symbol>
      <symbol id="sm-355">
         <name>GPIODirModeSet</name>
         <value>0x1f43</value>
         <object_component_ref idref="oc-2c3"/>
      </symbol>
      <symbol id="sm-356">
         <name>GPIOPinWrite</name>
         <value>0x21f9</value>
         <object_component_ref idref="oc-78"/>
      </symbol>
      <symbol id="sm-357">
         <name>GPIOPadConfigSet</name>
         <value>0xf0d</value>
         <object_component_ref idref="oc-2c8"/>
      </symbol>
      <symbol id="sm-360">
         <name>CPUcpsie</name>
         <value>0x216b</value>
         <object_component_ref idref="oc-2cf"/>
      </symbol>
      <symbol id="sm-41e">
         <name>I2CMCommand</name>
         <value>0x137d</value>
         <object_component_ref idref="oc-2e5"/>
      </symbol>
      <symbol id="sm-41f">
         <name>I2CMInit</name>
         <value>0x1e1f</value>
         <object_component_ref idref="oc-249"/>
      </symbol>
      <symbol id="sm-420">
         <name>I2CMIntHandler</name>
         <value>0xbc5</value>
         <object_component_ref idref="oc-8d"/>
      </symbol>
      <symbol id="sm-486">
         <name>BMP180DataPressureGetFloat</name>
         <value>0x26d</value>
         <object_component_ref idref="oc-266"/>
      </symbol>
      <symbol id="sm-487">
         <name>BMP180DataTemperatureGetFloat</name>
         <value>0x1485</value>
         <object_component_ref idref="oc-261"/>
      </symbol>
      <symbol id="sm-488">
         <name>BMP180DataRead</name>
         <value>0x184d</value>
         <object_component_ref idref="oc-25c"/>
      </symbol>
      <symbol id="sm-489">
         <name>BMP180Init</name>
         <value>0x18a5</value>
         <object_component_ref idref="oc-24e"/>
      </symbol>
      <symbol id="sm-498">
         <name>_c_int00</name>
         <value>0x1ac5</value>
         <object_component_ref idref="oc-10"/>
      </symbol>
      <symbol id="sm-499">
         <name>__stack</name>
         <value>0x20000188</value>
         <object_component_ref idref="oc-23"/>
      </symbol>
      <symbol id="sm-4af">
         <name>__TI_decompress_none</name>
         <value>0x215d</value>
         <object_component_ref idref="oc-14"/>
      </symbol>
      <symbol id="sm-4d1">
         <name>__TI_decompress_rle24</name>
         <value>0x220b</value>
         <object_component_ref idref="oc-1e"/>
      </symbol>
      <symbol id="sm-4e9">
         <name>__TI_zero_init</name>
         <value>0x2109</value>
         <object_component_ref idref="oc-19"/>
      </symbol>
      <symbol id="sm-505">
         <name>C$$EXIT</name>
         <value>0x1c69</value>
         <object_component_ref idref="oc-4e"/>
      </symbol>
      <symbol id="sm-506">
         <name>abort</name>
         <value>0x1c6d</value>
         <object_component_ref idref="oc-4e"/>
      </symbol>
      <symbol id="sm-507">
         <name>exit</name>
         <value>0x1c75</value>
         <object_component_ref idref="oc-4e"/>
      </symbol>
      <symbol id="sm-508">
         <name>__TI_dtors_ptr</name>
         <value>0x20000294</value>
         <object_component_ref idref="oc-ab"/>
      </symbol>
      <symbol id="sm-509">
         <name>__TI_cleanup_ptr</name>
         <value>0x20000290</value>
         <object_component_ref idref="oc-ab"/>
      </symbol>
      <symbol id="sm-51f">
         <name>__aeabi_dsub</name>
         <value>0x635</value>
         <object_component_ref idref="oc-1e7"/>
      </symbol>
      <symbol id="sm-520">
         <name>__aeabi_dadd</name>
         <value>0x63f</value>
         <object_component_ref idref="oc-1e7"/>
      </symbol>
      <symbol id="sm-531">
         <name>__aeabi_cdcmpeq</name>
         <value>0x1585</value>
         <object_component_ref idref="oc-27d"/>
      </symbol>
      <symbol id="sm-532">
         <name>__aeabi_cdcmple</name>
         <value>0x1585</value>
         <object_component_ref idref="oc-27d"/>
      </symbol>
      <symbol id="sm-53c">
         <name>__aeabi_dmul</name>
         <value>0xac9</value>
         <object_component_ref idref="oc-28f"/>
      </symbol>
      <symbol id="sm-545">
         <name>__aeabi_d2iz</name>
         <value>0x1b0d</value>
         <object_component_ref idref="oc-286"/>
      </symbol>
      <symbol id="sm-54f">
         <name>__aeabi_f2d</name>
         <value>0x1de7</value>
         <object_component_ref idref="oc-1b6"/>
      </symbol>
      <symbol id="sm-558">
         <name>__aeabi_i2d</name>
         <value>0x1f15</value>
         <object_component_ref idref="oc-1c9"/>
      </symbol>
      <symbol id="sm-572">
         <name>memcpy</name>
         <value>0x1129</value>
         <object_component_ref idref="oc-56"/>
      </symbol>
      <symbol id="sm-573">
         <name>__aeabi_memcpy</name>
         <value>0x1129</value>
         <object_component_ref idref="oc-56"/>
      </symbol>
      <symbol id="sm-574">
         <name>__aeabi_memcpy8</name>
         <value>0x1129</value>
         <object_component_ref idref="oc-56"/>
      </symbol>
      <symbol id="sm-575">
         <name>__aeabi_memcpy4</name>
         <value>0x1129</value>
         <object_component_ref idref="oc-56"/>
      </symbol>
      <symbol id="sm-57c">
         <name>main_func_sp</name>
         <value>0x20000298</value>
         <object_component_ref idref="oc-53"/>
      </symbol>
      <symbol id="sm-593">
         <name>_nop</name>
         <value>0x20df</value>
         <object_component_ref idref="oc-14f"/>
      </symbol>
      <symbol id="sm-594">
         <name>_lock</name>
         <value>0x20000288</value>
         <object_component_ref idref="oc-a9"/>
      </symbol>
      <symbol id="sm-595">
         <name>_unlock</name>
         <value>0x2000028c</value>
         <object_component_ref idref="oc-a9"/>
      </symbol>
      <symbol id="sm-596">
         <name>_register_lock</name>
         <value>0x20d7</value>
         <object_component_ref idref="oc-14f"/>
      </symbol>
      <symbol id="sm-597">
         <name>_register_unlock</name>
         <value>0x20d1</value>
         <object_component_ref idref="oc-14f"/>
      </symbol>
      <symbol id="sm-5aa">
         <name>_args_main</name>
         <value>0x20a1</value>
         <object_component_ref idref="oc-49"/>
      </symbol>
      <symbol id="sm-5c6">
         <name>__TI_auto_init</name>
         <value>0x125d</value>
         <object_component_ref idref="oc-45"/>
      </symbol>
      <symbol id="sm-5de">
         <name>copy_in</name>
         <value>0x1c25</value>
         <object_component_ref idref="oc-9c"/>
      </symbol>
      <symbol id="sm-628">
         <name>I2CMasterDataPut</name>
         <value>0x223d</value>
         <object_component_ref idref="oc-17b"/>
      </symbol>
      <symbol id="sm-629">
         <name>I2CMasterInitExpClk</name>
         <value>0x1a7d</value>
         <object_component_ref idref="oc-2d5"/>
      </symbol>
      <symbol id="sm-62a">
         <name>I2CMasterSlaveAddrSet</name>
         <value>0x21f1</value>
         <object_component_ref idref="oc-174"/>
      </symbol>
      <symbol id="sm-62b">
         <name>I2CMasterDataGet</name>
         <value>0x2239</value>
         <object_component_ref idref="oc-16b"/>
      </symbol>
      <symbol id="sm-62c">
         <name>I2CMasterIntEnableEx</name>
         <value>0x21e9</value>
         <object_component_ref idref="oc-2df"/>
      </symbol>
      <symbol id="sm-62d">
         <name>I2CMasterErr</name>
         <value>0x20b9</value>
         <object_component_ref idref="oc-dd"/>
      </symbol>
      <symbol id="sm-62e">
         <name>I2CMasterControl</name>
         <value>0x2235</value>
         <object_component_ref idref="oc-e2"/>
      </symbol>
      <symbol id="sm-62f">
         <name>I2CMasterEnable</name>
         <value>0x21cd</value>
         <object_component_ref idref="oc-317"/>
      </symbol>
      <symbol id="sm-630">
         <name>I2CMasterIntClear</name>
         <value>0x21e1</value>
         <object_component_ref idref="oc-d8"/>
      </symbol>
      <symbol id="sm-631">
         <name>__TI_static_base__</name>
         <value>0x0</value>
      </symbol>
      <symbol id="sm-632">
         <name>__TI_args_main</name>
         <value>0x1</value>
      </symbol>
      <symbol id="sm-633">
         <name>SHT$$INIT_ARRAY$$Limit</name>
         <value>0x0</value>
      </symbol>
      <symbol id="sm-634">
         <name>SHT$$INIT_ARRAY$$Base</name>
         <value>0x0</value>
      </symbol>
   </symbol_table>
   <title>Link successful</title>
</link_info>
