<?xml version="1.0"?>
<link_info>
   <banner>TI ARM Linker PC v5.1.1</banner>
   <copyright>Copyright (c) 1996-2013 Texas Instruments Incorporated</copyright>
   <link_time>0x530a89b9</link_time>
   <link_errors>0x0</link_errors>
   <output_file>Aerobal-v1.0.out</output_file>
   <entry_point>
      <name>_c_int00</name>
      <address>0x1b39</address>
   </entry_point>
   <input_file_list>
      <input_file id="fl-2">
         <path>.\a.lib\</path>
         <kind>object</kind>
         <file>relay.obj</file>
         <name>relay.obj</name>
      </input_file>
      <input_file id="fl-3">
         <path>.\a.lib\</path>
         <kind>object</kind>
         <file>lcd.obj</file>
         <name>lcd.obj</name>
      </input_file>
      <input_file id="fl-4">
         <path>.\a.lib\</path>
         <kind>object</kind>
         <file>gpio.obj</file>
         <name>gpio.obj</name>
      </input_file>
      <input_file id="fl-5">
         <path>.\a.lib\</path>
         <kind>object</kind>
         <file>dht11.obj</file>
         <name>dht11.obj</name>
      </input_file>
      <input_file id="fl-6">
         <path>.\a.lib\</path>
         <kind>object</kind>
         <file>bmp085.obj</file>
         <name>bmp085.obj</name>
      </input_file>
      <input_file id="fl-7">
         <path>.\a.lib\</path>
         <kind>object</kind>
         <file>bluetooth.obj</file>
         <name>bluetooth.obj</name>
      </input_file>
      <input_file id="fl-8">
         <path>.\a.lib\</path>
         <kind>object</kind>
         <file>ABTest.obj</file>
         <name>ABTest.obj</name>
      </input_file>
      <input_file id="fl-9">
         <path>.\utils\</path>
         <kind>object</kind>
         <file>uartstdio.obj</file>
         <name>uartstdio.obj</name>
      </input_file>
      <input_file id="fl-a">
         <path>.\</path>
         <kind>object</kind>
         <file>startup_ccs.obj</file>
         <name>startup_ccs.obj</name>
      </input_file>
      <input_file id="fl-b">
         <path>.\</path>
         <kind>object</kind>
         <file>main.obj</file>
         <name>main.obj</name>
      </input_file>
      <input_file id="fl-11">
         <path>C:\ti\TivaWare_C_Series-1.0\examples\boards\ek-tm4c123gxl\project0\ccs\..\..\..\..\..\driverlib\ccs\Debug\</path>
         <kind>archive</kind>
         <file>driverlib.lib</file>
         <name>timer.obj</name>
      </input_file>
      <input_file id="fl-12">
         <path>C:\ti\TivaWare_C_Series-1.0\examples\boards\ek-tm4c123gxl\project0\ccs\..\..\..\..\..\driverlib\ccs\Debug\</path>
         <kind>archive</kind>
         <file>driverlib.lib</file>
         <name>sysctl.obj</name>
      </input_file>
      <input_file id="fl-13">
         <path>C:\ti\TivaWare_C_Series-1.0\examples\boards\ek-tm4c123gxl\project0\ccs\..\..\..\..\..\driverlib\ccs\Debug\</path>
         <kind>archive</kind>
         <file>driverlib.lib</file>
         <name>interrupt.obj</name>
      </input_file>
      <input_file id="fl-14">
         <path>C:\ti\TivaWare_C_Series-1.0\examples\boards\ek-tm4c123gxl\project0\ccs\..\..\..\..\..\driverlib\ccs\Debug\</path>
         <kind>archive</kind>
         <file>driverlib.lib</file>
         <name>gpio.obj</name>
      </input_file>
      <input_file id="fl-15">
         <path>C:\ti\TivaWare_C_Series-1.0\examples\boards\ek-tm4c123gxl\project0\ccs\..\..\..\..\..\driverlib\ccs\Debug\</path>
         <kind>archive</kind>
         <file>driverlib.lib</file>
         <name>cpu.obj</name>
      </input_file>
      <input_file id="fl-16">
         <path>C:\ti\TivaWare_C_Series-1.0\examples\boards\ek-tm4c123gxl\project0\ccs\..\..\..\..\..\sensorlib\ccs\Debug\</path>
         <kind>archive</kind>
         <file>sensorlib.lib</file>
         <name>i2cm_drv.obj</name>
      </input_file>
      <input_file id="fl-17">
         <path>C:\ti\TivaWare_C_Series-1.0\examples\boards\ek-tm4c123gxl\project0\ccs\..\..\..\..\..\sensorlib\ccs\Debug\</path>
         <kind>archive</kind>
         <file>sensorlib.lib</file>
         <name>bmp180.obj</name>
      </input_file>
      <input_file id="fl-141">
         <path>C:\ti\ccsv5\tools\compiler\arm_5.1.1\lib\</path>
         <kind>archive</kind>
         <file>rtsv7M4_T_le_v4SPD16_eabi.lib</file>
         <name>boot.obj</name>
      </input_file>
      <input_file id="fl-142">
         <path>C:\ti\ccsv5\tools\compiler\arm_5.1.1\lib\</path>
         <kind>archive</kind>
         <file>rtsv7M4_T_le_v4SPD16_eabi.lib</file>
         <name>copy_decompress_none.obj</name>
      </input_file>
      <input_file id="fl-143">
         <path>C:\ti\ccsv5\tools\compiler\arm_5.1.1\lib\</path>
         <kind>archive</kind>
         <file>rtsv7M4_T_le_v4SPD16_eabi.lib</file>
         <name>copy_decompress_rle.obj</name>
      </input_file>
      <input_file id="fl-144">
         <path>C:\ti\ccsv5\tools\compiler\arm_5.1.1\lib\</path>
         <kind>archive</kind>
         <file>rtsv7M4_T_le_v4SPD16_eabi.lib</file>
         <name>copy_zero_init.obj</name>
      </input_file>
      <input_file id="fl-145">
         <path>C:\ti\ccsv5\tools\compiler\arm_5.1.1\lib\</path>
         <kind>archive</kind>
         <file>rtsv7M4_T_le_v4SPD16_eabi.lib</file>
         <name>exit.obj</name>
      </input_file>
      <input_file id="fl-146">
         <path>C:\ti\ccsv5\tools\compiler\arm_5.1.1\lib\</path>
         <kind>archive</kind>
         <file>rtsv7M4_T_le_v4SPD16_eabi.lib</file>
         <name>fd_add_t2.obj</name>
      </input_file>
      <input_file id="fl-147">
         <path>C:\ti\ccsv5\tools\compiler\arm_5.1.1\lib\</path>
         <kind>archive</kind>
         <file>rtsv7M4_T_le_v4SPD16_eabi.lib</file>
         <name>fd_cmp_t2.obj</name>
      </input_file>
      <input_file id="fl-148">
         <path>C:\ti\ccsv5\tools\compiler\arm_5.1.1\lib\</path>
         <kind>archive</kind>
         <file>rtsv7M4_T_le_v4SPD16_eabi.lib</file>
         <name>fd_mul_t2.obj</name>
      </input_file>
      <input_file id="fl-149">
         <path>C:\ti\ccsv5\tools\compiler\arm_5.1.1\lib\</path>
         <kind>archive</kind>
         <file>rtsv7M4_T_le_v4SPD16_eabi.lib</file>
         <name>fd_toi_t2.obj</name>
      </input_file>
      <input_file id="fl-14a">
         <path>C:\ti\ccsv5\tools\compiler\arm_5.1.1\lib\</path>
         <kind>archive</kind>
         <file>rtsv7M4_T_le_v4SPD16_eabi.lib</file>
         <name>fs_tod_t2.obj</name>
      </input_file>
      <input_file id="fl-14b">
         <path>C:\ti\ccsv5\tools\compiler\arm_5.1.1\lib\</path>
         <kind>archive</kind>
         <file>rtsv7M4_T_le_v4SPD16_eabi.lib</file>
         <name>i_tofd_t2.obj</name>
      </input_file>
      <input_file id="fl-14c">
         <path>C:\ti\ccsv5\tools\compiler\arm_5.1.1\lib\</path>
         <kind>archive</kind>
         <file>rtsv7M4_T_le_v4SPD16_eabi.lib</file>
         <name>memcpy_t2.obj</name>
      </input_file>
      <input_file id="fl-14d">
         <path>C:\ti\ccsv5\tools\compiler\arm_5.1.1\lib\</path>
         <kind>archive</kind>
         <file>rtsv7M4_T_le_v4SPD16_eabi.lib</file>
         <name>stkdepth_vars.obj</name>
      </input_file>
      <input_file id="fl-14e">
         <path>C:\ti\ccsv5\tools\compiler\arm_5.1.1\lib\</path>
         <kind>archive</kind>
         <file>rtsv7M4_T_le_v4SPD16_eabi.lib</file>
         <name>u_divt2.obj</name>
      </input_file>
      <input_file id="fl-14f">
         <path>C:\ti\ccsv5\tools\compiler\arm_5.1.1\lib\</path>
         <kind>archive</kind>
         <file>rtsv7M4_T_le_v4SPD16_eabi.lib</file>
         <name>_lock.obj</name>
      </input_file>
      <input_file id="fl-150">
         <path>C:\ti\ccsv5\tools\compiler\arm_5.1.1\lib\</path>
         <kind>archive</kind>
         <file>rtsv7M4_T_le_v4SPD16_eabi.lib</file>
         <name>args_main.obj</name>
      </input_file>
      <input_file id="fl-151">
         <path>C:\ti\ccsv5\tools\compiler\arm_5.1.1\lib\</path>
         <kind>archive</kind>
         <file>rtsv7M4_T_le_v4SPD16_eabi.lib</file>
         <name>auto_init.obj</name>
      </input_file>
      <input_file id="fl-152">
         <path>C:\ti\ccsv5\tools\compiler\arm_5.1.1\lib\</path>
         <kind>archive</kind>
         <file>rtsv7M4_T_le_v4SPD16_eabi.lib</file>
         <name>cpy_tbl.obj</name>
      </input_file>
      <input_file id="fl-153">
         <path>C:\ti\TivaWare_C_Series-1.0\examples\boards\ek-tm4c123gxl\project0\ccs\..\..\..\..\..\driverlib\ccs\Debug\</path>
         <kind>archive</kind>
         <file>driverlib.lib</file>
         <name>i2c.obj</name>
      </input_file>
   </input_file_list>
   <object_component_list>
      <object_component id="oc-e">
         <name>.intvecs</name>
         <load_address>0x0</load_address>
         <run_address>0x0</run_address>
         <size>0x26c</size>
         <input_file_ref idref="fl-a"/>
      </object_component>
      <object_component id="oc-267">
         <name>.text:BMP180DataPressureGetFloat</name>
         <load_address>0x26c</load_address>
         <run_address>0x26c</run_address>
         <size>0x1ec</size>
         <input_file_ref idref="fl-17"/>
      </object_component>
      <object_component id="oc-2ed">
         <name>.text:BMP180Callback</name>
         <load_address>0x458</load_address>
         <run_address>0x458</run_address>
         <size>0x1dc</size>
         <input_file_ref idref="fl-17"/>
      </object_component>
      <object_component id="oc-1e7">
         <name>.text</name>
         <load_address>0x634</load_address>
         <run_address>0x634</run_address>
         <size>0x1b6</size>
         <input_file_ref idref="fl-146"/>
      </object_component>
      <object_component id="oc-2e">
         <name>.text:FaultISR</name>
         <load_address>0x7ea</load_address>
         <run_address>0x7ea</run_address>
         <size>0x2</size>
         <input_file_ref idref="fl-a"/>
      </object_component>
      <object_component id="oc-133">
         <name>.text:ABTestRelay</name>
         <load_address>0x7ec</load_address>
         <run_address>0x7ec</run_address>
         <size>0x180</size>
         <input_file_ref idref="fl-8"/>
      </object_component>
      <object_component id="oc-12e">
         <name>.text:ABTestBMP</name>
         <load_address>0x96c</load_address>
         <run_address>0x96c</run_address>
         <size>0x168</size>
         <input_file_ref idref="fl-8"/>
      </object_component>
      <object_component id="oc-290">
         <name>.text</name>
         <load_address>0xad4</load_address>
         <run_address>0xad4</run_address>
         <size>0xfc</size>
         <input_file_ref idref="fl-148"/>
      </object_component>
      <object_component id="oc-8d">
         <name>.text:I2CMIntHandler</name>
         <load_address>0xbd0</load_address>
         <run_address>0xbd0</run_address>
         <size>0xea</size>
         <input_file_ref idref="fl-16"/>
      </object_component>
      <object_component id="oc-33">
         <name>.text:IntDefaultHandler</name>
         <load_address>0xcba</load_address>
         <run_address>0xcba</run_address>
         <size>0x2</size>
         <input_file_ref idref="fl-a"/>
      </object_component>
      <object_component id="oc-138">
         <name>.text:ABTestBT</name>
         <load_address>0xcbc</load_address>
         <run_address>0xcbc</run_address>
         <size>0xd0</size>
         <input_file_ref idref="fl-8"/>
      </object_component>
      <object_component id="oc-197">
         <name>.text:lcdInit</name>
         <load_address>0xd8c</load_address>
         <run_address>0xd8c</run_address>
         <size>0xc8</size>
         <input_file_ref idref="fl-3"/>
      </object_component>
      <object_component id="oc-28b">
         <name>.text:lcdWriteDigits</name>
         <load_address>0xe54</load_address>
         <run_address>0xe54</run_address>
         <size>0xc4</size>
         <input_file_ref idref="fl-3"/>
      </object_component>
      <object_component id="oc-2cb">
         <name>.text:GPIOPadConfigSet</name>
         <load_address>0xf18</load_address>
         <run_address>0xf18</run_address>
         <size>0xb8</size>
         <input_file_ref idref="fl-14"/>
      </object_component>
      <object_component id="oc-7d">
         <name>.text:SysCtlClockGet</name>
         <load_address>0xfd0</load_address>
         <run_address>0xfd0</run_address>
         <size>0xb4</size>
         <input_file_ref idref="fl-12"/>
      </object_component>
      <object_component id="oc-1f1">
         <name>.text:bluetoothInit</name>
         <load_address>0x1084</load_address>
         <run_address>0x1084</run_address>
         <size>0xb0</size>
         <input_file_ref idref="fl-7"/>
      </object_component>
      <object_component id="oc-56">
         <name>.text</name>
         <load_address>0x1134</load_address>
         <run_address>0x1134</run_address>
         <size>0x9c</size>
         <input_file_ref idref="fl-14c"/>
      </object_component>
      <object_component id="oc-119">
         <name>.text:I2CMStateIdle</name>
         <load_address>0x11d0</load_address>
         <run_address>0x11d0</run_address>
         <size>0x98</size>
         <input_file_ref idref="fl-16"/>
      </object_component>
      <object_component id="oc-45">
         <name>.text</name>
         <load_address>0x1268</load_address>
         <run_address>0x1268</run_address>
         <size>0x94</size>
         <input_file_ref idref="fl-151"/>
      </object_component>
      <object_component id="oc-1a2">
         <name>.text:bmp085Init</name>
         <load_address>0x12fc</load_address>
         <run_address>0x12fc</run_address>
         <size>0x8c</size>
         <input_file_ref idref="fl-6"/>
      </object_component>
      <object_component id="oc-2e8">
         <name>.text:I2CMCommand</name>
         <load_address>0x1388</load_address>
         <run_address>0x1388</run_address>
         <size>0x84</size>
         <input_file_ref idref="fl-16"/>
      </object_component>
      <object_component id="oc-38">
         <name>.text:bluetoothInterruptHandler</name>
         <load_address>0x140c</load_address>
         <run_address>0x140c</run_address>
         <size>0x84</size>
         <input_file_ref idref="fl-7"/>
      </object_component>
      <object_component id="oc-262">
         <name>.text:BMP180DataTemperatureGetFloat</name>
         <load_address>0x1490</load_address>
         <run_address>0x1490</run_address>
         <size>0x80</size>
         <input_file_ref idref="fl-17"/>
      </object_component>
      <object_component id="oc-1ba">
         <name>.text:lcdWriteNumber</name>
         <load_address>0x1510</load_address>
         <run_address>0x1510</run_address>
         <size>0x80</size>
         <input_file_ref idref="fl-3"/>
      </object_component>
      <object_component id="oc-27e">
         <name>.text:__aeabi_cdcmple</name>
         <load_address>0x1590</load_address>
         <run_address>0x1590</run_address>
         <size>0x7e</size>
         <input_file_ref idref="fl-147"/>
      </object_component>
      <object_component id="oc-29">
         <name>.text:NmiSR</name>
         <load_address>0x160e</load_address>
         <run_address>0x160e</run_address>
         <size>0x2</size>
         <input_file_ref idref="fl-a"/>
      </object_component>
      <object_component id="oc-a2">
         <name>.text:main</name>
         <load_address>0x1610</load_address>
         <run_address>0x1610</run_address>
         <size>0x68</size>
         <input_file_ref idref="fl-b"/>
      </object_component>
      <object_component id="oc-142">
         <name>.text:ABTestLog</name>
         <load_address>0x1678</load_address>
         <run_address>0x1678</run_address>
         <size>0x65</size>
         <input_file_ref idref="fl-8"/>
      </object_component>
      <object_component id="oc-325">
         <name>.text:IntIsEnabled</name>
         <load_address>0x16e0</load_address>
         <run_address>0x16e0</run_address>
         <size>0x64</size>
         <input_file_ref idref="fl-13"/>
      </object_component>
      <object_component id="oc-32a">
         <name>.text:IntDisable</name>
         <load_address>0x1744</load_address>
         <run_address>0x1744</run_address>
         <size>0x60</size>
         <input_file_ref idref="fl-13"/>
      </object_component>
      <object_component id="oc-2dd">
         <name>.text:IntEnable</name>
         <load_address>0x17a4</load_address>
         <run_address>0x17a4</run_address>
         <size>0x60</size>
         <input_file_ref idref="fl-13"/>
      </object_component>
      <object_component id="oc-10a">
         <name>.text:I2CMStateWritePause</name>
         <load_address>0x1804</load_address>
         <run_address>0x1804</run_address>
         <size>0x5e</size>
         <input_file_ref idref="fl-16"/>
      </object_component>
      <object_component id="oc-68">
         <name>.text</name>
         <load_address>0x1862</load_address>
         <run_address>0x1862</run_address>
         <size>0x5e</size>
         <input_file_ref idref="fl-143"/>
      </object_component>
      <object_component id="oc-25d">
         <name>.text:BMP180DataRead</name>
         <load_address>0x18c0</load_address>
         <run_address>0x18c0</run_address>
         <size>0x58</size>
         <input_file_ref idref="fl-17"/>
      </object_component>
      <object_component id="oc-24f">
         <name>.text:BMP180Init</name>
         <load_address>0x1918</load_address>
         <run_address>0x1918</run_address>
         <size>0x58</size>
         <input_file_ref idref="fl-17"/>
      </object_component>
      <object_component id="oc-19c">
         <name>.text:ABTestDelay</name>
         <load_address>0x1970</load_address>
         <run_address>0x1970</run_address>
         <size>0x50</size>
         <input_file_ref idref="fl-8"/>
      </object_component>
      <object_component id="oc-129">
         <name>.text:ABTestLCD</name>
         <load_address>0x19c0</load_address>
         <run_address>0x19c0</run_address>
         <size>0x50</size>
         <input_file_ref idref="fl-8"/>
      </object_component>
      <object_component id="oc-10f">
         <name>.text:I2CMStateWriteFinal</name>
         <load_address>0x1a10</load_address>
         <run_address>0x1a10</run_address>
         <size>0x4e</size>
         <input_file_ref idref="fl-16"/>
      </object_component>
      <object_component id="oc-236">
         <name>.text:GPIOPinConfigure</name>
         <load_address>0x1a60</load_address>
         <run_address>0x1a60</run_address>
         <size>0x48</size>
         <input_file_ref idref="fl-14"/>
      </object_component>
      <object_component id="oc-fb">
         <name>.text:I2CMStateReadNext</name>
         <load_address>0x1aa8</load_address>
         <run_address>0x1aa8</run_address>
         <size>0x48</size>
         <input_file_ref idref="fl-16"/>
      </object_component>
      <object_component id="oc-2d8">
         <name>.text:I2CMasterInitExpClk</name>
         <load_address>0x1af0</load_address>
         <run_address>0x1af0</run_address>
         <size>0x48</size>
         <input_file_ref idref="fl-153"/>
      </object_component>
      <object_component id="oc-10">
         <name>.text</name>
         <load_address>0x1b38</load_address>
         <run_address>0x1b38</run_address>
         <size>0x48</size>
         <input_file_ref idref="fl-141"/>
      </object_component>
      <object_component id="oc-287">
         <name>.text</name>
         <load_address>0x1b80</load_address>
         <run_address>0x1b80</run_address>
         <size>0x48</size>
         <input_file_ref idref="fl-149"/>
      </object_component>
      <object_component id="oc-114">
         <name>.text:I2CMStateWriteNext</name>
         <load_address>0x1bc8</load_address>
         <run_address>0x1bc8</run_address>
         <size>0x46</size>
         <input_file_ref idref="fl-16"/>
      </object_component>
      <object_component id="oc-210">
         <name>.text:gpioSetMasterEnable</name>
         <load_address>0x1c10</load_address>
         <run_address>0x1c10</run_address>
         <size>0x44</size>
         <input_file_ref idref="fl-4"/>
      </object_component>
      <object_component id="oc-9c">
         <name>.text</name>
         <load_address>0x1c54</load_address>
         <run_address>0x1c54</run_address>
         <size>0x44</size>
         <input_file_ref idref="fl-152"/>
      </object_component>
      <object_component id="oc-4e">
         <name>.text</name>
         <load_address>0x1c98</load_address>
         <run_address>0x1c98</run_address>
         <size>0x44</size>
         <input_file_ref idref="fl-145"/>
      </object_component>
      <object_component id="oc-e7">
         <name>.text:I2CMStateCallback</name>
         <load_address>0x1cdc</load_address>
         <run_address>0x1cdc</run_address>
         <size>0x40</size>
         <input_file_ref idref="fl-16"/>
      </object_component>
      <object_component id="oc-1a7">
         <name>.text:bmp085DataRead</name>
         <load_address>0x1d1c</load_address>
         <run_address>0x1d1c</run_address>
         <size>0x40</size>
         <input_file_ref idref="fl-6"/>
      </object_component>
      <object_component id="oc-f6">
         <name>.text:I2CMStateReadFinal</name>
         <load_address>0x1d5c</load_address>
         <run_address>0x1d5c</run_address>
         <size>0x3e</size>
         <input_file_ref idref="fl-16"/>
      </object_component>
      <object_component id="oc-f1">
         <name>.text:I2CMStateReadPause</name>
         <load_address>0x1d9a</load_address>
         <run_address>0x1d9a</run_address>
         <size>0x3e</size>
         <input_file_ref idref="fl-16"/>
      </object_component>
      <object_component id="oc-1e2">
         <name>.text:ABTestLogLineClear</name>
         <load_address>0x1dd8</load_address>
         <run_address>0x1dd8</run_address>
         <size>0x3d</size>
         <input_file_ref idref="fl-8"/>
      </object_component>
      <object_component id="oc-1b6">
         <name>.text</name>
         <load_address>0x1e16</load_address>
         <run_address>0x1e16</run_address>
         <size>0x38</size>
         <input_file_ref idref="fl-14a"/>
      </object_component>
      <object_component id="oc-24a">
         <name>.text:I2CMInit</name>
         <load_address>0x1e4e</load_address>
         <run_address>0x1e4e</run_address>
         <size>0x34</size>
         <input_file_ref idref="fl-16"/>
      </object_component>
      <object_component id="oc-231">
         <name>.text:SysCtlPeripheralEnable</name>
         <load_address>0x1e84</load_address>
         <run_address>0x1e84</run_address>
         <size>0x34</size>
         <input_file_ref idref="fl-12"/>
      </object_component>
      <object_component id="oc-2ac">
         <name>.text:lcdWriteToPort</name>
         <load_address>0x1eb8</load_address>
         <run_address>0x1eb8</run_address>
         <size>0x30</size>
         <input_file_ref idref="fl-3"/>
      </object_component>
      <object_component id="oc-224">
         <name>.text:lcdWriteLine</name>
         <load_address>0x1ee8</load_address>
         <run_address>0x1ee8</run_address>
         <size>0x2e</size>
         <input_file_ref idref="fl-3"/>
      </object_component>
      <object_component id="oc-1ac">
         <name>.text:lcdWriteStringInLine</name>
         <load_address>0x1f16</load_address>
         <run_address>0x1f16</run_address>
         <size>0x2e</size>
         <input_file_ref idref="fl-3"/>
      </object_component>
      <object_component id="oc-1c9">
         <name>.text</name>
         <load_address>0x1f44</load_address>
         <run_address>0x1f44</run_address>
         <size>0x2e</size>
         <input_file_ref idref="fl-14b"/>
      </object_component>
      <object_component id="oc-2c6">
         <name>.text:GPIODirModeSet</name>
         <load_address>0x1f72</load_address>
         <run_address>0x1f72</run_address>
         <size>0x2a</size>
         <input_file_ref idref="fl-14"/>
      </object_component>
      <object_component id="oc-100">
         <name>.text:I2CMStateReadFirst</name>
         <load_address>0x1f9c</load_address>
         <run_address>0x1f9c</run_address>
         <size>0x2a</size>
         <input_file_ref idref="fl-16"/>
      </object_component>
      <object_component id="oc-2b1">
         <name>.text:lcdWriteCommit</name>
         <load_address>0x1fc8</load_address>
         <run_address>0x1fc8</run_address>
         <size>0x28</size>
         <input_file_ref idref="fl-3"/>
      </object_component>
      <object_component id="oc-2fe">
         <name>.text:lcdWriteData</name>
         <load_address>0x1ff0</load_address>
         <run_address>0x1ff0</run_address>
         <size>0x28</size>
         <input_file_ref idref="fl-3"/>
      </object_component>
      <object_component id="oc-1d3">
         <name>.text:relayInit</name>
         <load_address>0x2018</load_address>
         <run_address>0x2018</run_address>
         <size>0x24</size>
         <input_file_ref idref="fl-2"/>
      </object_component>
      <object_component id="oc-1eb">
         <name>.text:relayToggle</name>
         <load_address>0x203c</load_address>
         <run_address>0x203c</run_address>
         <size>0x22</size>
         <input_file_ref idref="fl-2"/>
      </object_component>
      <object_component id="oc-105">
         <name>.text:I2CMStateReadOne</name>
         <load_address>0x205e</load_address>
         <run_address>0x205e</run_address>
         <size>0x20</size>
         <input_file_ref idref="fl-16"/>
      </object_component>
      <object_component id="oc-1f8">
         <name>.text:lcdWriteCommand</name>
         <load_address>0x2080</load_address>
         <run_address>0x2080</run_address>
         <size>0x1c</size>
         <input_file_ref idref="fl-3"/>
      </object_component>
      <object_component id="oc-1cd">
         <name>.text:lcdWriteString</name>
         <load_address>0x209c</load_address>
         <run_address>0x209c</run_address>
         <size>0x1a</size>
         <input_file_ref idref="fl-3"/>
      </object_component>
      <object_component id="oc-ec">
         <name>.text:I2CMStateReadWait</name>
         <load_address>0x20b6</load_address>
         <run_address>0x20b6</run_address>
         <size>0x18</size>
         <input_file_ref idref="fl-16"/>
      </object_component>
      <object_component id="oc-49">
         <name>.text</name>
         <load_address>0x20d0</load_address>
         <run_address>0x20d0</run_address>
         <size>0x18</size>
         <input_file_ref idref="fl-150"/>
      </object_component>
      <object_component id="oc-dd">
         <name>.text:I2CMasterErr</name>
         <load_address>0x20e8</load_address>
         <run_address>0x20e8</run_address>
         <size>0x16</size>
         <input_file_ref idref="fl-153"/>
      </object_component>
      <object_component id="oc-14f">
         <name>.text</name>
         <load_address>0x2100</load_address>
         <run_address>0x2100</run_address>
         <size>0x14</size>
         <input_file_ref idref="fl-14f"/>
      </object_component>
      <object_component id="oc-240">
         <name>.text:GPIOPinTypeI2C</name>
         <load_address>0x2114</load_address>
         <run_address>0x2114</run_address>
         <size>0x12</size>
         <input_file_ref idref="fl-14"/>
      </object_component>
      <object_component id="oc-23b">
         <name>.text:GPIOPinTypeI2CSCL</name>
         <load_address>0x2126</load_address>
         <run_address>0x2126</run_address>
         <size>0x12</size>
         <input_file_ref idref="fl-14"/>
      </object_component>
      <object_component id="oc-19">
         <name>.text:decompress:ZI</name>
         <load_address>0x2138</load_address>
         <run_address>0x2138</run_address>
         <size>0x12</size>
         <input_file_ref idref="fl-144"/>
      </object_component>
      <object_component id="oc-21a">
         <name>.text:gpioSetDigitalEnable</name>
         <load_address>0x214a</load_address>
         <run_address>0x214a</run_address>
         <size>0x12</size>
         <input_file_ref idref="fl-4"/>
      </object_component>
      <object_component id="oc-256">
         <name>.text:bmp085AppCallback</name>
         <load_address>0x215c</load_address>
         <run_address>0x215c</run_address>
         <size>0x10</size>
         <input_file_ref idref="fl-6"/>
      </object_component>
      <object_component id="oc-29b">
         <name>.text:gpioSetData</name>
         <load_address>0x216c</load_address>
         <run_address>0x216c</run_address>
         <size>0x10</size>
         <input_file_ref idref="fl-4"/>
      </object_component>
      <object_component id="oc-215">
         <name>.text:gpioSetDirection</name>
         <load_address>0x217c</load_address>
         <run_address>0x217c</run_address>
         <size>0x10</size>
         <input_file_ref idref="fl-4"/>
      </object_component>
      <object_component id="oc-14">
         <name>.text:decompress:none</name>
         <load_address>0x218c</load_address>
         <run_address>0x218c</run_address>
         <size>0xe</size>
         <input_file_ref idref="fl-142"/>
      </object_component>
      <object_component id="oc-2d2">
         <name>.text:CPUcpsie</name>
         <load_address>0x219a</load_address>
         <run_address>0x219a</run_address>
         <size>0xc</size>
         <input_file_ref idref="fl-15"/>
      </object_component>
      <object_component id="oc-32f">
         <name>.text:IntTrigger</name>
         <load_address>0x21a8</load_address>
         <run_address>0x21a8</run_address>
         <size>0xc</size>
         <input_file_ref idref="fl-13"/>
      </object_component>
      <object_component id="oc-1b1">
         <name>.text:bmp085GetPressure</name>
         <load_address>0x21b4</load_address>
         <run_address>0x21b4</run_address>
         <size>0xc</size>
         <input_file_ref idref="fl-6"/>
      </object_component>
      <object_component id="oc-1bf">
         <name>.text:bmp085GetTemperature</name>
         <load_address>0x21c0</load_address>
         <run_address>0x21c0</run_address>
         <size>0xc</size>
         <input_file_ref idref="fl-6"/>
      </object_component>
      <object_component id="oc-3d">
         <name>.text:bmp085I2CIntHandler</name>
         <load_address>0x21cc</load_address>
         <run_address>0x21cc</run_address>
         <size>0xc</size>
         <input_file_ref idref="fl-6"/>
      </object_component>
      <object_component id="oc-2a4">
         <name>.text:gpioGetData</name>
         <load_address>0x21d8</load_address>
         <run_address>0x21d8</run_address>
         <size>0xc</size>
         <input_file_ref idref="fl-4"/>
      </object_component>
      <object_component id="oc-1d8">
         <name>.text:relayOff</name>
         <load_address>0x21e4</load_address>
         <run_address>0x21e4</run_address>
         <size>0xc</size>
         <input_file_ref idref="fl-2"/>
      </object_component>
      <object_component id="oc-1dd">
         <name>.text:relayOn</name>
         <load_address>0x21f0</load_address>
         <run_address>0x21f0</run_address>
         <size>0xc</size>
         <input_file_ref idref="fl-2"/>
      </object_component>
      <object_component id="oc-31a">
         <name>.text:I2CMasterEnable</name>
         <load_address>0x21fc</load_address>
         <run_address>0x21fc</run_address>
         <size>0xa</size>
         <input_file_ref idref="fl-153"/>
      </object_component>
      <object_component id="oc-245">
         <name>.text:IntMasterEnable</name>
         <load_address>0x2206</load_address>
         <run_address>0x2206</run_address>
         <size>0xa</size>
         <input_file_ref idref="fl-13"/>
      </object_component>
      <object_component id="oc-d8">
         <name>.text:I2CMasterIntClear</name>
         <load_address>0x2210</load_address>
         <run_address>0x2210</run_address>
         <size>0x8</size>
         <input_file_ref idref="fl-153"/>
      </object_component>
      <object_component id="oc-2e2">
         <name>.text:I2CMasterIntEnableEx</name>
         <load_address>0x2218</load_address>
         <run_address>0x2218</run_address>
         <size>0x8</size>
         <input_file_ref idref="fl-153"/>
      </object_component>
      <object_component id="oc-174">
         <name>.text:I2CMasterSlaveAddrSet</name>
         <load_address>0x2220</load_address>
         <run_address>0x2220</run_address>
         <size>0x8</size>
         <input_file_ref idref="fl-153"/>
      </object_component>
      <object_component id="oc-78">
         <name>.text:GPIOPinWrite</name>
         <load_address>0x2228</load_address>
         <run_address>0x2228</run_address>
         <size>0x6</size>
         <input_file_ref idref="fl-14"/>
      </object_component>
      <object_component id="oc-24">
         <name>.text:ResetISR</name>
         <load_address>0x222e</load_address>
         <run_address>0x222e</run_address>
         <size>0x6</size>
         <input_file_ref idref="fl-a"/>
      </object_component>
      <object_component id="oc-82">
         <name>.text:SysCtlDelay</name>
         <load_address>0x2234</load_address>
         <run_address>0x2234</run_address>
         <size>0x6</size>
         <input_file_ref idref="fl-12"/>
      </object_component>
      <object_component id="oc-1e">
         <name>.text:decompress:rle24</name>
         <load_address>0x223a</load_address>
         <run_address>0x223a</run_address>
         <size>0x6</size>
         <input_file_ref idref="fl-143"/>
      </object_component>
      <object_component id="oc-13d">
         <name>.text:lcdClear</name>
         <load_address>0x2240</load_address>
         <run_address>0x2240</run_address>
         <size>0x6</size>
         <input_file_ref idref="fl-3"/>
      </object_component>
      <object_component id="oc-21f">
         <name>.text:lcdCursorLine1</name>
         <load_address>0x2246</load_address>
         <run_address>0x2246</run_address>
         <size>0x6</size>
         <input_file_ref idref="fl-3"/>
      </object_component>
      <object_component id="oc-275">
         <name>.text:lcdCursorLine2</name>
         <load_address>0x224c</load_address>
         <run_address>0x224c</run_address>
         <size>0x6</size>
         <input_file_ref idref="fl-3"/>
      </object_component>
      <object_component id="oc-270">
         <name>.text:lcdCursorLine3</name>
         <load_address>0x2252</load_address>
         <run_address>0x2252</run_address>
         <size>0x6</size>
         <input_file_ref idref="fl-3"/>
      </object_component>
      <object_component id="oc-1c4">
         <name>.text:lcdCursorLine4</name>
         <load_address>0x2258</load_address>
         <run_address>0x2258</run_address>
         <size>0x6</size>
         <input_file_ref idref="fl-3"/>
      </object_component>
      <object_component id="oc-305">
         <name>.text:lcdWriteSingleDigit</name>
         <load_address>0x225e</load_address>
         <run_address>0x225e</run_address>
         <size>0x6</size>
         <input_file_ref idref="fl-3"/>
      </object_component>
      <object_component id="oc-e2">
         <name>.text:I2CMasterControl</name>
         <load_address>0x2264</load_address>
         <run_address>0x2264</run_address>
         <size>0x4</size>
         <input_file_ref idref="fl-153"/>
      </object_component>
      <object_component id="oc-16b">
         <name>.text:I2CMasterDataGet</name>
         <load_address>0x2268</load_address>
         <run_address>0x2268</run_address>
         <size>0x4</size>
         <input_file_ref idref="fl-153"/>
      </object_component>
      <object_component id="oc-17b">
         <name>.text:I2CMasterDataPut</name>
         <load_address>0x226c</load_address>
         <run_address>0x226c</run_address>
         <size>0x4</size>
         <input_file_ref idref="fl-153"/>
      </object_component>
      <object_component id="oc-282">
         <name>.text:lcdWriteLetter</name>
         <load_address>0x2270</load_address>
         <run_address>0x2270</run_address>
         <size>0x4</size>
         <input_file_ref idref="fl-3"/>
      </object_component>
      <object_component id="oc-2c3">
         <name>.const:g_pui32GPIOBaseAddrs</name>
         <load_address>0x2274</load_address>
         <run_address>0x2274</run_address>
         <size>0x78</size>
         <input_file_ref idref="fl-14"/>
      </object_component>
      <object_component id="oc-320">
         <name>.const</name>
         <load_address>0x22ec</load_address>
         <run_address>0x22ec</run_address>
         <size>0x70</size>
         <input_file_ref idref="fl-13"/>
      </object_component>
      <object_component id="oc-ca">
         <name>.const:g_pui32Xtals</name>
         <load_address>0x235c</load_address>
         <run_address>0x235c</run_address>
         <size>0x6c</size>
         <input_file_ref idref="fl-12"/>
      </object_component>
      <object_component id="oc-369">
         <name>.cinit..data.load</name>
         <load_address>0x23c8</load_address>
         <run_address>0x23c8</run_address>
         <size>0xf</size>
      </object_component>
      <object_component id="oc-367">
         <name>__TI_handler_table</name>
         <load_address>0x23d8</load_address>
         <run_address>0x23d8</run_address>
         <size>0xc</size>
      </object_component>
      <object_component id="oc-36a">
         <name>.cinit..bss.load</name>
         <load_address>0x23e8</load_address>
         <run_address>0x23e8</run_address>
         <size>0x8</size>
      </object_component>
      <object_component id="oc-368">
         <name>__TI_cinit_table</name>
         <load_address>0x23f0</load_address>
         <run_address>0x23f0</run_address>
         <size>0x10</size>
      </object_component>
      <object_component id="oc-53">
         <name>.data</name>
         <load_address>0x20000298</load_address>
         <run_address>0x20000298</run_address>
         <size>0x4</size>
         <input_file_ref idref="fl-14d"/>
      </object_component>
      <object_component id="oc-a9">
         <name>.data</name>
         <load_address>0x20000288</load_address>
         <run_address>0x20000288</run_address>
         <size>0x8</size>
         <input_file_ref idref="fl-14f"/>
      </object_component>
      <object_component id="oc-ab">
         <name>.data</name>
         <load_address>0x20000290</load_address>
         <run_address>0x20000290</run_address>
         <size>0x8</size>
         <input_file_ref idref="fl-145"/>
      </object_component>
      <object_component id="oc-92">
         <name>.bss:TII2C_ModuleInstance</name>
         <uninitialized>true</uninitialized>
         <run_address>0x20000000</run_address>
         <size>0x124</size>
         <input_file_ref idref="fl-6"/>
      </object_component>
      <object_component id="oc-254">
         <name>.bss:TIBMP085_AppInstance</name>
         <uninitialized>true</uninitialized>
         <run_address>0x20000124</run_address>
         <size>0x44</size>
         <input_file_ref idref="fl-6"/>
      </object_component>
      <object_component id="oc-22e">
         <name>.common:_lcdInited</name>
         <uninitialized>true</uninitialized>
         <run_address>0x20000168</run_address>
         <size>0x4</size>
      </object_component>
      <object_component id="oc-342">
         <name>.common:_lcdPortControl</name>
         <uninitialized>true</uninitialized>
         <run_address>0x2000016c</run_address>
         <size>0x4</size>
      </object_component>
      <object_component id="oc-30e">
         <name>.common:_lcdPortDataUpper</name>
         <uninitialized>true</uninitialized>
         <run_address>0x20000174</run_address>
         <size>0x4</size>
      </object_component>
      <object_component id="oc-30f">
         <name>.common:_lcdPortDataLower</name>
         <uninitialized>true</uninitialized>
         <run_address>0x20000170</run_address>
         <size>0x4</size>
      </object_component>
      <object_component id="oc-295">
         <name>.common:bmpTemperature</name>
         <uninitialized>true</uninitialized>
         <run_address>0x20000184</run_address>
         <size>0x4</size>
      </object_component>
      <object_component id="oc-27b">
         <name>.common:bmpPressure</name>
         <uninitialized>true</uninitialized>
         <run_address>0x20000180</run_address>
         <size>0x4</size>
      </object_component>
      <object_component id="oc-2f6">
         <name>.common:bmp085_dataFlag</name>
         <uninitialized>true</uninitialized>
         <run_address>0x2000017c</run_address>
         <size>0x4</size>
      </object_component>
      <object_component id="oc-2aa">
         <name>.common:bluetoothEventCount</name>
         <uninitialized>true</uninitialized>
         <run_address>0x20000178</run_address>
         <size>0x4</size>
      </object_component>
      <object_component id="oc-23">
         <name>.stack</name>
         <uninitialized>true</uninitialized>
         <run_address>0x20000188</run_address>
         <size>0x0</size>
         <input_file_ref idref="fl-141"/>
      </object_component>
      <object_component id="oc-36b">
         <name>.stack</name>
         <uninitialized>true</uninitialized>
         <run_address>0x20000188</run_address>
         <size>0x0</size>
      </object_component>
      <object_component id="oc-f">
         <name>.debug_info</name>
         <load_address>0x0</load_address>
         <run_address>0x0</run_address>
         <size>0x110</size>
         <input_file_ref idref="fl-a"/>
      </object_component>
      <object_component id="oc-12">
         <name>.debug_info</name>
         <load_address>0x110</load_address>
         <run_address>0x110</run_address>
         <size>0xf3</size>
         <input_file_ref idref="fl-141"/>
      </object_component>
      <object_component id="oc-17">
         <name>.debug_info</name>
         <load_address>0x203</load_address>
         <run_address>0x203</run_address>
         <size>0x194</size>
         <input_file_ref idref="fl-142"/>
      </object_component>
      <object_component id="oc-1a">
         <name>.debug_info</name>
         <load_address>0x397</load_address>
         <run_address>0x397</run_address>
         <size>0x16a</size>
         <input_file_ref idref="fl-144"/>
      </object_component>
      <object_component id="oc-1f">
         <name>.debug_info</name>
         <load_address>0x501</load_address>
         <run_address>0x501</run_address>
         <size>0x18e</size>
         <input_file_ref idref="fl-143"/>
      </object_component>
      <object_component id="oc-25">
         <name>.debug_info</name>
         <load_address>0x68f</load_address>
         <run_address>0x68f</run_address>
         <size>0x140</size>
         <input_file_ref idref="fl-a"/>
      </object_component>
      <object_component id="oc-2a">
         <name>.debug_info</name>
         <load_address>0x7cf</load_address>
         <run_address>0x7cf</run_address>
         <size>0x131</size>
         <input_file_ref idref="fl-a"/>
      </object_component>
      <object_component id="oc-2f">
         <name>.debug_info</name>
         <load_address>0x900</load_address>
         <run_address>0x900</run_address>
         <size>0x137</size>
         <input_file_ref idref="fl-a"/>
      </object_component>
      <object_component id="oc-34">
         <name>.debug_info</name>
         <load_address>0xa37</load_address>
         <run_address>0xa37</run_address>
         <size>0x149</size>
         <input_file_ref idref="fl-a"/>
      </object_component>
      <object_component id="oc-39">
         <name>.debug_info</name>
         <load_address>0xb80</load_address>
         <run_address>0xb80</run_address>
         <size>0x1fb</size>
         <input_file_ref idref="fl-7"/>
      </object_component>
      <object_component id="oc-3e">
         <name>.debug_info</name>
         <load_address>0xd7b</load_address>
         <run_address>0xd7b</run_address>
         <size>0x169</size>
         <input_file_ref idref="fl-6"/>
      </object_component>
      <object_component id="oc-44">
         <name>.debug_info</name>
         <load_address>0xee4</load_address>
         <run_address>0xee4</run_address>
         <size>0x193</size>
         <input_file_ref idref="fl-a"/>
      </object_component>
      <object_component id="oc-47">
         <name>.debug_info</name>
         <load_address>0x1077</load_address>
         <run_address>0x1077</run_address>
         <size>0x13d</size>
         <input_file_ref idref="fl-151"/>
      </object_component>
      <object_component id="oc-4a">
         <name>.debug_info</name>
         <load_address>0x11b4</load_address>
         <run_address>0x11b4</run_address>
         <size>0x11c</size>
         <input_file_ref idref="fl-150"/>
      </object_component>
      <object_component id="oc-4f">
         <name>.debug_info</name>
         <load_address>0x12d0</load_address>
         <run_address>0x12d0</run_address>
         <size>0x1c2</size>
         <input_file_ref idref="fl-145"/>
      </object_component>
      <object_component id="oc-54">
         <name>.debug_info</name>
         <load_address>0x1492</load_address>
         <run_address>0x1492</run_address>
         <size>0xbe</size>
         <input_file_ref idref="fl-14d"/>
      </object_component>
      <object_component id="oc-57">
         <name>.debug_info</name>
         <load_address>0x1550</load_address>
         <run_address>0x1550</run_address>
         <size>0xcc</size>
         <input_file_ref idref="fl-14c"/>
      </object_component>
      <object_component id="oc-5b">
         <name>.debug_info</name>
         <load_address>0x161c</load_address>
         <run_address>0x161c</run_address>
         <size>0x46</size>
         <input_file_ref idref="fl-142"/>
      </object_component>
      <object_component id="oc-60">
         <name>.debug_info</name>
         <load_address>0x1662</load_address>
         <run_address>0x1662</run_address>
         <size>0xf2</size>
         <input_file_ref idref="fl-142"/>
      </object_component>
      <object_component id="oc-62">
         <name>.debug_info</name>
         <load_address>0x1754</load_address>
         <run_address>0x1754</run_address>
         <size>0x46</size>
         <input_file_ref idref="fl-144"/>
      </object_component>
      <object_component id="oc-67">
         <name>.debug_info</name>
         <load_address>0x179a</load_address>
         <run_address>0x179a</run_address>
         <size>0xad</size>
         <input_file_ref idref="fl-144"/>
      </object_component>
      <object_component id="oc-69">
         <name>.debug_info</name>
         <load_address>0x1847</load_address>
         <run_address>0x1847</run_address>
         <size>0x1ef</size>
         <input_file_ref idref="fl-143"/>
      </object_component>
      <object_component id="oc-6e">
         <name>.debug_info</name>
         <load_address>0x1a36</load_address>
         <run_address>0x1a36</run_address>
         <size>0xb7</size>
         <input_file_ref idref="fl-143"/>
      </object_component>
      <object_component id="oc-6f">
         <name>.debug_info</name>
         <load_address>0x1aed</load_address>
         <run_address>0x1aed</run_address>
         <size>0x39</size>
         <input_file_ref idref="fl-143"/>
      </object_component>
      <object_component id="oc-79">
         <name>.debug_info</name>
         <load_address>0x1b26</load_address>
         <run_address>0x1b26</run_address>
         <size>0x207</size>
         <input_file_ref idref="fl-14"/>
      </object_component>
      <object_component id="oc-7e">
         <name>.debug_info</name>
         <load_address>0x1d2d</load_address>
         <run_address>0x1d2d</run_address>
         <size>0x202</size>
         <input_file_ref idref="fl-12"/>
      </object_component>
      <object_component id="oc-84">
         <name>.debug_info</name>
         <load_address>0x1f2f</load_address>
         <run_address>0x1f2f</run_address>
         <size>0x210</size>
         <input_file_ref idref="fl-7"/>
      </object_component>
      <object_component id="oc-85">
         <name>.debug_info</name>
         <load_address>0x213f</load_address>
         <run_address>0x213f</run_address>
         <size>0x5fb</size>
         <input_file_ref idref="fl-8"/>
      </object_component>
      <object_component id="oc-86">
         <name>.debug_info</name>
         <load_address>0x273a</load_address>
         <run_address>0x273a</run_address>
         <size>0x45a</size>
         <input_file_ref idref="fl-b"/>
      </object_component>
      <object_component id="oc-88">
         <name>.debug_info</name>
         <load_address>0x2b94</load_address>
         <run_address>0x2b94</run_address>
         <size>0x18b</size>
         <input_file_ref idref="fl-2"/>
      </object_component>
      <object_component id="oc-8e">
         <name>.debug_info</name>
         <load_address>0x2d1f</load_address>
         <run_address>0x2d1f</run_address>
         <size>0x422</size>
         <input_file_ref idref="fl-16"/>
      </object_component>
      <object_component id="oc-93">
         <name>.debug_info</name>
         <load_address>0x3141</load_address>
         <run_address>0x3141</run_address>
         <size>0x121</size>
         <input_file_ref idref="fl-6"/>
      </object_component>
      <object_component id="oc-97">
         <name>.debug_info</name>
         <load_address>0x3262</load_address>
         <run_address>0x3262</run_address>
         <size>0x84</size>
         <input_file_ref idref="fl-2"/>
      </object_component>
      <object_component id="oc-9d">
         <name>.debug_info</name>
         <load_address>0x32e6</load_address>
         <run_address>0x32e6</run_address>
         <size>0x14b</size>
         <input_file_ref idref="fl-152"/>
      </object_component>
      <object_component id="oc-a3">
         <name>.debug_info</name>
         <load_address>0x3431</load_address>
         <run_address>0x3431</run_address>
         <size>0x181</size>
         <input_file_ref idref="fl-b"/>
      </object_component>
      <object_component id="oc-a8">
         <name>.debug_info</name>
         <load_address>0x35b2</load_address>
         <run_address>0x35b2</run_address>
         <size>0x11b</size>
         <input_file_ref idref="fl-150"/>
      </object_component>
      <object_component id="oc-aa">
         <name>.debug_info</name>
         <load_address>0x36cd</load_address>
         <run_address>0x36cd</run_address>
         <size>0xc8</size>
         <input_file_ref idref="fl-14f"/>
      </object_component>
      <object_component id="oc-ac">
         <name>.debug_info</name>
         <load_address>0x3795</load_address>
         <run_address>0x3795</run_address>
         <size>0xeb</size>
         <input_file_ref idref="fl-145"/>
      </object_component>
      <object_component id="oc-ae">
         <name>.debug_info</name>
         <load_address>0x3880</load_address>
         <run_address>0x3880</run_address>
         <size>0x146</size>
         <input_file_ref idref="fl-145"/>
      </object_component>
      <object_component id="oc-b2">
         <name>.debug_info</name>
         <load_address>0x39c6</load_address>
         <run_address>0x39c6</run_address>
         <size>0x2c</size>
         <input_file_ref idref="fl-142"/>
      </object_component>
      <object_component id="oc-b9">
         <name>.debug_info</name>
         <load_address>0x39f2</load_address>
         <run_address>0x39f2</run_address>
         <size>0x2c</size>
         <input_file_ref idref="fl-144"/>
      </object_component>
      <object_component id="oc-c4">
         <name>.debug_info</name>
         <load_address>0x3a1e</load_address>
         <run_address>0x3a1e</run_address>
         <size>0x18b</size>
         <input_file_ref idref="fl-11"/>
      </object_component>
      <object_component id="oc-c9">
         <name>.debug_info</name>
         <load_address>0x3ba9</load_address>
         <run_address>0x3ba9</run_address>
         <size>0x1d1</size>
         <input_file_ref idref="fl-14"/>
      </object_component>
      <object_component id="oc-cb">
         <name>.debug_info</name>
         <load_address>0x3d7a</load_address>
         <run_address>0x3d7a</run_address>
         <size>0xff</size>
         <input_file_ref idref="fl-12"/>
      </object_component>
      <object_component id="oc-d1">
         <name>.debug_info</name>
         <load_address>0x3e79</load_address>
         <run_address>0x3e79</run_address>
         <size>0x4e6</size>
         <input_file_ref idref="fl-6"/>
      </object_component>
      <object_component id="oc-d9">
         <name>.debug_info</name>
         <load_address>0x435f</load_address>
         <run_address>0x435f</run_address>
         <size>0x1b6</size>
         <input_file_ref idref="fl-153"/>
      </object_component>
      <object_component id="oc-de">
         <name>.debug_info</name>
         <load_address>0x4515</load_address>
         <run_address>0x4515</run_address>
         <size>0x1cd</size>
         <input_file_ref idref="fl-153"/>
      </object_component>
      <object_component id="oc-e3">
         <name>.debug_info</name>
         <load_address>0x46e2</load_address>
         <run_address>0x46e2</run_address>
         <size>0x1e2</size>
         <input_file_ref idref="fl-153"/>
      </object_component>
      <object_component id="oc-e8">
         <name>.debug_info</name>
         <load_address>0x48c4</load_address>
         <run_address>0x48c4</run_address>
         <size>0x273</size>
         <input_file_ref idref="fl-16"/>
      </object_component>
      <object_component id="oc-ed">
         <name>.debug_info</name>
         <load_address>0x4b37</load_address>
         <run_address>0x4b37</run_address>
         <size>0x205</size>
         <input_file_ref idref="fl-16"/>
      </object_component>
      <object_component id="oc-f2">
         <name>.debug_info</name>
         <load_address>0x4d3c</load_address>
         <run_address>0x4d3c</run_address>
         <size>0x21e</size>
         <input_file_ref idref="fl-16"/>
      </object_component>
      <object_component id="oc-f7">
         <name>.debug_info</name>
         <load_address>0x4f5a</load_address>
         <run_address>0x4f5a</run_address>
         <size>0x22b</size>
         <input_file_ref idref="fl-16"/>
      </object_component>
      <object_component id="oc-fc">
         <name>.debug_info</name>
         <load_address>0x5185</load_address>
         <run_address>0x5185</run_address>
         <size>0x229</size>
         <input_file_ref idref="fl-16"/>
      </object_component>
      <object_component id="oc-101">
         <name>.debug_info</name>
         <load_address>0x53ae</load_address>
         <run_address>0x53ae</run_address>
         <size>0x223</size>
         <input_file_ref idref="fl-16"/>
      </object_component>
      <object_component id="oc-106">
         <name>.debug_info</name>
         <load_address>0x55d1</load_address>
         <run_address>0x55d1</run_address>
         <size>0x21f</size>
         <input_file_ref idref="fl-16"/>
      </object_component>
      <object_component id="oc-10b">
         <name>.debug_info</name>
         <load_address>0x57f0</load_address>
         <run_address>0x57f0</run_address>
         <size>0x24e</size>
         <input_file_ref idref="fl-16"/>
      </object_component>
      <object_component id="oc-110">
         <name>.debug_info</name>
         <load_address>0x5a3e</load_address>
         <run_address>0x5a3e</run_address>
         <size>0x244</size>
         <input_file_ref idref="fl-16"/>
      </object_component>
      <object_component id="oc-115">
         <name>.debug_info</name>
         <load_address>0x5c82</load_address>
         <run_address>0x5c82</run_address>
         <size>0x22b</size>
         <input_file_ref idref="fl-16"/>
      </object_component>
      <object_component id="oc-11a">
         <name>.debug_info</name>
         <load_address>0x5ead</load_address>
         <run_address>0x5ead</run_address>
         <size>0x291</size>
         <input_file_ref idref="fl-16"/>
      </object_component>
      <object_component id="oc-11f">
         <name>.debug_info</name>
         <load_address>0x613e</load_address>
         <run_address>0x613e</run_address>
         <size>0x41e</size>
         <input_file_ref idref="fl-16"/>
      </object_component>
      <object_component id="oc-120">
         <name>.debug_info</name>
         <load_address>0x655c</load_address>
         <run_address>0x655c</run_address>
         <size>0x18b</size>
         <input_file_ref idref="fl-16"/>
      </object_component>
      <object_component id="oc-128">
         <name>.debug_info</name>
         <load_address>0x66e7</load_address>
         <run_address>0x66e7</run_address>
         <size>0x148</size>
         <input_file_ref idref="fl-152"/>
      </object_component>
      <object_component id="oc-12a">
         <name>.debug_info</name>
         <load_address>0x682f</load_address>
         <run_address>0x682f</run_address>
         <size>0x188</size>
         <input_file_ref idref="fl-8"/>
      </object_component>
      <object_component id="oc-12f">
         <name>.debug_info</name>
         <load_address>0x69b7</load_address>
         <run_address>0x69b7</run_address>
         <size>0x371</size>
         <input_file_ref idref="fl-8"/>
      </object_component>
      <object_component id="oc-134">
         <name>.debug_info</name>
         <load_address>0x6d28</load_address>
         <run_address>0x6d28</run_address>
         <size>0x347</size>
         <input_file_ref idref="fl-8"/>
      </object_component>
      <object_component id="oc-139">
         <name>.debug_info</name>
         <load_address>0x706f</load_address>
         <run_address>0x706f</run_address>
         <size>0x23c</size>
         <input_file_ref idref="fl-8"/>
      </object_component>
      <object_component id="oc-13e">
         <name>.debug_info</name>
         <load_address>0x72ab</load_address>
         <run_address>0x72ab</run_address>
         <size>0x14b</size>
         <input_file_ref idref="fl-3"/>
      </object_component>
      <object_component id="oc-143">
         <name>.debug_info</name>
         <load_address>0x73f6</load_address>
         <run_address>0x73f6</run_address>
         <size>0x2ad</size>
         <input_file_ref idref="fl-8"/>
      </object_component>
      <object_component id="oc-14a">
         <name>.debug_info</name>
         <load_address>0x76a3</load_address>
         <run_address>0x76a3</run_address>
         <size>0x5e</size>
         <input_file_ref idref="fl-150"/>
      </object_component>
      <object_component id="oc-150">
         <name>.debug_info</name>
         <load_address>0x7701</load_address>
         <run_address>0x7701</run_address>
         <size>0x1d4</size>
         <input_file_ref idref="fl-14f"/>
      </object_component>
      <object_component id="oc-156">
         <name>.debug_info</name>
         <load_address>0x78d5</load_address>
         <run_address>0x78d5</run_address>
         <size>0xd9</size>
         <input_file_ref idref="fl-14f"/>
      </object_component>
      <object_component id="oc-15b">
         <name>.debug_info</name>
         <load_address>0x79ae</load_address>
         <run_address>0x79ae</run_address>
         <size>0x90</size>
         <input_file_ref idref="fl-11"/>
      </object_component>
      <object_component id="oc-164">
         <name>.debug_info</name>
         <load_address>0x7a3e</load_address>
         <run_address>0x7a3e</run_address>
         <size>0x1e2</size>
         <input_file_ref idref="fl-12"/>
      </object_component>
      <object_component id="oc-165">
         <name>.debug_info</name>
         <load_address>0x7c20</load_address>
         <run_address>0x7c20</run_address>
         <size>0x574</size>
         <input_file_ref idref="fl-6"/>
      </object_component>
      <object_component id="oc-167">
         <name>.debug_info</name>
         <load_address>0x8194</load_address>
         <run_address>0x8194</run_address>
         <size>0x1b7</size>
         <input_file_ref idref="fl-153"/>
      </object_component>
      <object_component id="oc-16c">
         <name>.debug_info</name>
         <load_address>0x834b</load_address>
         <run_address>0x834b</run_address>
         <size>0x1b8</size>
         <input_file_ref idref="fl-153"/>
      </object_component>
      <object_component id="oc-175">
         <name>.debug_info</name>
         <load_address>0x8503</load_address>
         <run_address>0x8503</run_address>
         <size>0x232</size>
         <input_file_ref idref="fl-153"/>
      </object_component>
      <object_component id="oc-17c">
         <name>.debug_info</name>
         <load_address>0x8735</load_address>
         <run_address>0x8735</run_address>
         <size>0x1e2</size>
         <input_file_ref idref="fl-153"/>
      </object_component>
      <object_component id="oc-186">
         <name>.debug_info</name>
         <load_address>0x8917</load_address>
         <run_address>0x8917</run_address>
         <size>0x90</size>
         <input_file_ref idref="fl-16"/>
      </object_component>
      <object_component id="oc-18b">
         <name>.debug_info</name>
         <load_address>0x89a7</load_address>
         <run_address>0x89a7</run_address>
         <size>0x4e6</size>
         <input_file_ref idref="fl-16"/>
      </object_component>
      <object_component id="oc-192">
         <name>.debug_info</name>
         <load_address>0x8e8d</load_address>
         <run_address>0x8e8d</run_address>
         <size>0xcd</size>
         <input_file_ref idref="fl-152"/>
      </object_component>
      <object_component id="oc-198">
         <name>.debug_info</name>
         <load_address>0x8f5a</load_address>
         <run_address>0x8f5a</run_address>
         <size>0x39b</size>
         <input_file_ref idref="fl-3"/>
      </object_component>
      <object_component id="oc-19d">
         <name>.debug_info</name>
         <load_address>0x92f5</load_address>
         <run_address>0x92f5</run_address>
         <size>0x1dd</size>
         <input_file_ref idref="fl-8"/>
      </object_component>
      <object_component id="oc-1a3">
         <name>.debug_info</name>
         <load_address>0x94d2</load_address>
         <run_address>0x94d2</run_address>
         <size>0x219</size>
         <input_file_ref idref="fl-6"/>
      </object_component>
      <object_component id="oc-1a8">
         <name>.debug_info</name>
         <load_address>0x96eb</load_address>
         <run_address>0x96eb</run_address>
         <size>0x1a9</size>
         <input_file_ref idref="fl-6"/>
      </object_component>
      <object_component id="oc-1ad">
         <name>.debug_info</name>
         <load_address>0x9894</load_address>
         <run_address>0x9894</run_address>
         <size>0x20a</size>
         <input_file_ref idref="fl-3"/>
      </object_component>
      <object_component id="oc-1b2">
         <name>.debug_info</name>
         <load_address>0x9a9e</load_address>
         <run_address>0x9a9e</run_address>
         <size>0x159</size>
         <input_file_ref idref="fl-6"/>
      </object_component>
      <object_component id="oc-1b7">
         <name>.debug_info</name>
         <load_address>0x9bf7</load_address>
         <run_address>0x9bf7</run_address>
         <size>0xdf</size>
         <input_file_ref idref="fl-14a"/>
      </object_component>
      <object_component id="oc-1bb">
         <name>.debug_info</name>
         <load_address>0x9cd6</load_address>
         <run_address>0x9cd6</run_address>
         <size>0x255</size>
         <input_file_ref idref="fl-3"/>
      </object_component>
      <object_component id="oc-1c0">
         <name>.debug_info</name>
         <load_address>0x9f2b</load_address>
         <run_address>0x9f2b</run_address>
         <size>0x15f</size>
         <input_file_ref idref="fl-6"/>
      </object_component>
      <object_component id="oc-1c5">
         <name>.debug_info</name>
         <load_address>0xa08a</load_address>
         <run_address>0xa08a</run_address>
         <size>0x157</size>
         <input_file_ref idref="fl-3"/>
      </object_component>
      <object_component id="oc-1ca">
         <name>.debug_info</name>
         <load_address>0xa1e1</load_address>
         <run_address>0xa1e1</run_address>
         <size>0xdf</size>
         <input_file_ref idref="fl-14b"/>
      </object_component>
      <object_component id="oc-1ce">
         <name>.debug_info</name>
         <load_address>0xa2c0</load_address>
         <run_address>0xa2c0</run_address>
         <size>0x18b</size>
         <input_file_ref idref="fl-3"/>
      </object_component>
      <object_component id="oc-1d6">
         <name>.debug_info</name>
         <load_address>0xa44b</load_address>
         <run_address>0xa44b</run_address>
         <size>0x18e</size>
         <input_file_ref idref="fl-2"/>
      </object_component>
      <object_component id="oc-1db">
         <name>.debug_info</name>
         <load_address>0xa5d9</load_address>
         <run_address>0xa5d9</run_address>
         <size>0x14d</size>
         <input_file_ref idref="fl-2"/>
      </object_component>
      <object_component id="oc-1e0">
         <name>.debug_info</name>
         <load_address>0xa726</load_address>
         <run_address>0xa726</run_address>
         <size>0x14b</size>
         <input_file_ref idref="fl-2"/>
      </object_component>
      <object_component id="oc-1e3">
         <name>.debug_info</name>
         <load_address>0xa871</load_address>
         <run_address>0xa871</run_address>
         <size>0x1ad</size>
         <input_file_ref idref="fl-8"/>
      </object_component>
      <object_component id="oc-1e9">
         <name>.debug_info</name>
         <load_address>0xaa1e</load_address>
         <run_address>0xaa1e</run_address>
         <size>0xff</size>
         <input_file_ref idref="fl-146"/>
      </object_component>
      <object_component id="oc-1ee">
         <name>.debug_info</name>
         <load_address>0xab1d</load_address>
         <run_address>0xab1d</run_address>
         <size>0x17d</size>
         <input_file_ref idref="fl-2"/>
      </object_component>
      <object_component id="oc-1f2">
         <name>.debug_info</name>
         <load_address>0xac9a</load_address>
         <run_address>0xac9a</run_address>
         <size>0x1e0</size>
         <input_file_ref idref="fl-7"/>
      </object_component>
      <object_component id="oc-1f9">
         <name>.debug_info</name>
         <load_address>0xae7a</load_address>
         <run_address>0xae7a</run_address>
         <size>0x1ac</size>
         <input_file_ref idref="fl-3"/>
      </object_component>
      <object_component id="oc-206">
         <name>.debug_info</name>
         <load_address>0xb026</load_address>
         <run_address>0xb026</run_address>
         <size>0x1f8</size>
         <input_file_ref idref="fl-6"/>
      </object_component>
      <object_component id="oc-211">
         <name>.debug_info</name>
         <load_address>0xb21e</load_address>
         <run_address>0xb21e</run_address>
         <size>0x193</size>
         <input_file_ref idref="fl-4"/>
      </object_component>
      <object_component id="oc-216">
         <name>.debug_info</name>
         <load_address>0xb3b1</load_address>
         <run_address>0xb3b1</run_address>
         <size>0x1c7</size>
         <input_file_ref idref="fl-4"/>
      </object_component>
      <object_component id="oc-21b">
         <name>.debug_info</name>
         <load_address>0xb578</load_address>
         <run_address>0xb578</run_address>
         <size>0x1c3</size>
         <input_file_ref idref="fl-4"/>
      </object_component>
      <object_component id="oc-220">
         <name>.debug_info</name>
         <load_address>0xb73b</load_address>
         <run_address>0xb73b</run_address>
         <size>0x157</size>
         <input_file_ref idref="fl-3"/>
      </object_component>
      <object_component id="oc-225">
         <name>.debug_info</name>
         <load_address>0xb892</load_address>
         <run_address>0xb892</run_address>
         <size>0x1a0</size>
         <input_file_ref idref="fl-3"/>
      </object_component>
      <object_component id="oc-22a">
         <name>.debug_info</name>
         <load_address>0xba32</load_address>
         <run_address>0xba32</run_address>
         <size>0x2a0</size>
         <input_file_ref idref="fl-3"/>
      </object_component>
      <object_component id="oc-22b">
         <name>.debug_info</name>
         <load_address>0xbcd2</load_address>
         <run_address>0xbcd2</run_address>
         <size>0x596</size>
         <input_file_ref idref="fl-5"/>
      </object_component>
      <object_component id="oc-232">
         <name>.debug_info</name>
         <load_address>0xc268</load_address>
         <run_address>0xc268</run_address>
         <size>0x1e1</size>
         <input_file_ref idref="fl-12"/>
      </object_component>
      <object_component id="oc-237">
         <name>.debug_info</name>
         <load_address>0xc449</load_address>
         <run_address>0xc449</run_address>
         <size>0x1e4</size>
         <input_file_ref idref="fl-14"/>
      </object_component>
      <object_component id="oc-23c">
         <name>.debug_info</name>
         <load_address>0xc62d</load_address>
         <run_address>0xc62d</run_address>
         <size>0x1e3</size>
         <input_file_ref idref="fl-14"/>
      </object_component>
      <object_component id="oc-241">
         <name>.debug_info</name>
         <load_address>0xc810</load_address>
         <run_address>0xc810</run_address>
         <size>0x1dd</size>
         <input_file_ref idref="fl-14"/>
      </object_component>
      <object_component id="oc-246">
         <name>.debug_info</name>
         <load_address>0xc9ed</load_address>
         <run_address>0xc9ed</run_address>
         <size>0x1a2</size>
         <input_file_ref idref="fl-13"/>
      </object_component>
      <object_component id="oc-24b">
         <name>.debug_info</name>
         <load_address>0xcb8f</load_address>
         <run_address>0xcb8f</run_address>
         <size>0x2b4</size>
         <input_file_ref idref="fl-16"/>
      </object_component>
      <object_component id="oc-250">
         <name>.debug_info</name>
         <load_address>0xce43</load_address>
         <run_address>0xce43</run_address>
         <size>0x293</size>
         <input_file_ref idref="fl-17"/>
      </object_component>
      <object_component id="oc-255">
         <name>.debug_info</name>
         <load_address>0xd0d6</load_address>
         <run_address>0xd0d6</run_address>
         <size>0x121</size>
         <input_file_ref idref="fl-6"/>
      </object_component>
      <object_component id="oc-257">
         <name>.debug_info</name>
         <load_address>0xd1f7</load_address>
         <run_address>0xd1f7</run_address>
         <size>0x1c4</size>
         <input_file_ref idref="fl-6"/>
      </object_component>
      <object_component id="oc-25e">
         <name>.debug_info</name>
         <load_address>0xd3bb</load_address>
         <run_address>0xd3bb</run_address>
         <size>0x24f</size>
         <input_file_ref idref="fl-17"/>
      </object_component>
      <object_component id="oc-263">
         <name>.debug_info</name>
         <load_address>0xd60a</load_address>
         <run_address>0xd60a</run_address>
         <size>0x215</size>
         <input_file_ref idref="fl-17"/>
      </object_component>
      <object_component id="oc-268">
         <name>.debug_info</name>
         <load_address>0xd81f</load_address>
         <run_address>0xd81f</run_address>
         <size>0x221</size>
         <input_file_ref idref="fl-17"/>
      </object_component>
      <object_component id="oc-271">
         <name>.debug_info</name>
         <load_address>0xda40</load_address>
         <run_address>0xda40</run_address>
         <size>0x157</size>
         <input_file_ref idref="fl-3"/>
      </object_component>
      <object_component id="oc-276">
         <name>.debug_info</name>
         <load_address>0xdb97</load_address>
         <run_address>0xdb97</run_address>
         <size>0x157</size>
         <input_file_ref idref="fl-3"/>
      </object_component>
      <object_component id="oc-27f">
         <name>.debug_info</name>
         <load_address>0xdcee</load_address>
         <run_address>0xdcee</run_address>
         <size>0xdb</size>
         <input_file_ref idref="fl-147"/>
      </object_component>
      <object_component id="oc-283">
         <name>.debug_info</name>
         <load_address>0xddc9</load_address>
         <run_address>0xddc9</run_address>
         <size>0x17e</size>
         <input_file_ref idref="fl-3"/>
      </object_component>
      <object_component id="oc-288">
         <name>.debug_info</name>
         <load_address>0xdf47</load_address>
         <run_address>0xdf47</run_address>
         <size>0xe1</size>
         <input_file_ref idref="fl-149"/>
      </object_component>
      <object_component id="oc-28c">
         <name>.debug_info</name>
         <load_address>0xe028</load_address>
         <run_address>0xe028</run_address>
         <size>0x229</size>
         <input_file_ref idref="fl-3"/>
      </object_component>
      <object_component id="oc-291">
         <name>.debug_info</name>
         <load_address>0xe251</load_address>
         <run_address>0xe251</run_address>
         <size>0xed</size>
         <input_file_ref idref="fl-148"/>
      </object_component>
      <object_component id="oc-29c">
         <name>.debug_info</name>
         <load_address>0xe33e</load_address>
         <run_address>0xe33e</run_address>
         <size>0x1a9</size>
         <input_file_ref idref="fl-4"/>
      </object_component>
      <object_component id="oc-2a5">
         <name>.debug_info</name>
         <load_address>0xe4e7</load_address>
         <run_address>0xe4e7</run_address>
         <size>0x18b</size>
         <input_file_ref idref="fl-4"/>
      </object_component>
      <object_component id="oc-2ad">
         <name>.debug_info</name>
         <load_address>0xe672</load_address>
         <run_address>0xe672</run_address>
         <size>0x164</size>
         <input_file_ref idref="fl-3"/>
      </object_component>
      <object_component id="oc-2b2">
         <name>.debug_info</name>
         <load_address>0xe7d6</load_address>
         <run_address>0xe7d6</run_address>
         <size>0x158</size>
         <input_file_ref idref="fl-3"/>
      </object_component>
      <object_component id="oc-2b9">
         <name>.debug_info</name>
         <load_address>0xe92e</load_address>
         <run_address>0xe92e</run_address>
         <size>0x184</size>
         <input_file_ref idref="fl-4"/>
      </object_component>
      <object_component id="oc-2c4">
         <name>.debug_info</name>
         <load_address>0xeab2</load_address>
         <run_address>0xeab2</run_address>
         <size>0x10d</size>
         <input_file_ref idref="fl-14"/>
      </object_component>
      <object_component id="oc-2c7">
         <name>.debug_info</name>
         <load_address>0xebbf</load_address>
         <run_address>0xebbf</run_address>
         <size>0x215</size>
         <input_file_ref idref="fl-14"/>
      </object_component>
      <object_component id="oc-2cc">
         <name>.debug_info</name>
         <load_address>0xedd4</load_address>
         <run_address>0xedd4</run_address>
         <size>0x265</size>
         <input_file_ref idref="fl-14"/>
      </object_component>
      <object_component id="oc-2d4">
         <name>.debug_info</name>
         <load_address>0xf039</load_address>
         <run_address>0xf039</run_address>
         <size>0x176</size>
         <input_file_ref idref="fl-15"/>
      </object_component>
      <object_component id="oc-2d9">
         <name>.debug_info</name>
         <load_address>0xf1af</load_address>
         <run_address>0xf1af</run_address>
         <size>0x24c</size>
         <input_file_ref idref="fl-153"/>
      </object_component>
      <object_component id="oc-2de">
         <name>.debug_info</name>
         <load_address>0xf3fb</load_address>
         <run_address>0xf3fb</run_address>
         <size>0x1cc</size>
         <input_file_ref idref="fl-13"/>
      </object_component>
      <object_component id="oc-2e3">
         <name>.debug_info</name>
         <load_address>0xf5c7</load_address>
         <run_address>0xf5c7</run_address>
         <size>0x1fe</size>
         <input_file_ref idref="fl-153"/>
      </object_component>
      <object_component id="oc-2e9">
         <name>.debug_info</name>
         <load_address>0xf7c5</load_address>
         <run_address>0xf7c5</run_address>
         <size>0x3e8</size>
         <input_file_ref idref="fl-16"/>
      </object_component>
      <object_component id="oc-2ee">
         <name>.debug_info</name>
         <load_address>0xfbad</load_address>
         <run_address>0xfbad</run_address>
         <size>0x244</size>
         <input_file_ref idref="fl-17"/>
      </object_component>
      <object_component id="oc-2f3">
         <name>.debug_info</name>
         <load_address>0xfdf1</load_address>
         <run_address>0xfdf1</run_address>
         <size>0x32e</size>
         <input_file_ref idref="fl-17"/>
      </object_component>
      <object_component id="oc-2ff">
         <name>.debug_info</name>
[...]
         <name>__TI_CINIT_Limit</name>
         <value>0x2400</value>
      </symbol>
      <symbol id="sm-4">
         <name>__TI_Handler_Table_Base</name>
         <value>0x23d8</value>
      </symbol>
      <symbol id="sm-5">
         <name>__TI_Handler_Table_Limit</name>
         <value>0x23e4</value>
      </symbol>
      <symbol id="sm-6">
         <name>binit</name>
         <value>0xffffffff</value>
      </symbol>
      <symbol id="sm-7">
         <name>__binit__</name>
         <value>0xffffffff</value>
      </symbol>
      <symbol id="sm-8">
         <name>__STACK_SIZE</name>
         <value>0x100</value>
      </symbol>
      <symbol id="sm-9">
         <name>__STACK_END</name>
         <value>0x20000288</value>
      </symbol>
      <symbol id="sm-a">
         <name>__c_args__</name>
         <value>0xffffffff</value>
      </symbol>
      <symbol id="sm-44">
         <name>relayToggle</name>
         <value>0x203d</value>
         <object_component_ref idref="oc-1eb"/>
      </symbol>
      <symbol id="sm-45">
         <name>relayOn</name>
         <value>0x21f1</value>
         <object_component_ref idref="oc-1dd"/>
      </symbol>
      <symbol id="sm-46">
         <name>relayOff</name>
         <value>0x21e5</value>
         <object_component_ref idref="oc-1d8"/>
      </symbol>
      <symbol id="sm-47">
         <name>relayInit</name>
         <value>0x2019</value>
         <object_component_ref idref="oc-1d3"/>
      </symbol>
      <symbol id="sm-f0">
         <name>_lcdInited</name>
         <value>0x20000168</value>
      </symbol>
      <symbol id="sm-f1">
         <name>_lcdPortControl</name>
         <value>0x2000016c</value>
      </symbol>
      <symbol id="sm-f2">
         <name>_lcdPortDataUpper</name>
         <value>0x20000174</value>
      </symbol>
      <symbol id="sm-f3">
         <name>_lcdPortDataLower</name>
         <value>0x20000170</value>
      </symbol>
      <symbol id="sm-f4">
         <name>lcdWriteCommit</name>
         <value>0x1fc9</value>
         <object_component_ref idref="oc-2b1"/>
      </symbol>
      <symbol id="sm-f5">
         <name>lcdWriteDigits</name>
         <value>0xe55</value>
         <object_component_ref idref="oc-28b"/>
      </symbol>
      <symbol id="sm-f6">
         <name>lcdWriteNumber</name>
         <value>0x1511</value>
         <object_component_ref idref="oc-1ba"/>
      </symbol>
      <symbol id="sm-f7">
         <name>lcdWriteCommand</name>
         <value>0x2081</value>
         <object_component_ref idref="oc-1f8"/>
      </symbol>
      <symbol id="sm-f8">
         <name>lcdWriteString</name>
         <value>0x209d</value>
         <object_component_ref idref="oc-1cd"/>
      </symbol>
      <symbol id="sm-f9">
         <name>lcdWriteData</name>
         <value>0x1ff1</value>
         <object_component_ref idref="oc-2fe"/>
      </symbol>
      <symbol id="sm-fa">
         <name>lcdWriteStringInLine</name>
         <value>0x1f17</value>
         <object_component_ref idref="oc-1ac"/>
      </symbol>
      <symbol id="sm-fb">
         <name>lcdWriteLine</name>
         <value>0x1ee9</value>
         <object_component_ref idref="oc-224"/>
      </symbol>
      <symbol id="sm-fc">
         <name>lcdWriteToPort</name>
         <value>0x1eb9</value>
         <object_component_ref idref="oc-2ac"/>
      </symbol>
      <symbol id="sm-fd">
         <name>lcdClear</name>
         <value>0x2241</value>
         <object_component_ref idref="oc-13d"/>
      </symbol>
      <symbol id="sm-fe">
         <name>lcdCursorLine2</name>
         <value>0x224d</value>
         <object_component_ref idref="oc-275"/>
      </symbol>
      <symbol id="sm-ff">
         <name>lcdCursorLine3</name>
         <value>0x2253</value>
         <object_component_ref idref="oc-270"/>
      </symbol>
      <symbol id="sm-100">
         <name>lcdCursorLine1</name>
         <value>0x2247</value>
         <object_component_ref idref="oc-21f"/>
      </symbol>
      <symbol id="sm-101">
         <name>lcdCursorLine4</name>
         <value>0x2259</value>
         <object_component_ref idref="oc-1c4"/>
      </symbol>
      <symbol id="sm-102">
         <name>lcdInit</name>
         <value>0xd8d</value>
         <object_component_ref idref="oc-197"/>
      </symbol>
      <symbol id="sm-103">
         <name>lcdWriteLetter</name>
         <value>0x2271</value>
         <object_component_ref idref="oc-282"/>
      </symbol>
      <symbol id="sm-104">
         <name>lcdWriteSingleDigit</name>
         <value>0x225f</value>
         <object_component_ref idref="oc-305"/>
      </symbol>
      <symbol id="sm-134">
         <name>gpioSetDigitalEnable</name>
         <value>0x214b</value>
         <object_component_ref idref="oc-21a"/>
      </symbol>
      <symbol id="sm-135">
         <name>gpioSetDirection</name>
         <value>0x217d</value>
         <object_component_ref idref="oc-215"/>
      </symbol>
      <symbol id="sm-136">
         <name>gpioGetData</name>
         <value>0x21d9</value>
         <object_component_ref idref="oc-2a4"/>
      </symbol>
      <symbol id="sm-137">
         <name>gpioSetMasterEnable</name>
         <value>0x1c11</value>
         <object_component_ref idref="oc-210"/>
      </symbol>
      <symbol id="sm-138">
         <name>gpioSetData</name>
         <value>0x216d</value>
         <object_component_ref idref="oc-29b"/>
      </symbol>
      <symbol id="sm-197">
         <name>bmpTemperature</name>
         <value>0x20000184</value>
      </symbol>
      <symbol id="sm-198">
         <name>bmpPressure</name>
         <value>0x20000180</value>
      </symbol>
      <symbol id="sm-199">
         <name>bmp085_dataFlag</name>
         <value>0x2000017c</value>
      </symbol>
      <symbol id="sm-19a">
         <name>TII2C_ModuleInstance</name>
         <value>0x20000000</value>
         <object_component_ref idref="oc-92"/>
      </symbol>
      <symbol id="sm-19b">
         <name>bmp085GetTemperature</name>
         <value>0x21c1</value>
         <object_component_ref idref="oc-1bf"/>
      </symbol>
      <symbol id="sm-19c">
         <name>bmp085Init</name>
         <value>0x12fd</value>
         <object_component_ref idref="oc-1a2"/>
      </symbol>
      <symbol id="sm-19d">
         <name>bmp085GetPressure</name>
         <value>0x21b5</value>
         <object_component_ref idref="oc-1b1"/>
      </symbol>
      <symbol id="sm-19e">
         <name>TIBMP085_AppInstance</name>
         <value>0x20000124</value>
         <object_component_ref idref="oc-254"/>
      </symbol>
      <symbol id="sm-19f">
         <name>bmp085I2CIntHandler</name>
         <value>0x21cd</value>
         <object_component_ref idref="oc-3d"/>
      </symbol>
      <symbol id="sm-1a0">
         <name>bmp085AppCallback</name>
         <value>0x215d</value>
         <object_component_ref idref="oc-256"/>
      </symbol>
      <symbol id="sm-1a1">
         <name>bmp085DataRead</name>
         <value>0x1d1d</value>
         <object_component_ref idref="oc-1a7"/>
      </symbol>
      <symbol id="sm-1c2">
         <name>bluetoothEventCount</name>
         <value>0x20000178</value>
      </symbol>
      <symbol id="sm-1c3">
         <name>bluetoothInterruptHandler</name>
         <value>0x140d</value>
         <object_component_ref idref="oc-38"/>
      </symbol>
      <symbol id="sm-1c4">
         <name>bluetoothInit</name>
         <value>0x1085</value>
         <object_component_ref idref="oc-1f1"/>
      </symbol>
      <symbol id="sm-249">
         <name>ABTestRelay</name>
         <value>0x7ed</value>
         <object_component_ref idref="oc-133"/>
      </symbol>
      <symbol id="sm-24a">
         <name>ABTestLog</name>
         <value>0x1679</value>
         <object_component_ref idref="oc-142"/>
      </symbol>
      <symbol id="sm-24b">
         <name>ABTestBT</name>
         <value>0xcbd</value>
         <object_component_ref idref="oc-138"/>
      </symbol>
      <symbol id="sm-24c">
         <name>ABTestLCD</name>
         <value>0x19c1</value>
         <object_component_ref idref="oc-129"/>
      </symbol>
      <symbol id="sm-24d">
         <name>ABTestDelay</name>
         <value>0x1971</value>
         <object_component_ref idref="oc-19c"/>
      </symbol>
      <symbol id="sm-24e">
         <name>ABTestLogLineClear</name>
         <value>0x1dd9</value>
         <object_component_ref idref="oc-1e2"/>
      </symbol>
      <symbol id="sm-24f">
         <name>ABTestBMP</name>
         <value>0x96d</value>
         <object_component_ref idref="oc-12e"/>
      </symbol>
      <symbol id="sm-27c">
         <name>ResetISR</name>
         <value>0x222f</value>
         <object_component_ref idref="oc-24"/>
      </symbol>
      <symbol id="sm-27d">
         <name>g_pfnVectors</name>
         <value>0x0</value>
         <object_component_ref idref="oc-e"/>
      </symbol>
      <symbol id="sm-28f">
         <name>main</name>
         <value>0x1611</value>
         <object_component_ref idref="oc-a2"/>
      </symbol>
      <symbol id="sm-2c4">
         <name>SysCtlDelay</name>
         <value>0x2235</value>
         <object_component_ref idref="oc-82"/>
      </symbol>
      <symbol id="sm-2c5">
         <name>SysCtlPeripheralEnable</name>
         <value>0x1e85</value>
         <object_component_ref idref="oc-231"/>
      </symbol>
      <symbol id="sm-2c6">
         <name>SysCtlClockGet</name>
         <value>0xfd1</value>
         <object_component_ref idref="oc-7d"/>
      </symbol>
      <symbol id="sm-31b">
         <name>IntIsEnabled</name>
         <value>0x16e1</value>
         <object_component_ref idref="oc-325"/>
      </symbol>
      <symbol id="sm-31c">
         <name>IntEnable</name>
         <value>0x17a5</value>
         <object_component_ref idref="oc-2dd"/>
      </symbol>
      <symbol id="sm-31d">
         <name>IntTrigger</name>
         <value>0x21a9</value>
         <object_component_ref idref="oc-32f"/>
      </symbol>
      <symbol id="sm-31e">
         <name>IntDisable</name>
         <value>0x1745</value>
         <object_component_ref idref="oc-32a"/>
      </symbol>
      <symbol id="sm-31f">
         <name>IntMasterEnable</name>
         <value>0x2207</value>
         <object_component_ref idref="oc-245"/>
      </symbol>
      <symbol id="sm-358">
         <name>GPIOPinConfigure</name>
         <value>0x1a61</value>
         <object_component_ref idref="oc-236"/>
      </symbol>
      <symbol id="sm-359">
         <name>GPIOPinTypeI2CSCL</name>
         <value>0x2127</value>
         <object_component_ref idref="oc-23b"/>
      </symbol>
      <symbol id="sm-35a">
         <name>GPIOPinTypeI2C</name>
         <value>0x2115</value>
         <object_component_ref idref="oc-240"/>
      </symbol>
      <symbol id="sm-35b">
         <name>GPIODirModeSet</name>
         <value>0x1f73</value>
         <object_component_ref idref="oc-2c6"/>
      </symbol>
      <symbol id="sm-35c">
         <name>GPIOPinWrite</name>
         <value>0x2229</value>
         <object_component_ref idref="oc-78"/>
      </symbol>
      <symbol id="sm-35d">
         <name>GPIOPadConfigSet</name>
         <value>0xf19</value>
         <object_component_ref idref="oc-2cb"/>
      </symbol>
      <symbol id="sm-366">
         <name>CPUcpsie</name>
         <value>0x219b</value>
         <object_component_ref idref="oc-2d2"/>
      </symbol>
      <symbol id="sm-424">
         <name>I2CMCommand</name>
         <value>0x1389</value>
         <object_component_ref idref="oc-2e8"/>
      </symbol>
      <symbol id="sm-425">
         <name>I2CMInit</name>
         <value>0x1e4f</value>
         <object_component_ref idref="oc-24a"/>
      </symbol>
      <symbol id="sm-426">
         <name>I2CMIntHandler</name>
         <value>0xbd1</value>
         <object_component_ref idref="oc-8d"/>
      </symbol>
      <symbol id="sm-48c">
         <name>BMP180DataPressureGetFloat</name>
         <value>0x26d</value>
         <object_component_ref idref="oc-267"/>
      </symbol>
      <symbol id="sm-48d">
         <name>BMP180DataTemperatureGetFloat</name>
         <value>0x1491</value>
         <object_component_ref idref="oc-262"/>
      </symbol>
      <symbol id="sm-48e">
         <name>BMP180DataRead</name>
         <value>0x18c1</value>
         <object_component_ref idref="oc-25d"/>
      </symbol>
      <symbol id="sm-48f">
         <name>BMP180Init</name>
         <value>0x1919</value>
         <object_component_ref idref="oc-24f"/>
      </symbol>
      <symbol id="sm-49e">
         <name>_c_int00</name>
         <value>0x1b39</value>
         <object_component_ref idref="oc-10"/>
      </symbol>
      <symbol id="sm-49f">
         <name>__stack</name>
         <value>0x20000188</value>
         <object_component_ref idref="oc-23"/>
      </symbol>
      <symbol id="sm-4b5">
         <name>__TI_decompress_none</name>
         <value>0x218d</value>
         <object_component_ref idref="oc-14"/>
      </symbol>
      <symbol id="sm-4d7">
         <name>__TI_decompress_rle24</name>
         <value>0x223b</value>
         <object_component_ref idref="oc-1e"/>
      </symbol>
      <symbol id="sm-4ef">
         <name>__TI_zero_init</name>
         <value>0x2139</value>
         <object_component_ref idref="oc-19"/>
      </symbol>
      <symbol id="sm-50b">
         <name>C$$EXIT</name>
         <value>0x1c99</value>
         <object_component_ref idref="oc-4e"/>
      </symbol>
      <symbol id="sm-50c">
         <name>abort</name>
         <value>0x1c9d</value>
         <object_component_ref idref="oc-4e"/>
      </symbol>
      <symbol id="sm-50d">
         <name>exit</name>
         <value>0x1ca5</value>
         <object_component_ref idref="oc-4e"/>
      </symbol>
      <symbol id="sm-50e">
         <name>__TI_dtors_ptr</name>
         <value>0x20000294</value>
         <object_component_ref idref="oc-ab"/>
      </symbol>
      <symbol id="sm-50f">
         <name>__TI_cleanup_ptr</name>
         <value>0x20000290</value>
         <object_component_ref idref="oc-ab"/>
      </symbol>
      <symbol id="sm-525">
         <name>__aeabi_dsub</name>
         <value>0x635</value>
         <object_component_ref idref="oc-1e7"/>
      </symbol>
      <symbol id="sm-526">
         <name>__aeabi_dadd</name>
         <value>0x63f</value>
         <object_component_ref idref="oc-1e7"/>
      </symbol>
      <symbol id="sm-537">
         <name>__aeabi_cdcmpeq</name>
         <value>0x1591</value>
         <object_component_ref idref="oc-27e"/>
      </symbol>
      <symbol id="sm-538">
         <name>__aeabi_cdcmple</name>
         <value>0x1591</value>
         <object_component_ref idref="oc-27e"/>
      </symbol>
      <symbol id="sm-542">
         <name>__aeabi_dmul</name>
         <value>0xad5</value>
         <object_component_ref idref="oc-290"/>
      </symbol>
      <symbol id="sm-54b">
         <name>__aeabi_d2iz</name>
         <value>0x1b81</value>
         <object_component_ref idref="oc-287"/>
      </symbol>
      <symbol id="sm-555">
         <name>__aeabi_f2d</name>
         <value>0x1e17</value>
         <object_component_ref idref="oc-1b6"/>
      </symbol>
      <symbol id="sm-55e">
         <name>__aeabi_i2d</name>
         <value>0x1f45</value>
         <object_component_ref idref="oc-1c9"/>
      </symbol>
      <symbol id="sm-578">
         <name>memcpy</name>
         <value>0x1135</value>
         <object_component_ref idref="oc-56"/>
      </symbol>
      <symbol id="sm-579">
         <name>__aeabi_memcpy</name>
         <value>0x1135</value>
         <object_component_ref idref="oc-56"/>
      </symbol>
      <symbol id="sm-57a">
         <name>__aeabi_memcpy8</name>
         <value>0x1135</value>
         <object_component_ref idref="oc-56"/>
      </symbol>
      <symbol id="sm-57b">
         <name>__aeabi_memcpy4</name>
         <value>0x1135</value>
         <object_component_ref idref="oc-56"/>
      </symbol>
      <symbol id="sm-582">
         <name>main_func_sp</name>
         <value>0x20000298</value>
         <object_component_ref idref="oc-53"/>
      </symbol>
      <symbol id="sm-599">
         <name>_nop</name>
         <value>0x210f</value>
         <object_component_ref idref="oc-14f"/>
      </symbol>
      <symbol id="sm-59a">
         <name>_lock</name>
         <value>0x20000288</value>
         <object_component_ref idref="oc-a9"/>
      </symbol>
      <symbol id="sm-59b">
         <name>_unlock</name>
         <value>0x2000028c</value>
         <object_component_ref idref="oc-a9"/>
      </symbol>
      <symbol id="sm-59c">
         <name>_register_lock</name>
         <value>0x2107</value>
         <object_component_ref idref="oc-14f"/>
      </symbol>
      <symbol id="sm-59d">
         <name>_register_unlock</name>
         <value>0x2101</value>
         <object_component_ref idref="oc-14f"/>
      </symbol>
      <symbol id="sm-5b0">
         <name>_args_main</name>
         <value>0x20d1</value>
         <object_component_ref idref="oc-49"/>
      </symbol>
      <symbol id="sm-5cc">
         <name>__TI_auto_init</name>
         <value>0x1269</value>
         <object_component_ref idref="oc-45"/>
      </symbol>
      <symbol id="sm-5e4">
         <name>copy_in</name>
         <value>0x1c55</value>
         <object_component_ref idref="oc-9c"/>
      </symbol>
      <symbol id="sm-62e">
         <name>I2CMasterDataPut</name>
         <value>0x226d</value>
         <object_component_ref idref="oc-17b"/>
      </symbol>
      <symbol id="sm-62f">
         <name>I2CMasterInitExpClk</name>
         <value>0x1af1</value>
         <object_component_ref idref="oc-2d8"/>
      </symbol>
      <symbol id="sm-630">
         <name>I2CMasterSlaveAddrSet</name>
         <value>0x2221</value>
         <object_component_ref idref="oc-174"/>
      </symbol>
      <symbol id="sm-631">
         <name>I2CMasterDataGet</name>
         <value>0x2269</value>
         <object_component_ref idref="oc-16b"/>
      </symbol>
      <symbol id="sm-632">
         <name>I2CMasterIntEnableEx</name>
         <value>0x2219</value>
         <object_component_ref idref="oc-2e2"/>
      </symbol>
      <symbol id="sm-633">
         <name>I2CMasterErr</name>
         <value>0x20e9</value>
         <object_component_ref idref="oc-dd"/>
      </symbol>
      <symbol id="sm-634">
         <name>I2CMasterControl</name>
         <value>0x2265</value>
         <object_component_ref idref="oc-e2"/>
      </symbol>
      <symbol id="sm-635">
         <name>I2CMasterEnable</name>
         <value>0x21fd</value>
         <object_component_ref idref="oc-31a"/>
      </symbol>
      <symbol id="sm-636">
         <name>I2CMasterIntClear</name>
         <value>0x2211</value>
         <object_component_ref idref="oc-d8"/>
      </symbol>
      <symbol id="sm-637">
         <name>__TI_static_base__</name>
         <value>0x0</value>
      </symbol>
      <symbol id="sm-638">
         <name>__TI_args_main</name>
         <value>0x1</value>
      </symbol>
      <symbol id="sm-639">
         <name>SHT$$INIT_ARRAY$$Limit</name>
         <value>0x0</value>
      </symbol>
      <symbol id="sm-63a">
         <name>SHT$$INIT_ARRAY$$Base</name>
         <value>0x0</value>
      </symbol>
   </symbol_table>
   <title>Link successful</title>
</link_info>
