******************************************************************************
                  TI ARM Linker PC v5.1.1                      
******************************************************************************
>> Linked Sun Feb 23 13:51:15 2014

OUTPUT FILE NAME:   <Aerobal-v1.0.out>
ENTRY POINT SYMBOL: "_c_int00"  address: 00001ac5


MEMORY CONFIGURATION

         name            origin    length      used     unused   attr    fill
----------------------  --------  ---------  --------  --------  ----  --------
  FLASH                 00000000   00040000  000023d0  0003dc30  R  X
  SRAM                  20000000   00008000  0000029c  00007d64  RW X


SEGMENT ALLOCATION MAP

run origin  load origin   length   init length attrs members
----------  ----------- ---------- ----------- ----- -------
00000000    00000000    000023d0   000023d0    r-x
  00000000    00000000    0000026c   0000026c    r-- .intvecs
  0000026c    0000026c    00001fd8   00001fd8    r-x .text
  00002244    00002244    00000154   00000154    r-- .const
  00002398    00002398    00000038   00000038    r-- .cinit
20000000    20000000    0000029c   00000000    rw-
  20000000    20000000    00000188   00000000    rw- .bss
  20000188    20000188    00000100   00000000    rw- .stack
  20000288    20000288    00000014   00000000    rw- .data


SECTION ALLOCATION MAP

 output                                  attributes/
section   page    origin      length       input sections
--------  ----  ----------  ----------   ----------------
.intvecs   0    00000000    0000026c     
                  00000000    0000026c     startup_ccs.obj (.intvecs)

.init_array 
*          0    00000000    00000000     UNINITIALIZED

.text      0    0000026c    00001fd8     
                  0000026c    000001ec     sensorlib.lib : bmp180.obj (.text:BMP180DataPressureGetFloat)
                  00000458    000001dc                   : bmp180.obj (.text:BMP180Callback)
                  00000634    000001b6     rtsv7M4_T_le_v4SPD16_eabi.lib : fd_add_t2.obj (.text)
                  000007ea    00000002     startup_ccs.obj (.text:FaultISR)
                  000007ec    00000180     ABTest.obj (.text:ABTestRelay)
                  0000096c    0000015c     ABTest.obj (.text:ABTestBMP)
                  00000ac8    000000fc     rtsv7M4_T_le_v4SPD16_eabi.lib : fd_mul_t2.obj (.text)
                  00000bc4    000000ea     sensorlib.lib : i2cm_drv.obj (.text:I2CMIntHandler)
                  00000cae    00000002     startup_ccs.obj (.text:IntDefaultHandler)
                  00000cb0    000000d0     ABTest.obj (.text:ABTestBT)
                  00000d80    000000c8     lcd.obj (.text:lcdInit)
                  00000e48    000000c4     lcd.obj (.text:lcdWriteDigits)
                  00000f0c    000000b8     driverlib.lib : gpio.obj (.text:GPIOPadConfigSet)
                  00000fc4    000000b4                   : sysctl.obj (.text:SysCtlClockGet)
                  00001078    000000b0     bluetooth.obj (.text:bluetoothInit)
                  00001128    0000009c     rtsv7M4_T_le_v4SPD16_eabi.lib : memcpy_t2.obj (.text)
                  000011c4    00000098     sensorlib.lib : i2cm_drv.obj (.text:I2CMStateIdle)
                  0000125c    00000094     rtsv7M4_T_le_v4SPD16_eabi.lib : auto_init.obj (.text)
                  000012f0    0000008c     bmp085.obj (.text:bmp085Init)
                  0000137c    00000084     sensorlib.lib : i2cm_drv.obj (.text:I2CMCommand)
                  00001400    00000084     bluetooth.obj (.text:bluetoothInterruptHandler)
                  00001484    00000080     sensorlib.lib : bmp180.obj (.text:BMP180DataTemperatureGetFloat)
                  00001504    00000080     lcd.obj (.text:lcdWriteNumber)
                  00001584    0000007e     rtsv7M4_T_le_v4SPD16_eabi.lib : fd_cmp_t2.obj (.text:__aeabi_cdcmple)
                  00001602    00000002     startup_ccs.obj (.text:NmiSR)
                  00001604    00000065     ABTest.obj (.text:ABTestLog)
                  00001669    00000003     --HOLE-- [fill = 0]
                  0000166c    00000064     driverlib.lib : interrupt.obj (.text:IntIsEnabled)
                  000016d0    00000060                   : interrupt.obj (.text:IntDisable)
                  00001730    00000060                   : interrupt.obj (.text:IntEnable)
                  00001790    0000005e     sensorlib.lib : i2cm_drv.obj (.text:I2CMStateWritePause)
                  000017ee    0000005e     rtsv7M4_T_le_v4SPD16_eabi.lib : copy_decompress_rle.obj (.text)
                  0000184c    00000058     sensorlib.lib : bmp180.obj (.text:BMP180DataRead)
                  000018a4    00000058                   : bmp180.obj (.text:BMP180Init)
                  000018fc    00000050     ABTest.obj (.text:ABTestDelay)
                  0000194c    00000050     ABTest.obj (.text:ABTestLCD)
                  0000199c    0000004e     sensorlib.lib : i2cm_drv.obj (.text:I2CMStateWriteFinal)
                  000019ea    00000002     --HOLE-- [fill = 0]
                  000019ec    00000048     driverlib.lib : gpio.obj (.text:GPIOPinConfigure)
                  00001a34    00000048     sensorlib.lib : i2cm_drv.obj (.text:I2CMStateReadNext)
                  00001a7c    00000048     driverlib.lib : i2c.obj (.text:I2CMasterInitExpClk)
                  00001ac4    00000048     rtsv7M4_T_le_v4SPD16_eabi.lib : boot.obj (.text)
                  00001b0c    00000048                                   : fd_toi_t2.obj (.text)
                  00001b54    00000046     sensorlib.lib : i2cm_drv.obj (.text:I2CMStateWriteNext)
                  00001b9a    00000002     --HOLE-- [fill = 0]
                  00001b9c    00000044     gpio.obj (.text:gpioSetMasterEnable)
                  00001be0    00000044     main.obj (.text:main)
                  00001c24    00000044     rtsv7M4_T_le_v4SPD16_eabi.lib : cpy_tbl.obj (.text)
                  00001c68    00000044                                   : exit.obj (.text)
                  00001cac    00000040     sensorlib.lib : i2cm_drv.obj (.text:I2CMStateCallback)
                  00001cec    00000040     bmp085.obj (.text:bmp085DataRead)
                  00001d2c    0000003e     sensorlib.lib : i2cm_drv.obj (.text:I2CMStateReadFinal)
                  00001d6a    0000003e                   : i2cm_drv.obj (.text:I2CMStateReadPause)
                  00001da8    0000003d     ABTest.obj (.text:ABTestLogLineClear)
                  00001de5    00000001     --HOLE-- [fill = 0]
                  00001de6    00000038     rtsv7M4_T_le_v4SPD16_eabi.lib : fs_tod_t2.obj (.text)
                  00001e1e    00000034     sensorlib.lib : i2cm_drv.obj (.text:I2CMInit)
                  00001e52    00000002     --HOLE-- [fill = 0]
                  00001e54    00000034     driverlib.lib : sysctl.obj (.text:SysCtlPeripheralEnable)
                  00001e88    00000030     lcd.obj (.text:lcdWriteToPort)
                  00001eb8    0000002e     lcd.obj (.text:lcdWriteLine)
                  00001ee6    0000002e     lcd.obj (.text:lcdWriteStringInLine)
                  00001f14    0000002e     rtsv7M4_T_le_v4SPD16_eabi.lib : i_tofd_t2.obj (.text)
                  00001f42    0000002a     driverlib.lib : gpio.obj (.text:GPIODirModeSet)
                  00001f6c    0000002a     sensorlib.lib : i2cm_drv.obj (.text:I2CMStateReadFirst)
                  00001f96    00000002     --HOLE-- [fill = 0]
                  00001f98    00000028     lcd.obj (.text:lcdWriteCommit)
                  00001fc0    00000028     lcd.obj (.text:lcdWriteData)
                  00001fe8    00000024     relay.obj (.text:relayInit)
                  0000200c    00000022     relay.obj (.text:relayToggle)
                  0000202e    00000020     sensorlib.lib : i2cm_drv.obj (.text:I2CMStateReadOne)
                  0000204e    00000002     --HOLE-- [fill = 0]
                  00002050    0000001c     lcd.obj (.text:lcdWriteCommand)
                  0000206c    0000001a     lcd.obj (.text:lcdWriteString)
                  00002086    00000018     sensorlib.lib : i2cm_drv.obj (.text:I2CMStateReadWait)
                  0000209e    00000002     --HOLE-- [fill = 0]
                  000020a0    00000018     rtsv7M4_T_le_v4SPD16_eabi.lib : args_main.obj (.text)
                  000020b8    00000016     driverlib.lib : i2c.obj (.text:I2CMasterErr)
                  000020ce    00000002     --HOLE-- [fill = 0]
                  000020d0    00000014     rtsv7M4_T_le_v4SPD16_eabi.lib : _lock.obj (.text)
                  000020e4    00000012     driverlib.lib : gpio.obj (.text:GPIOPinTypeI2C)
                  000020f6    00000012                   : gpio.obj (.text:GPIOPinTypeI2CSCL)
                  00002108    00000012     rtsv7M4_T_le_v4SPD16_eabi.lib : copy_zero_init.obj (.text:decompress:ZI)
                  0000211a    00000012     gpio.obj (.text:gpioSetDigitalEnable)
                  0000212c    00000010     bmp085.obj (.text:bmp085AppCallback)
                  0000213c    00000010     gpio.obj (.text:gpioSetData)
                  0000214c    00000010     gpio.obj (.text:gpioSetDirection)
                  0000215c    0000000e     rtsv7M4_T_le_v4SPD16_eabi.lib : copy_decompress_none.obj (.text:decompress:none)
                  0000216a    0000000c     driverlib.lib : cpu.obj (.text:CPUcpsie)
                  00002176    00000002     --HOLE-- [fill = 0]
                  00002178    0000000c                   : interrupt.obj (.text:IntTrigger)
                  00002184    0000000c     bmp085.obj (.text:bmp085GetPressure)
                  00002190    0000000c     bmp085.obj (.text:bmp085GetTemperature)
                  0000219c    0000000c     bmp085.obj (.text:bmp085I2CIntHandler)
                  000021a8    0000000c     gpio.obj (.text:gpioGetData)
                  000021b4    0000000c     relay.obj (.text:relayOff)
                  000021c0    0000000c     relay.obj (.text:relayOn)
                  000021cc    0000000a     driverlib.lib : i2c.obj (.text:I2CMasterEnable)
                  000021d6    0000000a                   : interrupt.obj (.text:IntMasterEnable)
                  000021e0    00000008                   : i2c.obj (.text:I2CMasterIntClear)
                  000021e8    00000008                   : i2c.obj (.text:I2CMasterIntEnableEx)
                  000021f0    00000008                   : i2c.obj (.text:I2CMasterSlaveAddrSet)
                  000021f8    00000006                   : gpio.obj (.text:GPIOPinWrite)
                  000021fe    00000006     startup_ccs.obj (.text:ResetISR)
                  00002204    00000006     driverlib.lib : sysctl.obj (.text:SysCtlDelay)
                  0000220a    00000006     rtsv7M4_T_le_v4SPD16_eabi.lib : copy_decompress_rle.obj (.text:decompress:rle24)
                  00002210    00000006     lcd.obj (.text:lcdClear)
                  00002216    00000006     lcd.obj (.text:lcdCursorLine1)
                  0000221c    00000006     lcd.obj (.text:lcdCursorLine2)
                  00002222    00000006     lcd.obj (.text:lcdCursorLine3)
                  00002228    00000006     lcd.obj (.text:lcdCursorLine4)
                  0000222e    00000006     lcd.obj (.text:lcdWriteSingleDigit)
                  00002234    00000004     driverlib.lib : i2c.obj (.text:I2CMasterControl)
                  00002238    00000004                   : i2c.obj (.text:I2CMasterDataGet)
                  0000223c    00000004                   : i2c.obj (.text:I2CMasterDataPut)
                  00002240    00000004     lcd.obj (.text:lcdWriteLetter)

.const     0    00002244    00000154     
                  00002244    00000078     driverlib.lib : gpio.obj (.const:g_pui32GPIOBaseAddrs)
                  000022bc    00000070                   : interrupt.obj (.const)
                  0000232c    0000006c                   : sysctl.obj (.const:g_pui32Xtals)

.cinit     0    00002398    00000038     
                  00002398    0000000f     (.cinit..data.load) [load image, compression = rle]
                  000023a7    00000001     --HOLE-- [fill = 0]
                  000023a8    0000000c     (__TI_handler_table)
                  000023b4    00000004     --HOLE-- [fill = 0]
                  000023b8    00000008     (.cinit..bss.load) [load image, compression = zero_init]
                  000023c0    00000010     (__TI_cinit_table)

.bss       0    20000000    00000188     UNINITIALIZED
                  20000000    00000124     bmp085.obj (.bss:TII2C_ModuleInstance)
                  20000124    00000044     bmp085.obj (.bss:TIBMP085_AppInstance)
                  20000168    00000004     (.common:_lcdInited)
                  2000016c    00000004     (.common:_lcdPortControl)
                  20000170    00000004     (.common:_lcdPortDataLower)
                  20000174    00000004     (.common:_lcdPortDataUpper)
                  20000178    00000004     (.common:bluetoothEventCount)
                  2000017c    00000004     (.common:bmp085_dataFlag)
                  20000180    00000004     (.common:bmpPressure)
                  20000184    00000004     (.common:bmpTemperature)

.stack     0    20000188    00000100     UNINITIALIZED
                  20000188    00000100     --HOLE--

.data      0    20000288    00000014     UNINITIALIZED
                  20000288    00000008     rtsv7M4_T_le_v4SPD16_eabi.lib : _lock.obj (.data)
                  20000290    00000008                                   : exit.obj (.data)
                  20000298    00000004                                   : stkdepth_vars.obj (.data)


LINKER GENERATED COPY TABLES

__TI_cinit_table @ 000023c0 records: 2, size/record: 8, table size: 16
	.data: load addr=00002398, load size=0000000f bytes, run addr=20000288, run size=00000014 bytes, compression=rle
	.bss: load addr=000023b8, load size=00000008 bytes, run addr=20000000, run size=00000188 bytes, compression=zero_init


LINKER GENERATED HANDLER TABLE

__TI_handler_table @ 000023a8 records: 3, size/record: 4, table size: 12
	index: 0, handler: __TI_decompress_rle24
	index: 1, handler: __TI_decompress_none
	index: 2, handler: __TI_zero_init


GLOBAL SYMBOLS: SORTED ALPHABETICALLY BY Name 

address    name
--------   ----
0000096d   ABTestBMP
00000cb1   ABTestBT
000018fd   ABTestDelay
0000194d   ABTestLCD
00001605   ABTestLog
00001da9   ABTestLogLineClear
000007ed   ABTestRelay
0000026d   BMP180DataPressureGetFloat
0000184d   BMP180DataRead
00001485   BMP180DataTemperatureGetFloat
000018a5   BMP180Init
00001c69   C$$EXIT
0000216b   CPUcpsie
00001f43   GPIODirModeSet
00000f0d   GPIOPadConfigSet
000019ed   GPIOPinConfigure
000020e5   GPIOPinTypeI2C
000020f7   GPIOPinTypeI2CSCL
000021f9   GPIOPinWrite
0000137d   I2CMCommand
00001e1f   I2CMInit
00000bc5   I2CMIntHandler
00002235   I2CMasterControl
00002239   I2CMasterDataGet
0000223d   I2CMasterDataPut
000021cd   I2CMasterEnable
000020b9   I2CMasterErr
00001a7d   I2CMasterInitExpClk
000021e1   I2CMasterIntClear
000021e9   I2CMasterIntEnableEx
000021f1   I2CMasterSlaveAddrSet
000016d1   IntDisable
00001731   IntEnable
0000166d   IntIsEnabled
000021d7   IntMasterEnable
00002179   IntTrigger
000021ff   ResetISR
UNDEFED    SHT$$INIT_ARRAY$$Base
UNDEFED    SHT$$INIT_ARRAY$$Limit
00000fc5   SysCtlClockGet
00002205   SysCtlDelay
00001e55   SysCtlPeripheralEnable
20000124   TIBMP085_AppInstance
20000000   TII2C_ModuleInstance
20000288   __STACK_END
00000100   __STACK_SIZE
20000288   __STACK_TOP
000023c0   __TI_CINIT_Base
000023d0   __TI_CINIT_Limit
000023a8   __TI_Handler_Table_Base
000023b4   __TI_Handler_Table_Limit
00000001   __TI_args_main
0000125d   __TI_auto_init
20000290   __TI_cleanup_ptr
0000215d   __TI_decompress_none
0000220b   __TI_decompress_rle24
20000294   __TI_dtors_ptr
00000000   __TI_static_base__
00002109   __TI_zero_init
00001585   __aeabi_cdcmpeq
00001585   __aeabi_cdcmple
00001b0d   __aeabi_d2iz
0000063f   __aeabi_dadd
00000ac9   __aeabi_dmul
00000635   __aeabi_dsub
00001de7   __aeabi_f2d
00001f15   __aeabi_i2d
00001129   __aeabi_memcpy
00001129   __aeabi_memcpy4
00001129   __aeabi_memcpy8
ffffffff   __binit__
ffffffff   __c_args__
20000188   __stack
000020a1   _args_main
00001ac5   _c_int00
20000168   _lcdInited
2000016c   _lcdPortControl
20000170   _lcdPortDataLower
20000174   _lcdPortDataUpper
20000288   _lock
000020df   _nop
000020d7   _register_lock
000020d1   _register_unlock
2000028c   _unlock
00001c6d   abort
ffffffff   binit
20000178   bluetoothEventCount
00001079   bluetoothInit
00001401   bluetoothInterruptHandler
0000212d   bmp085AppCallback
00001ced   bmp085DataRead
00002185   bmp085GetPressure
00002191   bmp085GetTemperature
0000219d   bmp085I2CIntHandler
000012f1   bmp085Init
2000017c   bmp085_dataFlag
20000180   bmpPressure
20000184   bmpTemperature
00001c25   copy_in
00001c75   exit
00000000   g_pfnVectors
000021a9   gpioGetData
0000213d   gpioSetData
0000211b   gpioSetDigitalEnable
0000214d   gpioSetDirection
00001b9d   gpioSetMasterEnable
00002211   lcdClear
00002217   lcdCursorLine1
0000221d   lcdCursorLine2
00002223   lcdCursorLine3
00002229   lcdCursorLine4
00000d81   lcdInit
00002051   lcdWriteCommand
00001f99   lcdWriteCommit
00001fc1   lcdWriteData
00000e49   lcdWriteDigits
00002241   lcdWriteLetter
00001eb9   lcdWriteLine
00001505   lcdWriteNumber
0000222f   lcdWriteSingleDigit
0000206d   lcdWriteString
00001ee7   lcdWriteStringInLine
00001e89   lcdWriteToPort
00001be1   main
20000298   main_func_sp
00001129   memcpy
00001fe9   relayInit
000021b5   relayOff
000021c1   relayOn
0000200d   relayToggle


GLOBAL SYMBOLS: SORTED BY Symbol Address 

address    name
--------   ----
00000000   __TI_static_base__
00000000   g_pfnVectors
00000001   __TI_args_main
00000100   __STACK_SIZE
0000026d   BMP180DataPressureGetFloat
00000635   __aeabi_dsub
0000063f   __aeabi_dadd
000007ed   ABTestRelay
0000096d   ABTestBMP
00000ac9   __aeabi_dmul
00000bc5   I2CMIntHandler
00000cb1   ABTestBT
00000d81   lcdInit
00000e49   lcdWriteDigits
00000f0d   GPIOPadConfigSet
00000fc5   SysCtlClockGet
00001079   bluetoothInit
00001129   __aeabi_memcpy
00001129   __aeabi_memcpy4
00001129   __aeabi_memcpy8
00001129   memcpy
0000125d   __TI_auto_init
000012f1   bmp085Init
0000137d   I2CMCommand
00001401   bluetoothInterruptHandler
00001485   BMP180DataTemperatureGetFloat
00001505   lcdWriteNumber
00001585   __aeabi_cdcmpeq
00001585   __aeabi_cdcmple
00001605   ABTestLog
0000166d   IntIsEnabled
000016d1   IntDisable
00001731   IntEnable
0000184d   BMP180DataRead
000018a5   BMP180Init
000018fd   ABTestDelay
0000194d   ABTestLCD
000019ed   GPIOPinConfigure
00001a7d   I2CMasterInitExpClk
00001ac5   _c_int00
00001b0d   __aeabi_d2iz
00001b9d   gpioSetMasterEnable
00001be1   main
00001c25   copy_in
00001c69   C$$EXIT
00001c6d   abort
00001c75   exit
00001ced   bmp085DataRead
00001da9   ABTestLogLineClear
00001de7   __aeabi_f2d
00001e1f   I2CMInit
00001e55   SysCtlPeripheralEnable
00001e89   lcdWriteToPort
00001eb9   lcdWriteLine
00001ee7   lcdWriteStringInLine
00001f15   __aeabi_i2d
00001f43   GPIODirModeSet
00001f99   lcdWriteCommit
00001fc1   lcdWriteData
00001fe9   relayInit
0000200d   relayToggle
00002051   lcdWriteCommand
0000206d   lcdWriteString
000020a1   _args_main
000020b9   I2CMasterErr
000020d1   _register_unlock
000020d7   _register_lock
000020df   _nop
000020e5   GPIOPinTypeI2C
000020f7   GPIOPinTypeI2CSCL
00002109   __TI_zero_init
0000211b   gpioSetDigitalEnable
0000212d   bmp085AppCallback
0000213d   gpioSetData
0000214d   gpioSetDirection
0000215d   __TI_decompress_none
0000216b   CPUcpsie
00002179   IntTrigger
00002185   bmp085GetPressure
00002191   bmp085GetTemperature
0000219d   bmp085I2CIntHandler
000021a9   gpioGetData
000021b5   relayOff
000021c1   relayOn
000021cd   I2CMasterEnable
000021d7   IntMasterEnable
000021e1   I2CMasterIntClear
000021e9   I2CMasterIntEnableEx
000021f1   I2CMasterSlaveAddrSet
000021f9   GPIOPinWrite
000021ff   ResetISR
00002205   SysCtlDelay
0000220b   __TI_decompress_rle24
00002211   lcdClear
00002217   lcdCursorLine1
0000221d   lcdCursorLine2
00002223   lcdCursorLine3
00002229   lcdCursorLine4
0000222f   lcdWriteSingleDigit
00002235   I2CMasterControl
00002239   I2CMasterDataGet
0000223d   I2CMasterDataPut
00002241   lcdWriteLetter
000023a8   __TI_Handler_Table_Base
000023b4   __TI_Handler_Table_Limit
000023c0   __TI_CINIT_Base
000023d0   __TI_CINIT_Limit
20000000   TII2C_ModuleInstance
20000124   TIBMP085_AppInstance
20000168   _lcdInited
2000016c   _lcdPortControl
20000170   _lcdPortDataLower
20000174   _lcdPortDataUpper
20000178   bluetoothEventCount
2000017c   bmp085_dataFlag
20000180   bmpPressure
20000184   bmpTemperature
20000188   __stack
20000288   __STACK_END
20000288   __STACK_TOP
20000288   _lock
2000028c   _unlock
20000290   __TI_cleanup_ptr
20000294   __TI_dtors_ptr
20000298   main_func_sp
ffffffff   __binit__
ffffffff   __c_args__
ffffffff   binit
UNDEFED    SHT$$INIT_ARRAY$$Base
UNDEFED    SHT$$INIT_ARRAY$$Limit

[130 symbols]
