******************************************************************************
                  TI ARM Linker PC v5.1.1                      
******************************************************************************
>> Linked Sun Feb 23 19:52:25 2014

OUTPUT FILE NAME:   <Aerobal-v1.0.out>
ENTRY POINT SYMBOL: "_c_int00"  address: 00001b39


MEMORY CONFIGURATION

         name            origin    length      used     unused   attr    fill
----------------------  --------  ---------  --------  --------  ----  --------
  FLASH                 00000000   00040000  00002400  0003dc00  R  X
  SRAM                  20000000   00008000  0000029c  00007d64  RW X


SEGMENT ALLOCATION MAP

run origin  load origin   length   init length attrs members
----------  ----------- ---------- ----------- ----- -------
00000000    00000000    00002400   00002400    r-x
  00000000    00000000    0000026c   0000026c    r-- .intvecs
  0000026c    0000026c    00002008   00002008    r-x .text
  00002274    00002274    00000154   00000154    r-- .const
  000023c8    000023c8    00000038   00000038    r-- .cinit
20000000    20000000    0000029c   00000000    rw-
  20000000    20000000    00000188   00000000    rw- .bss
  20000188    20000188    00000100   00000000    rw- .stack
  20000288    20000288    00000014   00000000    rw- .data


SECTION ALLOCATION MAP

 output                                  attributes/
section   page    origin      length       input sections
--------  ----  ----------  ----------   ----------------
.intvecs   0    00000000    0000026c     
                  00000000    0000026c     startup_ccs.obj (.intvecs)

.init_array 
*          0    00000000    00000000     UNINITIALIZED

.text      0    0000026c    00002008     
                  0000026c    000001ec     sensorlib.lib : bmp180.obj (.text:BMP180DataPressureGetFloat)
                  00000458    000001dc                   : bmp180.obj (.text:BMP180Callback)
                  00000634    000001b6     rtsv7M4_T_le_v4SPD16_eabi.lib : fd_add_t2.obj (.text)
                  000007ea    00000002     startup_ccs.obj (.text:FaultISR)
                  000007ec    00000180     ABTest.obj (.text:ABTestRelay)
                  0000096c    00000168     ABTest.obj (.text:ABTestBMP)
                  00000ad4    000000fc     rtsv7M4_T_le_v4SPD16_eabi.lib : fd_mul_t2.obj (.text)
                  00000bd0    000000ea     sensorlib.lib : i2cm_drv.obj (.text:I2CMIntHandler)
                  00000cba    00000002     startup_ccs.obj (.text:IntDefaultHandler)
                  00000cbc    000000d0     ABTest.obj (.text:ABTestBT)
                  00000d8c    000000c8     lcd.obj (.text:lcdInit)
                  00000e54    000000c4     lcd.obj (.text:lcdWriteDigits)
                  00000f18    000000b8     driverlib.lib : gpio.obj (.text:GPIOPadConfigSet)
                  00000fd0    000000b4                   : sysctl.obj (.text:SysCtlClockGet)
                  00001084    000000b0     bluetooth.obj (.text:bluetoothInit)
                  00001134    0000009c     rtsv7M4_T_le_v4SPD16_eabi.lib : memcpy_t2.obj (.text)
                  000011d0    00000098     sensorlib.lib : i2cm_drv.obj (.text:I2CMStateIdle)
                  00001268    00000094     rtsv7M4_T_le_v4SPD16_eabi.lib : auto_init.obj (.text)
                  000012fc    0000008c     bmp085.obj (.text:bmp085Init)
                  00001388    00000084     sensorlib.lib : i2cm_drv.obj (.text:I2CMCommand)
                  0000140c    00000084     bluetooth.obj (.text:bluetoothInterruptHandler)
                  00001490    00000080     sensorlib.lib : bmp180.obj (.text:BMP180DataTemperatureGetFloat)
                  00001510    00000080     lcd.obj (.text:lcdWriteNumber)
                  00001590    0000007e     rtsv7M4_T_le_v4SPD16_eabi.lib : fd_cmp_t2.obj (.text:__aeabi_cdcmple)
                  0000160e    00000002     startup_ccs.obj (.text:NmiSR)
                  00001610    00000068     main.obj (.text:main)
                  00001678    00000065     ABTest.obj (.text:ABTestLog)
                  000016dd    00000003     --HOLE-- [fill = 0]
                  000016e0    00000064     driverlib.lib : interrupt.obj (.text:IntIsEnabled)
                  00001744    00000060                   : interrupt.obj (.text:IntDisable)
                  000017a4    00000060                   : interrupt.obj (.text:IntEnable)
                  00001804    0000005e     sensorlib.lib : i2cm_drv.obj (.text:I2CMStateWritePause)
                  00001862    0000005e     rtsv7M4_T_le_v4SPD16_eabi.lib : copy_decompress_rle.obj (.text)
                  000018c0    00000058     sensorlib.lib : bmp180.obj (.text:BMP180DataRead)
                  00001918    00000058                   : bmp180.obj (.text:BMP180Init)
                  00001970    00000050     ABTest.obj (.text:ABTestDelay)
                  000019c0    00000050     ABTest.obj (.text:ABTestLCD)
                  00001a10    0000004e     sensorlib.lib : i2cm_drv.obj (.text:I2CMStateWriteFinal)
                  00001a5e    00000002     --HOLE-- [fill = 0]
                  00001a60    00000048     driverlib.lib : gpio.obj (.text:GPIOPinConfigure)
                  00001aa8    00000048     sensorlib.lib : i2cm_drv.obj (.text:I2CMStateReadNext)
                  00001af0    00000048     driverlib.lib : i2c.obj (.text:I2CMasterInitExpClk)
                  00001b38    00000048     rtsv7M4_T_le_v4SPD16_eabi.lib : boot.obj (.text)
                  00001b80    00000048                                   : fd_toi_t2.obj (.text)
                  00001bc8    00000046     sensorlib.lib : i2cm_drv.obj (.text:I2CMStateWriteNext)
                  00001c0e    00000002     --HOLE-- [fill = 0]
                  00001c10    00000044     gpio.obj (.text:gpioSetMasterEnable)
                  00001c54    00000044     rtsv7M4_T_le_v4SPD16_eabi.lib : cpy_tbl.obj (.text)
                  00001c98    00000044                                   : exit.obj (.text)
                  00001cdc    00000040     sensorlib.lib : i2cm_drv.obj (.text:I2CMStateCallback)
                  00001d1c    00000040     bmp085.obj (.text:bmp085DataRead)
                  00001d5c    0000003e     sensorlib.lib : i2cm_drv.obj (.text:I2CMStateReadFinal)
                  00001d9a    0000003e                   : i2cm_drv.obj (.text:I2CMStateReadPause)
                  00001dd8    0000003d     ABTest.obj (.text:ABTestLogLineClear)
                  00001e15    00000001     --HOLE-- [fill = 0]
                  00001e16    00000038     rtsv7M4_T_le_v4SPD16_eabi.lib : fs_tod_t2.obj (.text)
                  00001e4e    00000034     sensorlib.lib : i2cm_drv.obj (.text:I2CMInit)
                  00001e82    00000002     --HOLE-- [fill = 0]
                  00001e84    00000034     driverlib.lib : sysctl.obj (.text:SysCtlPeripheralEnable)
                  00001eb8    00000030     lcd.obj (.text:lcdWriteToPort)
                  00001ee8    0000002e     lcd.obj (.text:lcdWriteLine)
                  00001f16    0000002e     lcd.obj (.text:lcdWriteStringInLine)
                  00001f44    0000002e     rtsv7M4_T_le_v4SPD16_eabi.lib : i_tofd_t2.obj (.text)
                  00001f72    0000002a     driverlib.lib : gpio.obj (.text:GPIODirModeSet)
                  00001f9c    0000002a     sensorlib.lib : i2cm_drv.obj (.text:I2CMStateReadFirst)
                  00001fc6    00000002     --HOLE-- [fill = 0]
                  00001fc8    00000028     lcd.obj (.text:lcdWriteCommit)
                  00001ff0    00000028     lcd.obj (.text:lcdWriteData)
                  00002018    00000024     relay.obj (.text:relayInit)
                  0000203c    00000022     relay.obj (.text:relayToggle)
                  0000205e    00000020     sensorlib.lib : i2cm_drv.obj (.text:I2CMStateReadOne)
                  0000207e    00000002     --HOLE-- [fill = 0]
                  00002080    0000001c     lcd.obj (.text:lcdWriteCommand)
                  0000209c    0000001a     lcd.obj (.text:lcdWriteString)
                  000020b6    00000018     sensorlib.lib : i2cm_drv.obj (.text:I2CMStateReadWait)
                  000020ce    00000002     --HOLE-- [fill = 0]
                  000020d0    00000018     rtsv7M4_T_le_v4SPD16_eabi.lib : args_main.obj (.text)
                  000020e8    00000016     driverlib.lib : i2c.obj (.text:I2CMasterErr)
                  000020fe    00000002     --HOLE-- [fill = 0]
                  00002100    00000014     rtsv7M4_T_le_v4SPD16_eabi.lib : _lock.obj (.text)
                  00002114    00000012     driverlib.lib : gpio.obj (.text:GPIOPinTypeI2C)
                  00002126    00000012                   : gpio.obj (.text:GPIOPinTypeI2CSCL)
                  00002138    00000012     rtsv7M4_T_le_v4SPD16_eabi.lib : copy_zero_init.obj (.text:decompress:ZI)
                  0000214a    00000012     gpio.obj (.text:gpioSetDigitalEnable)
                  0000215c    00000010     bmp085.obj (.text:bmp085AppCallback)
                  0000216c    00000010     gpio.obj (.text:gpioSetData)
                  0000217c    00000010     gpio.obj (.text:gpioSetDirection)
                  0000218c    0000000e     rtsv7M4_T_le_v4SPD16_eabi.lib : copy_decompress_none.obj (.text:decompress:none)
                  0000219a    0000000c     driverlib.lib : cpu.obj (.text:CPUcpsie)
                  000021a6    00000002     --HOLE-- [fill = 0]
                  000021a8    0000000c                   : interrupt.obj (.text:IntTrigger)
                  000021b4    0000000c     bmp085.obj (.text:bmp085GetPressure)
                  000021c0    0000000c     bmp085.obj (.text:bmp085GetTemperature)
                  000021cc    0000000c     bmp085.obj (.text:bmp085I2CIntHandler)
                  000021d8    0000000c     gpio.obj (.text:gpioGetData)
                  000021e4    0000000c     relay.obj (.text:relayOff)
                  000021f0    0000000c     relay.obj (.text:relayOn)
                  000021fc    0000000a     driverlib.lib : i2c.obj (.text:I2CMasterEnable)
                  00002206    0000000a                   : interrupt.obj (.text:IntMasterEnable)
                  00002210    00000008                   : i2c.obj (.text:I2CMasterIntClear)
                  00002218    00000008                   : i2c.obj (.text:I2CMasterIntEnableEx)
                  00002220    00000008                   : i2c.obj (.text:I2CMasterSlaveAddrSet)
                  00002228    00000006                   : gpio.obj (.text:GPIOPinWrite)
                  0000222e    00000006     startup_ccs.obj (.text:ResetISR)
                  00002234    00000006     driverlib.lib : sysctl.obj (.text:SysCtlDelay)
                  0000223a    00000006     rtsv7M4_T_le_v4SPD16_eabi.lib : copy_decompress_rle.obj (.text:decompress:rle24)
                  00002240    00000006     lcd.obj (.text:lcdClear)
                  00002246    00000006     lcd.obj (.text:lcdCursorLine1)
                  0000224c    00000006     lcd.obj (.text:lcdCursorLine2)
                  00002252    00000006     lcd.obj (.text:lcdCursorLine3)
                  00002258    00000006     lcd.obj (.text:lcdCursorLine4)
                  0000225e    00000006     lcd.obj (.text:lcdWriteSingleDigit)
                  00002264    00000004     driverlib.lib : i2c.obj (.text:I2CMasterControl)
                  00002268    00000004                   : i2c.obj (.text:I2CMasterDataGet)
                  0000226c    00000004                   : i2c.obj (.text:I2CMasterDataPut)
                  00002270    00000004     lcd.obj (.text:lcdWriteLetter)

.const     0    00002274    00000154     
                  00002274    00000078     driverlib.lib : gpio.obj (.const:g_pui32GPIOBaseAddrs)
                  000022ec    00000070                   : interrupt.obj (.const)
                  0000235c    0000006c                   : sysctl.obj (.const:g_pui32Xtals)

.cinit     0    000023c8    00000038     
                  000023c8    0000000f     (.cinit..data.load) [load image, compression = rle]
                  000023d7    00000001     --HOLE-- [fill = 0]
                  000023d8    0000000c     (__TI_handler_table)
                  000023e4    00000004     --HOLE-- [fill = 0]
                  000023e8    00000008     (.cinit..bss.load) [load image, compression = zero_init]
                  000023f0    00000010     (__TI_cinit_table)

.bss       0    20000000    00000188     UNINITIALIZED
                  20000000    00000124     bmp085.obj (.bss:TII2C_ModuleInstance)
                  20000124    00000044     bmp085.obj (.bss:TIBMP085_AppInstance)
                  20000168    00000004     (.common:_lcdInited)
                  2000016c    00000004     (.common:_lcdPortControl)
                  20000170    00000004     (.common:_lcdPortDataLower)
                  20000174    00000004     (.common:_lcdPortDataUpper)
                  20000178    00000004     (.common:bluetoothEventCount)
                  2000017c    00000004     (.common:bmp085_dataFlag)
                  20000180    00000004     (.common:bmpPressure)
                  20000184    00000004     (.common:bmpTemperature)

.stack     0    20000188    00000100     UNINITIALIZED
                  20000188    00000100     --HOLE--

.data      0    20000288    00000014     UNINITIALIZED
                  20000288    00000008     rtsv7M4_T_le_v4SPD16_eabi.lib : _lock.obj (.data)
                  20000290    00000008                                   : exit.obj (.data)
                  20000298    00000004                                   : stkdepth_vars.obj (.data)


LINKER GENERATED COPY TABLES

__TI_cinit_table @ 000023f0 records: 2, size/record: 8, table size: 16
	.data: load addr=000023c8, load size=0000000f bytes, run addr=20000288, run size=00000014 bytes, compression=rle
	.bss: load addr=000023e8, load size=00000008 bytes, run addr=20000000, run size=00000188 bytes, compression=zero_init


LINKER GENERATED HANDLER TABLE

__TI_handler_table @ 000023d8 records: 3, size/record: 4, table size: 12
	index: 0, handler: __TI_decompress_rle24
	index: 1, handler: __TI_decompress_none
	index: 2, handler: __TI_zero_init


GLOBAL SYMBOLS: SORTED ALPHABETICALLY BY Name 

address    name
--------   ----
0000096d   ABTestBMP
00000cbd   ABTestBT
00001971   ABTestDelay
000019c1   ABTestLCD
00001679   ABTestLog
00001dd9   ABTestLogLineClear
000007ed   ABTestRelay
0000026d   BMP180DataPressureGetFloat
000018c1   BMP180DataRead
00001491   BMP180DataTemperatureGetFloat
00001919   BMP180Init
00001c99   C$$EXIT
0000219b   CPUcpsie
00001f73   GPIODirModeSet
00000f19   GPIOPadConfigSet
00001a61   GPIOPinConfigure
00002115   GPIOPinTypeI2C
00002127   GPIOPinTypeI2CSCL
00002229   GPIOPinWrite
00001389   I2CMCommand
00001e4f   I2CMInit
00000bd1   I2CMIntHandler
00002265   I2CMasterControl
00002269   I2CMasterDataGet
0000226d   I2CMasterDataPut
000021fd   I2CMasterEnable
000020e9   I2CMasterErr
00001af1   I2CMasterInitExpClk
00002211   I2CMasterIntClear
00002219   I2CMasterIntEnableEx
00002221   I2CMasterSlaveAddrSet
00001745   IntDisable
000017a5   IntEnable
000016e1   IntIsEnabled
00002207   IntMasterEnable
000021a9   IntTrigger
0000222f   ResetISR
UNDEFED    SHT$$INIT_ARRAY$$Base
UNDEFED    SHT$$INIT_ARRAY$$Limit
00000fd1   SysCtlClockGet
00002235   SysCtlDelay
00001e85   SysCtlPeripheralEnable
20000124   TIBMP085_AppInstance
20000000   TII2C_ModuleInstance
20000288   __STACK_END
00000100   __STACK_SIZE
20000288   __STACK_TOP
000023f0   __TI_CINIT_Base
00002400   __TI_CINIT_Limit
000023d8   __TI_Handler_Table_Base
000023e4   __TI_Handler_Table_Limit
00000001   __TI_args_main
00001269   __TI_auto_init
20000290   __TI_cleanup_ptr
0000218d   __TI_decompress_none
0000223b   __TI_decompress_rle24
20000294   __TI_dtors_ptr
00000000   __TI_static_base__
00002139   __TI_zero_init
00001591   __aeabi_cdcmpeq
00001591   __aeabi_cdcmple
00001b81   __aeabi_d2iz
0000063f   __aeabi_dadd
00000ad5   __aeabi_dmul
00000635   __aeabi_dsub
00001e17   __aeabi_f2d
00001f45   __aeabi_i2d
00001135   __aeabi_memcpy
00001135   __aeabi_memcpy4
00001135   __aeabi_memcpy8
ffffffff   __binit__
ffffffff   __c_args__
20000188   __stack
000020d1   _args_main
00001b39   _c_int00
20000168   _lcdInited
2000016c   _lcdPortControl
20000170   _lcdPortDataLower
20000174   _lcdPortDataUpper
20000288   _lock
0000210f   _nop
00002107   _register_lock
00002101   _register_unlock
2000028c   _unlock
00001c9d   abort
ffffffff   binit
20000178   bluetoothEventCount
00001085   bluetoothInit
0000140d   bluetoothInterruptHandler
0000215d   bmp085AppCallback
00001d1d   bmp085DataRead
000021b5   bmp085GetPressure
000021c1   bmp085GetTemperature
000021cd   bmp085I2CIntHandler
000012fd   bmp085Init
2000017c   bmp085_dataFlag
20000180   bmpPressure
20000184   bmpTemperature
00001c55   copy_in
00001ca5   exit
00000000   g_pfnVectors
000021d9   gpioGetData
0000216d   gpioSetData
0000214b   gpioSetDigitalEnable
0000217d   gpioSetDirection
00001c11   gpioSetMasterEnable
00002241   lcdClear
00002247   lcdCursorLine1
0000224d   lcdCursorLine2
00002253   lcdCursorLine3
00002259   lcdCursorLine4
00000d8d   lcdInit
00002081   lcdWriteCommand
00001fc9   lcdWriteCommit
00001ff1   lcdWriteData
00000e55   lcdWriteDigits
00002271   lcdWriteLetter
00001ee9   lcdWriteLine
00001511   lcdWriteNumber
0000225f   lcdWriteSingleDigit
0000209d   lcdWriteString
00001f17   lcdWriteStringInLine
00001eb9   lcdWriteToPort
00001611   main
20000298   main_func_sp
00001135   memcpy
00002019   relayInit
000021e5   relayOff
000021f1   relayOn
0000203d   relayToggle


GLOBAL SYMBOLS: SORTED BY Symbol Address 

address    name
--------   ----
00000000   __TI_static_base__
00000000   g_pfnVectors
00000001   __TI_args_main
00000100   __STACK_SIZE
0000026d   BMP180DataPressureGetFloat
00000635   __aeabi_dsub
0000063f   __aeabi_dadd
000007ed   ABTestRelay
0000096d   ABTestBMP
00000ad5   __aeabi_dmul
00000bd1   I2CMIntHandler
00000cbd   ABTestBT
00000d8d   lcdInit
00000e55   lcdWriteDigits
00000f19   GPIOPadConfigSet
00000fd1   SysCtlClockGet
00001085   bluetoothInit
00001135   __aeabi_memcpy
00001135   __aeabi_memcpy4
00001135   __aeabi_memcpy8
00001135   memcpy
00001269   __TI_auto_init
000012fd   bmp085Init
00001389   I2CMCommand
0000140d   bluetoothInterruptHandler
00001491   BMP180DataTemperatureGetFloat
00001511   lcdWriteNumber
00001591   __aeabi_cdcmpeq
00001591   __aeabi_cdcmple
00001611   main
00001679   ABTestLog
000016e1   IntIsEnabled
00001745   IntDisable
000017a5   IntEnable
000018c1   BMP180DataRead
00001919   BMP180Init
00001971   ABTestDelay
000019c1   ABTestLCD
00001a61   GPIOPinConfigure
00001af1   I2CMasterInitExpClk
00001b39   _c_int00
00001b81   __aeabi_d2iz
00001c11   gpioSetMasterEnable
00001c55   copy_in
00001c99   C$$EXIT
00001c9d   abort
00001ca5   exit
00001d1d   bmp085DataRead
00001dd9   ABTestLogLineClear
00001e17   __aeabi_f2d
00001e4f   I2CMInit
00001e85   SysCtlPeripheralEnable
00001eb9   lcdWriteToPort
00001ee9   lcdWriteLine
00001f17   lcdWriteStringInLine
00001f45   __aeabi_i2d
00001f73   GPIODirModeSet
00001fc9   lcdWriteCommit
00001ff1   lcdWriteData
00002019   relayInit
0000203d   relayToggle
00002081   lcdWriteCommand
0000209d   lcdWriteString
000020d1   _args_main
000020e9   I2CMasterErr
00002101   _register_unlock
00002107   _register_lock
0000210f   _nop
00002115   GPIOPinTypeI2C
00002127   GPIOPinTypeI2CSCL
00002139   __TI_zero_init
0000214b   gpioSetDigitalEnable
0000215d   bmp085AppCallback
0000216d   gpioSetData
0000217d   gpioSetDirection
0000218d   __TI_decompress_none
0000219b   CPUcpsie
000021a9   IntTrigger
000021b5   bmp085GetPressure
000021c1   bmp085GetTemperature
000021cd   bmp085I2CIntHandler
000021d9   gpioGetData
000021e5   relayOff
000021f1   relayOn
000021fd   I2CMasterEnable
00002207   IntMasterEnable
00002211   I2CMasterIntClear
00002219   I2CMasterIntEnableEx
00002221   I2CMasterSlaveAddrSet
00002229   GPIOPinWrite
0000222f   ResetISR
00002235   SysCtlDelay
0000223b   __TI_decompress_rle24
00002241   lcdClear
00002247   lcdCursorLine1
0000224d   lcdCursorLine2
00002253   lcdCursorLine3
00002259   lcdCursorLine4
0000225f   lcdWriteSingleDigit
00002265   I2CMasterControl
00002269   I2CMasterDataGet
0000226d   I2CMasterDataPut
00002271   lcdWriteLetter
000023d8   __TI_Handler_Table_Base
000023e4   __TI_Handler_Table_Limit
000023f0   __TI_CINIT_Base
00002400   __TI_CINIT_Limit
20000000   TII2C_ModuleInstance
20000124   TIBMP085_AppInstance
20000168   _lcdInited
2000016c   _lcdPortControl
20000170   _lcdPortDataLower
20000174   _lcdPortDataUpper
20000178   bluetoothEventCount
2000017c   bmp085_dataFlag
20000180   bmpPressure
20000184   bmpTemperature
20000188   __stack
20000288   __STACK_END
20000288   __STACK_TOP
20000288   _lock
2000028c   _unlock
20000290   __TI_cleanup_ptr
20000294   __TI_dtors_ptr
20000298   main_func_sp
ffffffff   __binit__
ffffffff   __c_args__
ffffffff   binit
UNDEFED    SHT$$INIT_ARRAY$$Base
UNDEFED    SHT$$INIT_ARRAY$$Limit

[130 symbols]
