<?xml version="1.0"?>
<link_info>
   <banner>TI ARM Linker PC v5.1.1</banner>
   <copyright>Copyright (c) 1996-2013 Texas Instruments Incorporated</copyright>
   <link_time>0x5327563c</link_time>
   <link_errors>0x0</link_errors>
   <output_file>Aerobal-v1.0.out</output_file>
   <entry_point>
      <name>_c_int00</name>
      <address>0x2d1d</address>
   </entry_point>
   <input_file_list>
      <input_file id="fl-2">
         <path>.\a.lib\</path>
         <kind>object</kind>
         <file>uart.obj</file>
         <name>uart.obj</name>
      </input_file>
      <input_file id="fl-3">
         <path>.\a.lib\</path>
         <kind>object</kind>
         <file>timers.obj</file>
         <name>timers.obj</name>
      </input_file>
      <input_file id="fl-4">
         <path>.\a.lib\</path>
         <kind>object</kind>
         <file>servo.obj</file>
         <name>servo.obj</name>
      </input_file>
      <input_file id="fl-5">
         <path>.\a.lib\</path>
         <kind>object</kind>
         <file>relay.obj</file>
         <name>relay.obj</name>
      </input_file>
      <input_file id="fl-6">
         <path>.\a.lib\</path>
         <kind>object</kind>
         <file>loadCell.obj</file>
         <name>loadCell.obj</name>
      </input_file>
      <input_file id="fl-7">
         <path>.\a.lib\</path>
         <kind>object</kind>
         <file>lcdSerial.obj</file>
         <name>lcdSerial.obj</name>
      </input_file>
      <input_file id="fl-8">
         <path>.\a.lib\</path>
         <kind>object</kind>
         <file>lcd.obj</file>
         <name>lcd.obj</name>
      </input_file>
      <input_file id="fl-9">
         <path>.\a.lib\</path>
         <kind>object</kind>
         <file>gpio.obj</file>
         <name>gpio.obj</name>
      </input_file>
      <input_file id="fl-a">
         <path>.\a.lib\</path>
         <kind>object</kind>
         <file>dht11.obj</file>
         <name>dht11.obj</name>
      </input_file>
      <input_file id="fl-b">
         <path>.\a.lib\</path>
         <kind>object</kind>
         <file>buttons.obj</file>
         <name>buttons.obj</name>
      </input_file>
      <input_file id="fl-c">
         <path>.\a.lib\</path>
         <kind>object</kind>
         <file>bmp085.obj</file>
         <name>bmp085.obj</name>
      </input_file>
      <input_file id="fl-d">
         <path>.\a.lib\</path>
         <kind>object</kind>
         <file>bluetooth.obj</file>
         <name>bluetooth.obj</name>
      </input_file>
      <input_file id="fl-e">
         <path>.\a.lib\</path>
         <kind>object</kind>
         <file>ABTest.obj</file>
         <name>ABTest.obj</name>
      </input_file>
      <input_file id="fl-f">
         <path>.\utils\</path>
         <kind>object</kind>
         <file>uartstdio.obj</file>
         <name>uartstdio.obj</name>
      </input_file>
      <input_file id="fl-10">
         <path>.\</path>
         <kind>object</kind>
         <file>startup_ccs.obj</file>
         <name>startup_ccs.obj</name>
      </input_file>
      <input_file id="fl-11">
         <path>.\</path>
         <kind>object</kind>
         <file>main.obj</file>
         <name>main.obj</name>
      </input_file>
      <input_file id="fl-17">
         <path>C:\ti\TivaWare_C_Series-1.0\examples\boards\ek-tm4c123gxl\project0\ccs\..\..\..\..\..\driverlib\ccs\Debug\</path>
         <kind>archive</kind>
         <file>driverlib.lib</file>
         <name>uart.obj</name>
      </input_file>
      <input_file id="fl-18">
         <path>C:\ti\TivaWare_C_Series-1.0\examples\boards\ek-tm4c123gxl\project0\ccs\..\..\..\..\..\driverlib\ccs\Debug\</path>
         <kind>archive</kind>
         <file>driverlib.lib</file>
         <name>timer.obj</name>
      </input_file>
      <input_file id="fl-19">
         <path>C:\ti\TivaWare_C_Series-1.0\examples\boards\ek-tm4c123gxl\project0\ccs\..\..\..\..\..\driverlib\ccs\Debug\</path>
         <kind>archive</kind>
         <file>driverlib.lib</file>
         <name>sysctl.obj</name>
      </input_file>
      <input_file id="fl-1a">
         <path>C:\ti\TivaWare_C_Series-1.0\examples\boards\ek-tm4c123gxl\project0\ccs\..\..\..\..\..\driverlib\ccs\Debug\</path>
         <kind>archive</kind>
         <file>driverlib.lib</file>
         <name>interrupt.obj</name>
      </input_file>
      <input_file id="fl-1b">
         <path>C:\ti\TivaWare_C_Series-1.0\examples\boards\ek-tm4c123gxl\project0\ccs\..\..\..\..\..\driverlib\ccs\Debug\</path>
         <kind>archive</kind>
         <file>driverlib.lib</file>
         <name>gpio.obj</name>
      </input_file>
      <input_file id="fl-1c">
         <path>C:\ti\TivaWare_C_Series-1.0\examples\boards\ek-tm4c123gxl\project0\ccs\..\..\..\..\..\driverlib\ccs\Debug\</path>
         <kind>archive</kind>
         <file>driverlib.lib</file>
         <name>cpu.obj</name>
      </input_file>
      <input_file id="fl-1d">
         <path>C:\ti\TivaWare_C_Series-1.0\examples\boards\ek-tm4c123gxl\project0\ccs\..\..\..\..\..\driverlib\ccs\Debug\</path>
         <kind>archive</kind>
         <file>driverlib.lib</file>
         <name>adc.obj</name>
      </input_file>
      <input_file id="fl-1e">
         <path>C:\ti\TivaWare_C_Series-1.0\examples\boards\ek-tm4c123gxl\project0\ccs\..\..\..\..\..\sensorlib\ccs\Debug\</path>
         <kind>archive</kind>
         <file>sensorlib.lib</file>
         <name>i2cm_drv.obj</name>
      </input_file>
      <input_file id="fl-1f">
         <path>C:\ti\TivaWare_C_Series-1.0\examples\boards\ek-tm4c123gxl\project0\ccs\..\..\..\..\..\sensorlib\ccs\Debug\</path>
         <kind>archive</kind>
         <file>sensorlib.lib</file>
         <name>bmp180.obj</name>
      </input_file>
      <input_file id="fl-149">
         <path>C:\ti\ccsv5\tools\compiler\arm_5.1.1\lib\</path>
         <kind>archive</kind>
         <file>rtsv7M4_T_le_v4SPD16_eabi.lib</file>
         <name>boot.obj</name>
      </input_file>
      <input_file id="fl-14a">
         <path>C:\ti\ccsv5\tools\compiler\arm_5.1.1\lib\</path>
         <kind>archive</kind>
         <file>rtsv7M4_T_le_v4SPD16_eabi.lib</file>
         <name>copy_decompress_none.obj</name>
      </input_file>
      <input_file id="fl-14b">
         <path>C:\ti\ccsv5\tools\compiler\arm_5.1.1\lib\</path>
         <kind>archive</kind>
         <file>rtsv7M4_T_le_v4SPD16_eabi.lib</file>
         <name>copy_decompress_rle.obj</name>
      </input_file>
      <input_file id="fl-14c">
         <path>C:\ti\ccsv5\tools\compiler\arm_5.1.1\lib\</path>
         <kind>archive</kind>
         <file>rtsv7M4_T_le_v4SPD16_eabi.lib</file>
         <name>copy_zero_init.obj</name>
      </input_file>
      <input_file id="fl-14d">
         <path>C:\ti\ccsv5\tools\compiler\arm_5.1.1\lib\</path>
         <kind>archive</kind>
         <file>rtsv7M4_T_le_v4SPD16_eabi.lib</file>
         <name>exit.obj</name>
      </input_file>
      <input_file id="fl-14e">
         <path>C:\ti\ccsv5\tools\compiler\arm_5.1.1\lib\</path>
         <kind>archive</kind>
         <file>rtsv7M4_T_le_v4SPD16_eabi.lib</file>
         <name>fd_add_t2.obj</name>
      </input_file>
      <input_file id="fl-14f">
         <path>C:\ti\ccsv5\tools\compiler\arm_5.1.1\lib\</path>
         <kind>archive</kind>
         <file>rtsv7M4_T_le_v4SPD16_eabi.lib</file>
         <name>fd_cmp_t2.obj</name>
      </input_file>
      <input_file id="fl-150">
         <path>C:\ti\ccsv5\tools\compiler\arm_5.1.1\lib\</path>
         <kind>archive</kind>
         <file>rtsv7M4_T_le_v4SPD16_eabi.lib</file>
         <name>fd_div_t2.obj</name>
      </input_file>
      <input_file id="fl-151">
         <path>C:\ti\ccsv5\tools\compiler\arm_5.1.1\lib\</path>
         <kind>archive</kind>
         <file>rtsv7M4_T_le_v4SPD16_eabi.lib</file>
         <name>fd_mul_t2.obj</name>
      </input_file>
      <input_file id="fl-152">
         <path>C:\ti\ccsv5\tools\compiler\arm_5.1.1\lib\</path>
         <kind>archive</kind>
         <file>rtsv7M4_T_le_v4SPD16_eabi.lib</file>
         <name>fd_toi_t2.obj</name>
      </input_file>
      <input_file id="fl-153">
         <path>C:\ti\ccsv5\tools\compiler\arm_5.1.1\lib\</path>
         <kind>archive</kind>
         <file>rtsv7M4_T_le_v4SPD16_eabi.lib</file>
         <name>fd_tos_t2.obj</name>
      </input_file>
      <input_file id="fl-154">
         <path>C:\ti\ccsv5\tools\compiler\arm_5.1.1\lib\</path>
         <kind>archive</kind>
         <file>rtsv7M4_T_le_v4SPD16_eabi.lib</file>
         <name>fs_tod_t2.obj</name>
      </input_file>
      <input_file id="fl-155">
         <path>C:\ti\ccsv5\tools\compiler\arm_5.1.1\lib\</path>
         <kind>archive</kind>
         <file>rtsv7M4_T_le_v4SPD16_eabi.lib</file>
         <name>i_tofd_t2.obj</name>
      </input_file>
      <input_file id="fl-156">
         <path>C:\ti\ccsv5\tools\compiler\arm_5.1.1\lib\</path>
         <kind>archive</kind>
         <file>rtsv7M4_T_le_v4SPD16_eabi.lib</file>
         <name>memcpy_t2.obj</name>
      </input_file>
      <input_file id="fl-157">
         <path>C:\ti\ccsv5\tools\compiler\arm_5.1.1\lib\</path>
         <kind>archive</kind>
         <file>rtsv7M4_T_le_v4SPD16_eabi.lib</file>
         <name>stkdepth_vars.obj</name>
      </input_file>
      <input_file id="fl-158">
         <path>C:\ti\ccsv5\tools\compiler\arm_5.1.1\lib\</path>
         <kind>archive</kind>
         <file>rtsv7M4_T_le_v4SPD16_eabi.lib</file>
         <name>u_divt2.obj</name>
      </input_file>
      <input_file id="fl-159">
         <path>C:\ti\ccsv5\tools\compiler\arm_5.1.1\lib\</path>
         <kind>archive</kind>
         <file>rtsv7M4_T_le_v4SPD16_eabi.lib</file>
         <name>_lock.obj</name>
      </input_file>
      <input_file id="fl-15a">
         <path>C:\ti\ccsv5\tools\compiler\arm_5.1.1\lib\</path>
         <kind>archive</kind>
         <file>rtsv7M4_T_le_v4SPD16_eabi.lib</file>
         <name>args_main.obj</name>
      </input_file>
      <input_file id="fl-15b">
         <path>C:\ti\ccsv5\tools\compiler\arm_5.1.1\lib\</path>
         <kind>archive</kind>
         <file>rtsv7M4_T_le_v4SPD16_eabi.lib</file>
         <name>auto_init.obj</name>
      </input_file>
      <input_file id="fl-15c">
         <path>C:\ti\ccsv5\tools\compiler\arm_5.1.1\lib\</path>
         <kind>archive</kind>
         <file>rtsv7M4_T_le_v4SPD16_eabi.lib</file>
         <name>cpy_tbl.obj</name>
      </input_file>
      <input_file id="fl-15d">
         <path>C:\ti\TivaWare_C_Series-1.0\examples\boards\ek-tm4c123gxl\project0\ccs\..\..\..\..\..\driverlib\ccs\Debug\</path>
         <kind>archive</kind>
         <file>driverlib.lib</file>
         <name>i2c.obj</name>
      </input_file>
   </input_file_list>
   <object_component_list>
      <object_component id="oc-e">
         <name>.intvecs</name>
         <load_address>0x0</load_address>
         <run_address>0x0</run_address>
         <size>0x26c</size>
         <input_file_ref idref="fl-10"/>
      </object_component>
      <object_component id="oc-440">
         <name>.text:BMP180DataPressureGetFloat</name>
         <load_address>0x26c</load_address>
         <run_address>0x26c</run_address>
         <size>0x1ec</size>
         <input_file_ref idref="fl-1f"/>
      </object_component>
      <object_component id="oc-4ec">
         <name>.text:BMP180Callback</name>
         <load_address>0x458</load_address>
         <run_address>0x458</run_address>
         <size>0x1dc</size>
         <input_file_ref idref="fl-1f"/>
      </object_component>
      <object_component id="oc-2ff">
         <name>.text</name>
         <load_address>0x634</load_address>
         <run_address>0x634</run_address>
         <size>0x1b6</size>
         <input_file_ref idref="fl-14e"/>
      </object_component>
      <object_component id="oc-2e">
         <name>.text:FaultISR</name>
         <load_address>0x7ea</load_address>
         <run_address>0x7ea</run_address>
         <size>0x2</size>
         <input_file_ref idref="fl-10"/>
      </object_component>
      <object_component id="oc-233">
         <name>.text:ABTestRelay</name>
         <load_address>0x7ec</load_address>
         <run_address>0x7ec</run_address>
         <size>0x184</size>
         <input_file_ref idref="fl-e"/>
      </object_component>
      <object_component id="oc-242">
         <name>.text:ABTestAnalog</name>
         <load_address>0x970</load_address>
         <run_address>0x970</run_address>
         <size>0x180</size>
         <input_file_ref idref="fl-e"/>
      </object_component>
      <object_component id="oc-22e">
         <name>.text:ABTestBMP</name>
         <load_address>0xaf0</load_address>
         <run_address>0xaf0</run_address>
         <size>0x160</size>
         <input_file_ref idref="fl-e"/>
      </object_component>
      <object_component id="oc-229">
         <name>.text:ABTestWindVane</name>
         <load_address>0xc50</load_address>
         <run_address>0xc50</run_address>
         <size>0x144</size>
         <input_file_ref idref="fl-e"/>
      </object_component>
      <object_component id="oc-4b8">
         <name>.text</name>
         <load_address>0xd94</load_address>
         <run_address>0xd94</run_address>
         <size>0x136</size>
         <input_file_ref idref="fl-150"/>
      </object_component>
      <object_component id="oc-33">
         <name>.text:IntDefaultHandler</name>
         <load_address>0xeca</load_address>
         <run_address>0xeca</run_address>
         <size>0x2</size>
         <input_file_ref idref="fl-10"/>
      </object_component>
      <object_component id="oc-247">
         <name>.text:ABTestServo</name>
         <load_address>0xecc</load_address>
         <run_address>0xecc</run_address>
         <size>0x118</size>
         <input_file_ref idref="fl-e"/>
      </object_component>
      <object_component id="oc-23d">
         <name>.text:ABTestDHT</name>
         <load_address>0xfe4</load_address>
         <run_address>0xfe4</run_address>
         <size>0x110</size>
         <input_file_ref idref="fl-e"/>
      </object_component>
      <object_component id="oc-3c8">
         <name>.text:SysCtlClockSet</name>
         <load_address>0x10f4</load_address>
         <run_address>0x10f4</run_address>
         <size>0x104</size>
         <input_file_ref idref="fl-19"/>
      </object_component>
      <object_component id="oc-408">
         <name>.text</name>
         <load_address>0x11f8</load_address>
         <run_address>0x11f8</run_address>
         <size>0xfc</size>
         <input_file_ref idref="fl-151"/>
      </object_component>
      <object_component id="oc-3e3">
         <name>.text:loadCellgetWeight</name>
         <load_address>0x12f4</load_address>
         <run_address>0x12f4</run_address>
         <size>0xf4</size>
         <input_file_ref idref="fl-6"/>
      </object_component>
      <object_component id="oc-a0">
         <name>.text:decodeData</name>
         <load_address>0x13e8</load_address>
         <run_address>0x13e8</run_address>
         <size>0xec</size>
         <input_file_ref idref="fl-a"/>
      </object_component>
      <object_component id="oc-112">
         <name>.text:I2CMIntHandler</name>
         <load_address>0x14d4</load_address>
         <run_address>0x14d4</run_address>
         <size>0xea</size>
         <input_file_ref idref="fl-1e"/>
      </object_component>
      <object_component id="oc-29">
         <name>.text:NmiSR</name>
         <load_address>0x15be</load_address>
         <run_address>0x15be</run_address>
         <size>0x2</size>
         <input_file_ref idref="fl-10"/>
      </object_component>
      <object_component id="oc-238">
         <name>.text:ABTestBT</name>
         <load_address>0x15c0</load_address>
         <run_address>0x15c0</run_address>
         <size>0xd4</size>
         <input_file_ref idref="fl-e"/>
      </object_component>
      <object_component id="oc-2d2">
         <name>.text:lcdInit</name>
         <load_address>0x1694</load_address>
         <run_address>0x1694</run_address>
         <size>0xc8</size>
         <input_file_ref idref="fl-8"/>
      </object_component>
      <object_component id="oc-403">
         <name>.text:lcdWriteDigits</name>
         <load_address>0x175c</load_address>
         <run_address>0x175c</run_address>
         <size>0xc4</size>
         <input_file_ref idref="fl-8"/>
      </object_component>
      <object_component id="oc-4a4">
         <name>.text:GPIOPadConfigSet</name>
         <load_address>0x1820</load_address>
         <run_address>0x1820</run_address>
         <size>0xb8</size>
         <input_file_ref idref="fl-1b"/>
      </object_component>
      <object_component id="oc-127">
         <name>.text:main</name>
         <load_address>0x18d8</load_address>
         <run_address>0x18d8</run_address>
         <size>0xb8</size>
         <input_file_ref idref="fl-11"/>
      </object_component>
      <object_component id="oc-e5">
         <name>.text:SysCtlClockGet</name>
         <load_address>0x1990</load_address>
         <run_address>0x1990</run_address>
         <size>0xb4</size>
         <input_file_ref idref="fl-19"/>
      </object_component>
      <object_component id="oc-38">
         <name>.text:readDataBit</name>
         <load_address>0x1a44</load_address>
         <run_address>0x1a44</run_address>
         <size>0xb4</size>
         <input_file_ref idref="fl-a"/>
      </object_component>
      <object_component id="oc-106">
         <name>.text:dht11response</name>
         <load_address>0x1af8</load_address>
         <run_address>0x1af8</run_address>
         <size>0xb0</size>
         <input_file_ref idref="fl-a"/>
      </object_component>
      <object_component id="oc-101">
         <name>.text:dht11responseStatus</name>
         <load_address>0x1ba8</load_address>
         <run_address>0x1ba8</run_address>
         <size>0xa4</size>
         <input_file_ref idref="fl-a"/>
      </object_component>
      <object_component id="oc-24c">
         <name>.text:ABTestButtons</name>
         <load_address>0x1c4c</load_address>
         <run_address>0x1c4c</run_address>
         <size>0x9c</size>
         <input_file_ref idref="fl-e"/>
      </object_component>
      <object_component id="oc-6a">
         <name>.text</name>
         <load_address>0x1ce8</load_address>
         <run_address>0x1ce8</run_address>
         <size>0x9c</size>
         <input_file_ref idref="fl-156"/>
      </object_component>
      <object_component id="oc-214">
         <name>.text:I2CMStateIdle</name>
         <load_address>0x1d84</load_address>
         <run_address>0x1d84</run_address>
         <size>0x98</size>
         <input_file_ref idref="fl-1e"/>
      </object_component>
      <object_component id="oc-59">
         <name>.text</name>
         <load_address>0x1e1c</load_address>
         <run_address>0x1e1c</run_address>
         <size>0x94</size>
         <input_file_ref idref="fl-15b"/>
      </object_component>
      <object_component id="oc-304">
         <name>.text:bmp085Init</name>
         <load_address>0x1eb0</load_address>
         <run_address>0x1eb0</run_address>
         <size>0x8c</size>
         <input_file_ref idref="fl-c"/>
      </object_component>
      <object_component id="oc-10b">
         <name>.text:dht11request</name>
         <load_address>0x1f3c</load_address>
         <run_address>0x1f3c</run_address>
         <size>0x8c</size>
         <input_file_ref idref="fl-a"/>
      </object_component>
      <object_component id="oc-343">
         <name>.text:dhtSetup</name>
         <load_address>0x1fc8</load_address>
         <run_address>0x1fc8</run_address>
         <size>0x8c</size>
         <input_file_ref idref="fl-a"/>
      </object_component>
      <object_component id="oc-4e7">
         <name>.text:I2CMCommand</name>
         <load_address>0x2054</load_address>
         <run_address>0x2054</run_address>
         <size>0x84</size>
         <input_file_ref idref="fl-1e"/>
      </object_component>
      <object_component id="oc-45e">
         <name>.text:uartMasterEnable</name>
         <load_address>0x20d8</load_address>
         <run_address>0x20d8</run_address>
         <size>0x84</size>
         <input_file_ref idref="fl-2"/>
      </object_component>
      <object_component id="oc-43b">
         <name>.text:BMP180DataTemperatureGetFloat</name>
         <load_address>0x215c</load_address>
         <run_address>0x215c</run_address>
         <size>0x80</size>
         <input_file_ref idref="fl-1f"/>
      </object_component>
      <object_component id="oc-2f5">
         <name>.text:lcdWriteNumber</name>
         <load_address>0x21dc</load_address>
         <run_address>0x21dc</run_address>
         <size>0x80</size>
         <input_file_ref idref="fl-8"/>
      </object_component>
      <object_component id="oc-3fb">
         <name>.text:__aeabi_cdcmple</name>
         <load_address>0x225c</load_address>
         <run_address>0x225c</run_address>
         <size>0x7e</size>
         <input_file_ref idref="fl-14f"/>
      </object_component>
      <object_component id="oc-3e8">
         <name>.text:windVaneGetAngle</name>
         <load_address>0x22dc</load_address>
         <run_address>0x22dc</run_address>
         <size>0x7c</size>
         <input_file_ref idref="fl-6"/>
      </object_component>
      <object_component id="oc-2e7">
         <name>.text:loadCellgetValues</name>
         <load_address>0x2358</load_address>
         <run_address>0x2358</run_address>
         <size>0x78</size>
         <input_file_ref idref="fl-6"/>
      </object_component>
      <object_component id="oc-3de">
         <name>.text:averageValues</name>
         <load_address>0x23d0</load_address>
         <run_address>0x23d0</run_address>
         <size>0x74</size>
         <input_file_ref idref="fl-6"/>
      </object_component>
      <object_component id="oc-35e">
         <name>.text:servosetPositionPWM</name>
         <load_address>0x2444</load_address>
         <run_address>0x2444</run_address>
         <size>0x6c</size>
         <input_file_ref idref="fl-4"/>
      </object_component>
      <object_component id="oc-3d">
         <name>.text:buttonsInterruptHandler</name>
         <load_address>0x24b0</load_address>
         <run_address>0x24b0</run_address>
         <size>0x68</size>
         <input_file_ref idref="fl-b"/>
      </object_component>
      <object_component id="oc-251">
         <name>.text:ABTestLog</name>
         <load_address>0x2518</load_address>
         <run_address>0x2518</run_address>
         <size>0x65</size>
         <input_file_ref idref="fl-e"/>
      </object_component>
      <object_component id="oc-551">
         <name>.text:IntIsEnabled</name>
         <load_address>0x2580</load_address>
         <run_address>0x2580</run_address>
         <size>0x64</size>
         <input_file_ref idref="fl-1a"/>
      </object_component>
      <object_component id="oc-1b7">
         <name>.text:dht11init</name>
         <load_address>0x25e4</load_address>
         <run_address>0x25e4</run_address>
         <size>0x64</size>
         <input_file_ref idref="fl-a"/>
      </object_component>
      <object_component id="oc-a5">
         <name>.text:IntDisable</name>
         <load_address>0x2648</load_address>
         <run_address>0x2648</run_address>
         <size>0x60</size>
         <input_file_ref idref="fl-1a"/>
      </object_component>
      <object_component id="oc-14b">
         <name>.text:IntEnable</name>
         <load_address>0x26a8</load_address>
         <run_address>0x26a8</run_address>
         <size>0x60</size>
         <input_file_ref idref="fl-1a"/>
      </object_component>
      <object_component id="oc-205">
         <name>.text:I2CMStateWritePause</name>
         <load_address>0x2708</load_address>
         <run_address>0x2708</run_address>
         <size>0x5e</size>
         <input_file_ref idref="fl-1e"/>
      </object_component>
      <object_component id="oc-7c">
         <name>.text</name>
         <load_address>0x2766</load_address>
         <run_address>0x2766</run_address>
         <size>0x5e</size>
         <input_file_ref idref="fl-14b"/>
      </object_component>
      <object_component id="oc-42">
         <name>.text:bluetoothInterruptHandler</name>
         <load_address>0x27c4</load_address>
         <run_address>0x27c4</run_address>
         <size>0x5c</size>
         <input_file_ref idref="fl-d"/>
      </object_component>
      <object_component id="oc-2dd">
         <name>.text:initializeADC</name>
         <load_address>0x2820</load_address>
         <run_address>0x2820</run_address>
         <size>0x5c</size>
         <input_file_ref idref="fl-6"/>
      </object_component>
      <object_component id="oc-436">
         <name>.text:BMP180DataRead</name>
         <load_address>0x287c</load_address>
         <run_address>0x287c</run_address>
         <size>0x58</size>
         <input_file_ref idref="fl-1f"/>
      </object_component>
      <object_component id="oc-428">
         <name>.text:BMP180Init</name>
         <load_address>0x28d4</load_address>
         <run_address>0x28d4</run_address>
         <size>0x58</size>
         <input_file_ref idref="fl-1f"/>
      </object_component>
      <object_component id="oc-17a">
         <name>.text:uartGetBase</name>
         <load_address>0x292c</load_address>
         <run_address>0x292c</run_address>
         <size>0x54</size>
         <input_file_ref idref="fl-2"/>
      </object_component>
      <object_component id="oc-2d7">
         <name>.text:ABTestDelay</name>
         <load_address>0x2980</load_address>
         <run_address>0x2980</run_address>
         <size>0x50</size>
         <input_file_ref idref="fl-e"/>
      </object_component>
      <object_component id="oc-224">
         <name>.text:ABTestLCD</name>
         <load_address>0x29d0</load_address>
         <run_address>0x29d0</run_address>
         <size>0x50</size>
         <input_file_ref idref="fl-e"/>
      </object_component>
      <object_component id="oc-2e2">
         <name>.text:loadCellgetData</name>
         <load_address>0x2a20</load_address>
         <run_address>0x2a20</run_address>
         <size>0x50</size>
         <input_file_ref idref="fl-6"/>
      </object_component>
      <object_component id="oc-359">
         <name>.text:servoSetupPWM</name>
         <load_address>0x2a70</load_address>
         <run_address>0x2a70</run_address>
         <size>0x50</size>
         <input_file_ref idref="fl-4"/>
      </object_component>
      <object_component id="oc-510">
         <name>.text:uartGetPinConfigureTX</name>
         <load_address>0x2ac0</load_address>
         <run_address>0x2ac0</run_address>
         <size>0x50</size>
         <input_file_ref idref="fl-2"/>
      </object_component>
      <object_component id="oc-20a">
         <name>.text:I2CMStateWriteFinal</name>
         <load_address>0x2b10</load_address>
         <run_address>0x2b10</run_address>
         <size>0x4e</size>
         <input_file_ref idref="fl-1e"/>
      </object_component>
      <object_component id="oc-364">
         <name>.text:buttonsInit</name>
         <load_address>0x2b60</load_address>
         <run_address>0x2b60</run_address>
         <size>0x4c</size>
         <input_file_ref idref="fl-b"/>
      </object_component>
      <object_component id="oc-50b">
         <name>.text:uartGetPinConfigureRX</name>
         <load_address>0x2bac</load_address>
         <run_address>0x2bac</run_address>
         <size>0x4c</size>
         <input_file_ref idref="fl-2"/>
      </object_component>
      <object_component id="oc-4bc">
         <name>.text</name>
         <load_address>0x2bf8</load_address>
         <run_address>0x2bf8</run_address>
         <size>0x4a</size>
         <input_file_ref idref="fl-153"/>
      </object_component>
      <object_component id="oc-40f">
         <name>.text:GPIOPinConfigure</name>
         <load_address>0x2c44</load_address>
         <run_address>0x2c44</run_address>
         <size>0x48</size>
         <input_file_ref idref="fl-1b"/>
      </object_component>
      <object_component id="oc-1f6">
         <name>.text:I2CMStateReadNext</name>
         <load_address>0x2c8c</load_address>
         <run_address>0x2c8c</run_address>
         <size>0x48</size>
         <input_file_ref idref="fl-1e"/>
      </object_component>
      <object_component id="oc-4dc">
         <name>.text:I2CMasterInitExpClk</name>
         <load_address>0x2cd4</load_address>
         <run_address>0x2cd4</run_address>
         <size>0x48</size>
         <input_file_ref idref="fl-15d"/>
      </object_component>
      <object_component id="oc-10">
         <name>.text</name>
         <load_address>0x2d1c</load_address>
         <run_address>0x2d1c</run_address>
         <size>0x48</size>
         <input_file_ref idref="fl-149"/>
      </object_component>
      <object_component id="oc-3ff">
         <name>.text</name>
         <load_address>0x2d64</load_address>
         <run_address>0x2d64</run_address>
         <size>0x48</size>
         <input_file_ref idref="fl-152"/>
      </object_component>
      <object_component id="oc-20f">
         <name>.text:I2CMStateWriteNext</name>
         <load_address>0x2dac</load_address>
         <run_address>0x2dac</run_address>
         <size>0x46</size>
         <input_file_ref idref="fl-1e"/>
      </object_component>
      <object_component id="oc-394">
         <name>.text:gpioSetMasterEnable</name>
         <load_address>0x2df4</load_address>
         <run_address>0x2df4</run_address>
         <size>0x44</size>
         <input_file_ref idref="fl-9"/>
      </object_component>
      <object_component id="oc-121">
         <name>.text</name>
         <load_address>0x2e38</load_address>
         <run_address>0x2e38</run_address>
         <size>0x44</size>
         <input_file_ref idref="fl-15c"/>
      </object_component>
      <object_component id="oc-62">
         <name>.text</name>
         <load_address>0x2e7c</load_address>
         <run_address>0x2e7c</run_address>
         <size>0x44</size>
         <input_file_ref idref="fl-14d"/>
      </object_component>
      <object_component id="oc-1e2">
         <name>.text:I2CMStateCallback</name>
         <load_address>0x2ec0</load_address>
         <run_address>0x2ec0</run_address>
         <size>0x40</size>
         <input_file_ref idref="fl-1e"/>
      </object_component>
      <object_component id="oc-51f">
         <name>.text:UARTConfigSetExpClk</name>
         <load_address>0x2f00</load_address>
         <run_address>0x2f00</run_address>
         <size>0x40</size>
         <input_file_ref idref="fl-17"/>
      </object_component>
      <object_component id="oc-309">
         <name>.text:bmp085DataRead</name>
         <load_address>0x2f40</load_address>
         <run_address>0x2f40</run_address>
         <size>0x40</size>
         <input_file_ref idref="fl-c"/>
      </object_component>
      <object_component id="oc-47">
         <name>.text:dht11getData</name>
         <load_address>0x2f80</load_address>
         <run_address>0x2f80</run_address>
         <size>0x40</size>
         <input_file_ref idref="fl-a"/>
      </object_component>
      <object_component id="oc-501">
         <name>.text:uartGetPinTypeGPIOBase</name>
         <load_address>0x2fc0</load_address>
         <run_address>0x2fc0</run_address>
         <size>0x40</size>
         <input_file_ref idref="fl-2"/>
      </object_component>
      <object_component id="oc-1f1">
         <name>.text:I2CMStateReadFinal</name>
         <load_address>0x3000</load_address>
         <run_address>0x3000</run_address>
         <size>0x3e</size>
         <input_file_ref idref="fl-1e"/>
      </object_component>
      <object_component id="oc-1ec">
         <name>.text:I2CMStateReadPause</name>
         <load_address>0x303e</load_address>
         <run_address>0x303e</run_address>
         <size>0x3e</size>
         <input_file_ref idref="fl-1e"/>
      </object_component>
      <object_component id="oc-331">
         <name>.text:ABTestLogLineClear</name>
         <load_address>0x307c</load_address>
         <run_address>0x307c</run_address>
         <size>0x3d</size>
         <input_file_ref idref="fl-e"/>
      </object_component>
      <object_component id="oc-2f1">
         <name>.text</name>
         <load_address>0x30ba</load_address>
         <run_address>0x30ba</run_address>
         <size>0x38</size>
         <input_file_ref idref="fl-154"/>
      </object_component>
      <object_component id="oc-4fc">
         <name>.text:uartGetPeripheral</name>
         <load_address>0x30f4</load_address>
         <run_address>0x30f4</run_address>
         <size>0x38</size>
         <input_file_ref idref="fl-2"/>
      </object_component>
      <object_component id="oc-423">
         <name>.text:I2CMInit</name>
         <load_address>0x312c</load_address>
         <run_address>0x312c</run_address>
         <size>0x34</size>
         <input_file_ref idref="fl-1e"/>
      </object_component>
      <object_component id="oc-3ae">
         <name>.text:SysCtlPeripheralEnable</name>
         <load_address>0x3160</load_address>
         <run_address>0x3160</run_address>
         <size>0x34</size>
         <input_file_ref idref="fl-19"/>
      </object_component>
      <object_component id="oc-9b">
         <name>.text:convertTimetoBits</name>
         <load_address>0x3194</load_address>
         <run_address>0x3194</run_address>
         <size>0x34</size>
         <input_file_ref idref="fl-a"/>
      </object_component>
      <object_component id="oc-524">
         <name>.text:uartGetUartInterrupt</name>
         <load_address>0x31c8</load_address>
         <run_address>0x31c8</run_address>
         <size>0x34</size>
         <input_file_ref idref="fl-2"/>
      </object_component>
      <object_component id="oc-37a">
         <name>.text:lcdWriteToPort</name>
         <load_address>0x31fc</load_address>
         <run_address>0x31fc</run_address>
         <size>0x30</size>
         <input_file_ref idref="fl-8"/>
      </object_component>
      <object_component id="oc-3d2">
         <name>.text:ADCIntStatus</name>
         <load_address>0x322c</load_address>
         <run_address>0x322c</run_address>
         <size>0x2e</size>
         <input_file_ref idref="fl-1d"/>
      </object_component>
      <object_component id="oc-1b2">
         <name>.text:lcdWriteLine</name>
         <load_address>0x325a</load_address>
         <run_address>0x325a</run_address>
         <size>0x2e</size>
         <input_file_ref idref="fl-8"/>
      </object_component>
      <object_component id="oc-2ec">
         <name>.text:lcdWriteStringInLine</name>
         <load_address>0x3288</load_address>
         <run_address>0x3288</run_address>
         <size>0x2e</size>
         <input_file_ref idref="fl-8"/>
      </object_component>
      <object_component id="oc-31d">
         <name>.text</name>
         <load_address>0x32b6</load_address>
         <run_address>0x32b6</run_address>
         <size>0x2e</size>
         <input_file_ref idref="fl-155"/>
      </object_component>
      <object_component id="oc-3b8">
         <name>.text:ADCSequenceConfigure</name>
         <load_address>0x32e4</load_address>
         <run_address>0x32e4</run_address>
         <size>0x2c</size>
         <input_file_ref idref="fl-1d"/>
      </object_component>
      <object_component id="oc-8c">
         <name>.text:bitTimeElapsed</name>
         <load_address>0x3310</load_address>
         <run_address>0x3310</run_address>
         <size>0x2c</size>
         <input_file_ref idref="fl-a"/>
      </object_component>
      <object_component id="oc-1cc">
         <name>.text:GPIODirModeSet</name>
         <load_address>0x333c</load_address>
         <run_address>0x333c</run_address>
         <size>0x2a</size>
         <input_file_ref idref="fl-1b"/>
      </object_component>
      <object_component id="oc-1fb">
         <name>.text:I2CMStateReadFirst</name>
         <load_address>0x3366</load_address>
         <run_address>0x3366</run_address>
         <size>0x2a</size>
         <input_file_ref idref="fl-1e"/>
      </object_component>
      <object_component id="oc-46f">
         <name>.text:TimerConfigure</name>
         <load_address>0x3390</load_address>
         <run_address>0x3390</run_address>
         <size>0x28</size>
         <input_file_ref idref="fl-18"/>
      </object_component>
      <object_component id="oc-37f">
         <name>.text:lcdWriteCommit</name>
         <load_address>0x33b8</load_address>
         <run_address>0x33b8</run_address>
         <size>0x28</size>
         <input_file_ref idref="fl-8"/>
      </object_component>
      <object_component id="oc-387">
         <name>.text:lcdWriteData</name>
         <load_address>0x33e0</load_address>
         <run_address>0x33e0</run_address>
         <size>0x28</size>
         <input_file_ref idref="fl-8"/>
      </object_component>
      <object_component id="oc-515">
         <name>.text:uartGetPinTypeGPIOPins</name>
         <load_address>0x3408</load_address>
         <run_address>0x3408</run_address>
         <size>0x26</size>
         <input_file_ref idref="fl-2"/>
      </object_component>
      <object_component id="oc-91">
         <name>.text:initTimeControlModule</name>
         <load_address>0x3430</load_address>
         <run_address>0x3430</run_address>
         <size>0x24</size>
         <input_file_ref idref="fl-a"/>
      </object_component>
      <object_component id="oc-322">
         <name>.text:relayInit</name>
         <load_address>0x3454</load_address>
         <run_address>0x3454</run_address>
         <size>0x24</size>
         <input_file_ref idref="fl-5"/>
      </object_component>
      <object_component id="oc-336">
         <name>.text:relayToggle</name>
         <load_address>0x3478</load_address>
         <run_address>0x3478</run_address>
         <size>0x22</size>
         <input_file_ref idref="fl-5"/>
      </object_component>
      <object_component id="oc-200">
         <name>.text:I2CMStateReadOne</name>
         <load_address>0x349a</load_address>
         <run_address>0x349a</run_address>
         <size>0x20</size>
         <input_file_ref idref="fl-1e"/>
      </object_component>
      <object_component id="oc-fc">
         <name>.text:dht11dataReading</name>
         <load_address>0x34bc</load_address>
         <run_address>0x34bc</run_address>
         <size>0x20</size>
         <input_file_ref idref="fl-a"/>
      </object_component>
      <object_component id="oc-96">
         <name>.text:endTimeControlModule</name>
         <load_address>0x34dc</load_address>
         <run_address>0x34dc</run_address>
         <size>0x20</size>
         <input_file_ref idref="fl-a"/>
      </object_component>
      <object_component id="oc-3d7">
         <name>.text:ADCSequenceDataGet</name>
         <load_address>0x34fc</load_address>
         <run_address>0x34fc</run_address>
         <size>0x1e</size>
         <input_file_ref idref="fl-1d"/>
      </object_component>
      <object_component id="oc-570">
         <name>.text:UARTDisable</name>
         <load_address>0x351c</load_address>
         <run_address>0x351c</run_address>
         <size>0x1c</size>
         <input_file_ref idref="fl-17"/>
      </object_component>
      <object_component id="oc-4c">
         <name>.text:dht11count1uS</name>
         <load_address>0x3538</load_address>
         <run_address>0x3538</run_address>
         <size>0x1c</size>
         <input_file_ref idref="fl-a"/>
      </object_component>
      <object_component id="oc-1a7">
         <name>.text:initTimer1Module</name>
         <load_address>0x3554</load_address>
         <run_address>0x3554</run_address>
         <size>0x1c</size>
         <input_file_ref idref="fl-a"/>
      </object_component>
      <object_component id="oc-28f">
         <name>.text:lcdWriteCommand</name>
         <load_address>0x3570</load_address>
         <run_address>0x3570</run_address>
         <size>0x1c</size>
         <input_file_ref idref="fl-8"/>
      </object_component>
      <object_component id="oc-d1">
         <name>.text:uartInterruptClear</name>
         <load_address>0x358c</load_address>
         <run_address>0x358c</run_address>
         <size>0x1c</size>
         <input_file_ref idref="fl-2"/>
      </object_component>
      <object_component id="oc-2fa">
         <name>.text:lcdWriteString</name>
         <load_address>0x35a8</load_address>
         <run_address>0x35a8</run_address>
         <size>0x1a</size>
         <input_file_ref idref="fl-8"/>
      </object_component>
      <object_component id="oc-1e7">
         <name>.text:I2CMStateReadWait</name>
         <load_address>0x35c2</load_address>
         <run_address>0x35c2</run_address>
         <size>0x18</size>
         <input_file_ref idref="fl-1e"/>
      </object_component>
      <object_component id="oc-33c">
         <name>.text:bluetoothInit</name>
         <load_address>0x35dc</load_address>
         <run_address>0x35dc</run_address>
         <size>0x18</size>
         <input_file_ref idref="fl-d"/>
      </object_component>
      <object_component id="oc-5d">
         <name>.text</name>
         <load_address>0x35f4</load_address>
         <run_address>0x35f4</run_address>
         <size>0x18</size>
         <input_file_ref idref="fl-15a"/>
      </object_component>
      <object_component id="oc-3cd">
         <name>.text:ADCProcessorTrigger</name>
         <load_address>0x360c</load_address>
         <run_address>0x360c</run_address>
         <size>0x16</size>
         <input_file_ref idref="fl-1d"/>
      </object_component>
      <object_component id="oc-1d8">
         <name>.text:I2CMasterErr</name>
         <load_address>0x3622</load_address>
         <run_address>0x3622</run_address>
         <size>0x16</size>
         <input_file_ref idref="fl-15d"/>
      </object_component>
      <object_component id="oc-aa">
         <name>.text:TimerDisable</name>
         <load_address>0x3638</load_address>
         <run_address>0x3638</run_address>
         <size>0x14</size>
         <input_file_ref idref="fl-18"/>
      </object_component>
      <object_component id="oc-575">
         <name>.text:UARTEnable</name>
         <load_address>0x364c</load_address>
         <run_address>0x364c</run_address>
         <size>0x14</size>
         <input_file_ref idref="fl-17"/>
      </object_component>
      <object_component id="oc-155">
         <name>.text:pow</name>
         <load_address>0x3660</load_address>
         <run_address>0x3660</run_address>
         <size>0x14</size>
         <input_file_ref idref="fl-a"/>
      </object_component>
      <object_component id="oc-25e">
         <name>.text</name>
         <load_address>0x3674</load_address>
         <run_address>0x3674</run_address>
         <size>0x14</size>
         <input_file_ref idref="fl-159"/>
      </object_component>
      <object_component id="oc-3b3">
         <name>.text:GPIOPinTypeADC</name>
         <load_address>0x3688</load_address>
         <run_address>0x3688</run_address>
         <size>0x12</size>
         <input_file_ref idref="fl-1b"/>
      </object_component>
      <object_component id="oc-46a">
         <name>.text:GPIOPinTypeGPIOOutput</name>
         <load_address>0x369a</load_address>
         <run_address>0x369a</run_address>
         <size>0x12</size>
         <input_file_ref idref="fl-1b"/>
      </object_component>
      <object_component id="oc-419">
         <name>.text:GPIOPinTypeI2C</name>
         <load_address>0x36ac</load_address>
         <run_address>0x36ac</run_address>
         <size>0x12</size>
         <input_file_ref idref="fl-1b"/>
      </object_component>
      <object_component id="oc-414">
         <name>.text:GPIOPinTypeI2CSCL</name>
         <load_address>0x36be</load_address>
         <run_address>0x36be</run_address>
         <size>0x12</size>
         <input_file_ref idref="fl-1b"/>
      </object_component>
      <object_component id="oc-479">
         <name>.text:GPIOPinTypeTimer</name>
         <load_address>0x36d0</load_address>
         <run_address>0x36d0</run_address>
         <size>0x12</size>
         <input_file_ref idref="fl-1b"/>
      </object_component>
      <object_component id="oc-51a">
         <name>.text:GPIOPinTypeUART</name>
         <load_address>0x36e2</load_address>
         <run_address>0x36e2</run_address>
         <size>0x12</size>
         <input_file_ref idref="fl-1b"/>
      </object_component>
      <object_component id="oc-1bc">
         <name>.text:TimerLoadSet</name>
         <load_address>0x36f4</load_address>
         <run_address>0x36f4</run_address>
         <size>0x12</size>
         <input_file_ref idref="fl-18"/>
      </object_component>
      <object_component id="oc-47f">
         <name>.text:TimerMatchSet</name>
         <load_address>0x3706</load_address>
         <run_address>0x3706</run_address>
         <size>0x12</size>
         <input_file_ref idref="fl-18"/>
      </object_component>
      <object_component id="oc-19">
         <name>.text:decompress:ZI</name>
         <load_address>0x3718</load_address>
         <run_address>0x3718</run_address>
         <size>0x12</size>
         <input_file_ref idref="fl-14c"/>
      </object_component>
      <object_component id="oc-39e">
         <name>.text:gpioSetDigitalEnable</name>
         <load_address>0x372a</load_address>
         <run_address>0x372a</run_address>
         <size>0x12</size>
         <input_file_ref idref="fl-9"/>
      </object_component>
      <object_component id="oc-c2">
         <name>.text:gpioSetInterruptClear</name>
         <load_address>0x373c</load_address>
         <run_address>0x373c</run_address>
         <size>0x12</size>
         <input_file_ref idref="fl-9"/>
      </object_component>
      <object_component id="oc-48b">
         <name>.text:gpioSetInterruptEvent</name>
         <load_address>0x374e</load_address>
         <run_address>0x374e</run_address>
         <size>0x12</size>
         <input_file_ref idref="fl-9"/>
      </object_component>
      <object_component id="oc-42f">
         <name>.text:bmp085AppCallback</name>
         <load_address>0x3760</load_address>
         <run_address>0x3760</run_address>
         <size>0x10</size>
         <input_file_ref idref="fl-c"/>
      </object_component>
      <object_component id="oc-450">
         <name>.text:gpioSetData</name>
         <load_address>0x3770</load_address>
         <run_address>0x3770</run_address>
         <size>0x10</size>
         <input_file_ref idref="fl-9"/>
      </object_component>
      <object_component id="oc-399">
         <name>.text:gpioSetDirection</name>
         <load_address>0x3780</load_address>
         <run_address>0x3780</run_address>
         <size>0x10</size>
         <input_file_ref idref="fl-9"/>
      </object_component>
      <object_component id="oc-486">
         <name>.text:gpioSetInterruptBothEdges</name>
         <load_address>0x3790</load_address>
         <run_address>0x3790</run_address>
         <size>0x10</size>
         <input_file_ref idref="fl-9"/>
      </object_component>
      <object_component id="oc-490">
         <name>.text:gpioSetInterruptMaskDisable</name>
         <load_address>0x37a0</load_address>
         <run_address>0x37a0</run_address>
         <size>0x10</size>
         <input_file_ref idref="fl-9"/>
      </object_component>
      <object_component id="oc-3bd">
         <name>.text:ADCSequenceEnable</name>
         <load_address>0x37b0</load_address>
         <run_address>0x37b0</run_address>
         <size>0xe</size>
         <input_file_ref idref="fl-1d"/>
      </object_component>
      <object_component id="oc-1c6">
         <name>.text:TimerEnable</name>
         <load_address>0x37be</load_address>
         <run_address>0x37be</run_address>
         <size>0xe</size>
         <input_file_ref idref="fl-18"/>
      </object_component>
      <object_component id="oc-18b">
         <name>.text:UARTCharGetNonBlocking</name>
         <load_address>0x37cc</load_address>
         <run_address>0x37cc</run_address>
         <size>0xe</size>
         <input_file_ref idref="fl-17"/>
      </object_component>
      <object_component id="oc-191">
         <name>.text:UARTCharPutNonBlocking</name>
         <load_address>0x37da</load_address>
         <run_address>0x37da</run_address>
         <size>0xe</size>
         <input_file_ref idref="fl-17"/>
      </object_component>
      <object_component id="oc-14">
         <name>.text:decompress:none</name>
         <load_address>0x37e8</load_address>
         <run_address>0x37e8</run_address>
         <size>0xe</size>
         <input_file_ref idref="fl-14a"/>
      </object_component>
      <object_component id="oc-bc">
         <name>.text:gpioGetInterruptRawStatus</name>
         <load_address>0x37f6</load_address>
         <run_address>0x37f6</run_address>
         <size>0xe</size>
         <input_file_ref idref="fl-9"/>
      </object_component>
      <object_component id="oc-4d6">
         <name>.text:CPUcpsie</name>
         <load_address>0x3804</load_address>
         <run_address>0x3804</run_address>
         <size>0xc</size>
         <input_file_ref idref="fl-1c"/>
      </object_component>
      <object_component id="oc-556">
         <name>.text:IntTrigger</name>
         <load_address>0x3810</load_address>
         <run_address>0x3810</run_address>
         <size>0xc</size>
         <input_file_ref idref="fl-1a"/>
      </object_component>
      <object_component id="oc-19c">
         <name>.text:UARTCharsAvail</name>
         <load_address>0x381c</load_address>
         <run_address>0x381c</run_address>
         <size>0xc</size>
         <input_file_ref idref="fl-17"/>
      </object_component>
      <object_component id="oc-30e">
         <name>.text:bmp085GetPressure</name>
         <load_address>0x3828</load_address>
         <run_address>0x3828</run_address>
         <size>0xc</size>
         <input_file_ref idref="fl-c"/>
      </object_component>
      <object_component id="oc-313">
         <name>.text:bmp085GetTemperature</name>
         <load_address>0x3834</load_address>
         <run_address>0x3834</run_address>
         <size>0xc</size>
         <input_file_ref idref="fl-c"/>
      </object_component>
      <object_component id="oc-51">
         <name>.text:bmp085I2CIntHandler</name>
         <load_address>0x3840</load_address>
         <run_address>0x3840</run_address>
         <size>0xc</size>
         <input_file_ref idref="fl-c"/>
      </object_component>
      <object_component id="oc-465">
         <name>.text:dht11ClockSetup</name>
         <load_address>0x384c</load_address>
         <run_address>0x384c</run_address>
         <size>0xc</size>
         <input_file_ref idref="fl-a"/>
      </object_component>
      <object_component id="oc-352">
         <name>.text:dht11getHumidity</name>
         <load_address>0x3858</load_address>
         <run_address>0x3858</run_address>
         <size>0xc</size>
         <input_file_ref idref="fl-a"/>
      </object_component>
      <object_component id="oc-34d">
         <name>.text:dht11getTemperature</name>
         <load_address>0x3864</load_address>
         <run_address>0x3864</run_address>
         <size>0xc</size>
         <input_file_ref idref="fl-a"/>
      </object_component>
      <object_component id="oc-348">
         <name>.text:dhtIsActive</name>
         <load_address>0x3870</load_address>
         <run_address>0x3870</run_address>
         <size>0xc</size>
         <input_file_ref idref="fl-a"/>
      </object_component>
      <object_component id="oc-f2">
         <name>.text:dhtSetActive</name>
         <load_address>0x387c</load_address>
         <run_address>0x387c</run_address>
         <size>0xc</size>
         <input_file_ref idref="fl-a"/>
      </object_component>
      <object_component id="oc-b4">
         <name>.text:dhtSetInactive</name>
         <load_address>0x3888</load_address>
         <run_address>0x3888</run_address>
         <size>0xc</size>
         <input_file_ref idref="fl-a"/>
      </object_component>
      <object_component id="oc-458">
         <name>.text:gpioGetData</name>
         <load_address>0x3894</load_address>
         <run_address>0x3894</run_address>
         <size>0xc</size>
         <input_file_ref idref="fl-9"/>
      </object_component>
      <object_component id="oc-327">
         <name>.text:relayOff</name>
         <load_address>0x38a0</load_address>
         <run_address>0x38a0</run_address>
         <size>0xc</size>
         <input_file_ref idref="fl-5"/>
      </object_component>
      <object_component id="oc-32c">
         <name>.text:relayOn</name>
         <load_address>0x38ac</load_address>
         <run_address>0x38ac</run_address>
         <size>0xc</size>
         <input_file_ref idref="fl-5"/>
      </object_component>
      <object_component id="oc-d6">
         <name>.text:uartGetBufferChar</name>
         <load_address>0x38b8</load_address>
         <run_address>0x38b8</run_address>
         <size>0xc</size>
         <input_file_ref idref="fl-2"/>
      </object_component>
      <object_component id="oc-ea">
         <name>.text:uartHasAvailable</name>
         <load_address>0x38c4</load_address>
         <run_address>0x38c4</run_address>
         <size>0xc</size>
         <input_file_ref idref="fl-2"/>
      </object_component>
      <object_component id="oc-db">
         <name>.text:uartWriteChar</name>
         <load_address>0x38d0</load_address>
         <run_address>0x38d0</run_address>
         <size>0xc</size>
         <input_file_ref idref="fl-2"/>
      </object_component>
      <object_component id="oc-3c2">
         <name>.text:ADCIntClear</name>
         <load_address>0x38dc</load_address>
         <run_address>0x38dc</run_address>
         <size>0xa</size>
         <input_file_ref idref="fl-1d"/>
      </object_component>
      <object_component id="oc-54a">
         <name>.text:I2CMasterEnable</name>
         <load_address>0x38e6</load_address>
         <run_address>0x38e6</run_address>
         <size>0xa</size>
         <input_file_ref idref="fl-15d"/>
      </object_component>
      <object_component id="oc-41e">
         <name>.text:IntMasterEnable</name>
         <load_address>0x38f0</load_address>
         <run_address>0x38f0</run_address>
         <size>0xa</size>
         <input_file_ref idref="fl-1a"/>
      </object_component>
      <object_component id="oc-af">
         <name>.text:TimerIntDisable</name>
         <load_address>0x38fa</load_address>
         <run_address>0x38fa</run_address>
         <size>0xa</size>
         <input_file_ref idref="fl-18"/>
      </object_component>
      <object_component id="oc-17f">
         <name>.text:UARTIntStatus</name>
         <load_address>0x3904</load_address>
         <run_address>0x3904</run_address>
         <size>0xa</size>
         <input_file_ref idref="fl-17"/>
      </object_component>
      <object_component id="oc-1d3">
         <name>.text:I2CMasterIntClear</name>
         <load_address>0x390e</load_address>
         <run_address>0x390e</run_address>
         <size>0x8</size>
         <input_file_ref idref="fl-15d"/>
      </object_component>
      <object_component id="oc-4e1">
         <name>.text:I2CMasterIntEnableEx</name>
         <load_address>0x3916</load_address>
         <run_address>0x3916</run_address>
         <size>0x8</size>
         <input_file_ref idref="fl-15d"/>
      </object_component>
      <object_component id="oc-2af">
         <name>.text:I2CMasterSlaveAddrSet</name>
         <load_address>0x391e</load_address>
         <run_address>0x391e</run_address>
         <size>0x8</size>
         <input_file_ref idref="fl-15d"/>
      </object_component>
      <object_component id="oc-1c1">
         <name>.text:TimerIntEnable</name>
         <load_address>0x3926</load_address>
         <run_address>0x3926</run_address>
         <size>0x8</size>
         <input_file_ref idref="fl-18"/>
      </object_component>
      <object_component id="oc-529">
         <name>.text:UARTIntEnable</name>
         <load_address>0x392e</load_address>
         <run_address>0x392e</run_address>
         <size>0x8</size>
         <input_file_ref idref="fl-17"/>
      </object_component>
      <object_component id="oc-e0">
         <name>.text:GPIOPinWrite</name>
         <load_address>0x3936</load_address>
         <run_address>0x3936</run_address>
         <size>0x6</size>
         <input_file_ref idref="fl-1b"/>
      </object_component>
      <object_component id="oc-24">
         <name>.text:ResetISR</name>
         <load_address>0x393c</load_address>
         <run_address>0x393c</run_address>
         <size>0x6</size>
         <input_file_ref idref="fl-10"/>
      </object_component>
      <object_component id="oc-c1">
         <name>.text:SysCtlDelay</name>
         <load_address>0x3942</load_address>
         <run_address>0x3942</run_address>
         <size>0x6</size>
         <input_file_ref idref="fl-19"/>
      </object_component>
      <object_component id="oc-1e">
         <name>.text:decompress:rle24</name>
         <load_address>0x3948</load_address>
         <run_address>0x3948</run_address>
         <size>0x6</size>
         <input_file_ref idref="fl-14b"/>
      </object_component>
      <object_component id="oc-1ad">
         <name>.text:lcdClear</name>
         <load_address>0x394e</load_address>
         <run_address>0x394e</run_address>
         <size>0x6</size>
         <input_file_ref idref="fl-8"/>
      </object_component>
      <object_component id="oc-3a3">
         <name>.text:lcdCursorLine1</name>
         <load_address>0x3954</load_address>
         <run_address>0x3954</run_address>
         <size>0x6</size>
         <input_file_ref idref="fl-8"/>
      </object_component>
      <object_component id="oc-3f4">
         <name>.text:lcdCursorLine2</name>
         <load_address>0x395a</load_address>
         <run_address>0x395a</run_address>
         <size>0x6</size>
         <input_file_ref idref="fl-8"/>
      </object_component>
      <object_component id="oc-3ef">
         <name>.text:lcdCursorLine3</name>
         <load_address>0x3960</load_address>
         <run_address>0x3960</run_address>
         <size>0x6</size>
         <input_file_ref idref="fl-8"/>
      </object_component>
      <object_component id="oc-318">
         <name>.text:lcdCursorLine4</name>
         <load_address>0x3966</load_address>
         <run_address>0x3966</run_address>
         <size>0x6</size>
         <input_file_ref idref="fl-8"/>
      </object_component>
      <object_component id="oc-4ca">
         <name>.text:lcdWriteSingleDigit</name>
         <load_address>0x396c</load_address>
         <run_address>0x396c</run_address>
         <size>0x6</size>
         <input_file_ref idref="fl-8"/>
      </object_component>
      <object_component id="oc-1dd">
         <name>.text:I2CMasterControl</name>
         <load_address>0x3972</load_address>
         <run_address>0x3972</run_address>
         <size>0x4</size>
         <input_file_ref idref="fl-15d"/>
      </object_component>
      <object_component id="oc-2a6">
         <name>.text:I2CMasterDataGet</name>
         <load_address>0x3976</load_address>
         <run_address>0x3976</run_address>
         <size>0x4</size>
         <input_file_ref idref="fl-15d"/>
      </object_component>
      <object_component id="oc-2b6">
         <name>.text:I2CMasterDataPut</name>
         <load_address>0x397a</load_address>
         <run_address>0x397a</run_address>
         <size>0x4</size>
         <input_file_ref idref="fl-15d"/>
      </object_component>
      <object_component id="oc-f7">
         <name>.text:TimerIntClear</name>
         <load_address>0x397e</load_address>
         <run_address>0x397e</run_address>
         <size>0x4</size>
         <input_file_ref idref="fl-18"/>
      </object_component>
      <object_component id="oc-184">
         <name>.text:UARTIntClear</name>
         <load_address>0x3982</load_address>
         <run_address>0x3982</run_address>
         <size>0x4</size>
         <input_file_ref idref="fl-17"/>
      </object_component>
      <object_component id="oc-506">
         <name>.text:gpioHelperInterruptMasterEnable</name>
         <load_address>0x3986</load_address>
         <run_address>0x3986</run_address>
         <size>0x4</size>
         <input_file_ref idref="fl-9"/>
      </object_component>
      <object_component id="oc-295">
         <name>.text:lcdWriteLetter</name>
         <load_address>0x398a</load_address>
         <run_address>0x398a</run_address>
         <size>0x4</size>
         <input_file_ref idref="fl-8"/>
      </object_component>
      <object_component id="oc-4d1">
         <name>.const:g_pui32GPIOBaseAddrs</name>
         <load_address>0x3990</load_address>
         <run_address>0x3990</run_address>
         <size>0x78</size>
         <input_file_ref idref="fl-1b"/>
      </object_component>
      <object_component id="oc-15b">
         <name>.const</name>
         <load_address>0x3a08</load_address>
         <run_address>0x3a08</run_address>
         <size>0x70</size>
         <input_file_ref idref="fl-1a"/>
      </object_component>
      <object_component id="oc-199">
         <name>.const:g_pui32Xtals</name>
         <load_address>0x3a78</load_address>
         <run_address>0x3a78</run_address>
         <size>0x6c</size>
         <input_file_ref idref="fl-19"/>
      </object_component>
      <object_component id="oc-59e">
         <name>.cinit..data.load</name>
         <load_address>0x3ae8</load_address>
         <run_address>0x3ae8</run_address>
         <size>0x1ab</size>
      </object_component>
      <object_component id="oc-59c">
         <name>__TI_handler_table</name>
         <load_address>0x3c94</load_address>
         <run_address>0x3c94</run_address>
         <size>0xc</size>
      </object_component>
      <object_component id="oc-59f">
         <name>.cinit..bss.load</name>
         <load_address>0x3ca0</load_address>
         <run_address>0x3ca0</run_address>
         <size>0x8</size>
      </object_component>
      <object_component id="oc-59d">
         <name>__TI_cinit_table</name>
         <load_address>0x3ca8</load_address>
         <run_address>0x3ca8</run_address>
         <size>0x10</size>
      </object_component>
      <object_component id="oc-67">
         <name>.data</name>
         <load_address>0x20001480</load_address>
         <run_address>0x20001480</run_address>
         <size>0x4</size>
         <input_file_ref idref="fl-157"/>
      </object_component>
      <object_component id="oc-b9">
         <name>.data</name>
         <load_address>0x20001424</load_address>
         <run_address>0x20001424</run_address>
         <size>0x44</size>
         <input_file_ref idref="fl-a"/>
      </object_component>
      <object_component id="oc-12e">
         <name>.data</name>
         <load_address>0x20001470</load_address>
         <run_address>0x20001470</run_address>
         <size>0x8</size>
         <input_file_ref idref="fl-159"/>
      </object_component>
      <object_component id="oc-130">
         <name>.data</name>
         <load_address>0x20001478</load_address>
         <run_address>0x20001478</run_address>
         <size>0x8</size>
         <input_file_ref idref="fl-14d"/>
      </object_component>
      <object_component id="oc-4b2">
         <name>.data</name>
         <load_address>0x20001468</load_address>
         <run_address>0x20001468</run_address>
         <size>0x8</size>
         <input_file_ref idref="fl-6"/>
      </object_component>
      <object_component id="oc-4c1">
         <name>.data:_windVane_ADC</name>
         <load_address>0x2000128c</load_address>
         <run_address>0x2000128c</run_address>
         <size>0xcc</size>
         <input_file_ref idref="fl-6"/>
      </object_component>
      <object_component id="oc-4c3">
         <name>.data:_windVane_ANG</name>
         <load_address>0x20001358</load_address>
         <run_address>0x20001358</run_address>
         <size>0xcc</size>
         <input_file_ref idref="fl-6"/>
      </object_component>
      <object_component id="oc-117">
         <name>.bss:TII2C_ModuleInstance</name>
         <uninitialized>true</uninitialized>
         <run_address>0x20000fa0</run_address>
         <size>0x124</size>
         <input_file_ref idref="fl-c"/>
      </object_component>
      <object_component id="oc-148">
         <name>.bss:bitsReceivedTiming</name>
         <uninitialized>true</uninitialized>
         <run_address>0x200010c4</run_address>
         <size>0xa0</size>
         <input_file_ref idref="fl-a"/>
      </object_component>
      <object_component id="oc-152">
         <name>.bss:dataBitsReceived</name>
         <uninitialized>true</uninitialized>
         <run_address>0x20001164</run_address>
         <size>0xa0</size>
         <input_file_ref idref="fl-a"/>
      </object_component>
      <object_component id="oc-42d">
         <name>.bss:TIBMP085_AppInstance</name>
         <uninitialized>true</uninitialized>
         <run_address>0x20001204</run_address>
         <size>0x44</size>
         <input_file_ref idref="fl-c"/>
      </object_component>
      <object_component id="oc-4b4">
         <name>.bss:values</name>
         <uninitialized>true</uninitialized>
         <run_address>0x20000000</run_address>
         <size>0xfa0</size>
         <input_file_ref idref="fl-6"/>
      </object_component>
      <object_component id="oc-3ab">
         <name>.common:_lcdInited</name>
         <uninitialized>true</uninitialized>
         <run_address>0x20001268</run_address>
         <size>0x4</size>
      </object_component>
      <object_component id="oc-49d">
         <name>.common:_lcdPortControl</name>
         <uninitialized>true</uninitialized>
         <run_address>0x2000126c</run_address>
         <size>0x4</size>
      </object_component>
      <object_component id="oc-496">
         <name>.common:_lcdPortDataUpper</name>
         <uninitialized>true</uninitialized>
         <run_address>0x20001274</run_address>
         <size>0x4</size>
      </object_component>
      <object_component id="oc-497">
         <name>.common:_lcdPortDataLower</name>
         <uninitialized>true</uninitialized>
         <run_address>0x20001270</run_address>
         <size>0x4</size>
      </object_component>
      <object_component id="oc-4b6">
         <name>.common:pui32ADC0Value</name>
         <uninitialized>true</uninitialized>
         <run_address>0x20001248</run_address>
         <size>0x1c</size>
      </object_component>
      <object_component id="oc-475">
         <name>.common:_dhtActive</name>
         <uninitialized>true</uninitialized>
         <run_address>0x20001264</run_address>
         <size>0x4</size>
      </object_component>
      <object_component id="oc-369">
         <name>.common:buttonsLastPressed</name>
         <uninitialized>true</uninitialized>
         <run_address>0x20001288</run_address>
         <size>0x4</size>
      </object_component>
      <object_component id="oc-44b">
         <name>.common:bmpTemperature</name>
         <uninitialized>true</uninitialized>
         <run_address>0x20001284</run_address>
         <size>0x4</size>
      </object_component>
      <object_component id="oc-449">
         <name>.common:bmpPressure</name>
         <uninitialized>true</uninitialized>
         <run_address>0x20001280</run_address>
         <size>0x4</size>
      </object_component>
      <object_component id="oc-4f5">
         <name>.common:bmp085_dataFlag</name>
         <uninitialized>true</uninitialized>
         <run_address>0x2000127c</run_address>
         <size>0x4</size>
      </object_component>
      <object_component id="oc-463">
         <name>.common:bluetoothEventCount</name>
         <uninitialized>true</uninitialized>
         <run_address>0x20001278</run_address>
         <size>0x4</size>
      </object_component>
      <object_component id="oc-23">
         <name>.stack</name>
         <uninitialized>true</uninitialized>
         <run_address>0x20001484</run_address>
         <size>0x0</size>
         <input_file_ref idref="fl-149"/>
      </object_component>
      <object_component id="oc-5a0">
         <name>.stack</name>
         <uninitialized>true</uninitialized>
         <run_address>0x20001484</run_address>
         <size>0x0</size>
      </object_component>
      <object_component id="oc-f">
         <name>.debug_info</name>
         <load_address>0x0</load_address>
         <run_address>0x0</run_address>
         <size>0x123</size>
         <input_file_ref idref="fl-10"/>
      </object_component>
      <object_component id="oc-12">
         <name>.debug_info</name>
         <load_address>0x123</load_address>
         <run_address>0x123</run_address>
         <size>0xf3</size>
         <input_file_ref idref="fl-149"/>
      </object_component>
      <object_component id="oc-17">
         <name>.debug_info</name>
         <load_address>0x216</load_address>
         <run_address>0x216</run_address>
         <size>0x194</size>
         <input_file_ref idref="fl-14a"/>
      </object_component>
      <object_component id="oc-1a">
         <name>.debug_info</name>
         <load_address>0x3aa</load_address>
         <run_address>0x3aa</run_address>
         <size>0x16a</size>
         <input_file_ref idref="fl-14c"/>
      </object_component>
      <object_component id="oc-1f">
         <name>.debug_info</name>
         <load_address>0x514</load_address>
         <run_address>0x514</run_address>
         <size>0x18e</size>
         <input_file_ref idref="fl-14b"/>
      </object_component>
      <object_component id="oc-25">
         <name>.debug_info</name>
         <load_address>0x6a2</load_address>
         <run_address>0x6a2</run_address>
         <size>0x153</size>
         <input_file_ref idref="fl-10"/>
      </object_component>
      <object_component id="oc-2a">
         <name>.debug_info</name>
         <load_address>0x7f5</load_address>
         <run_address>0x7f5</run_address>
         <size>0x144</size>
         <input_file_ref idref="fl-10"/>
      </object_component>
      <object_component id="oc-2f">
         <name>.debug_info</name>
         <load_address>0x939</load_address>
         <run_address>0x939</run_address>
         <size>0x14a</size>
         <input_file_ref idref="fl-10"/>
      </object_component>
      <object_component id="oc-34">
         <name>.debug_info</name>
         <load_address>0xa83</load_address>
         <run_address>0xa83</run_address>
         <size>0x15c</size>
         <input_file_ref idref="fl-10"/>
      </object_component>
      <object_component id="oc-39">
         <name>.debug_info</name>
         <load_address>0xbdf</load_address>
         <run_address>0xbdf</run_address>
         <size>0x271</size>
         <input_file_ref idref="fl-a"/>
      </object_component>
      <object_component id="oc-3e">
         <name>.debug_info</name>
         <load_address>0xe50</load_address>
         <run_address>0xe50</run_address>
         <size>0x1f4</size>
         <input_file_ref idref="fl-b"/>
      </object_component>
      <object_component id="oc-43">
         <name>.debug_info</name>
         <load_address>0x1044</load_address>
         <run_address>0x1044</run_address>
         <size>0x22a</size>
         <input_file_ref idref="fl-d"/>
      </object_component>
      <object_component id="oc-48">
         <name>.debug_info</name>
         <load_address>0x126e</load_address>
         <run_address>0x126e</run_address>
         <size>0x1ec</size>
         <input_file_ref idref="fl-a"/>
      </object_component>
      <object_component id="oc-4d">
         <name>.debug_info</name>
         <load_address>0x145a</load_address>
         <run_address>0x145a</run_address>
         <size>0x174</size>
         <input_file_ref idref="fl-a"/>
      </object_component>
      <object_component id="oc-52">
         <name>.debug_info</name>
         <load_address>0x15ce</load_address>
         <run_address>0x15ce</run_address>
         <size>0x17c</size>
         <input_file_ref idref="fl-c"/>
      </object_component>
      <object_component id="oc-58">
         <name>.debug_info</name>
         <load_address>0x174a</load_address>
         <run_address>0x174a</run_address>
         <size>0x23c</size>
         <input_file_ref idref="fl-10"/>
      </object_component>
      <object_component id="oc-5b">
         <name>.debug_info</name>
         <load_address>0x1986</load_address>
         <run_address>0x1986</run_address>
         <size>0x13d</size>
         <input_file_ref idref="fl-15b"/>
      </object_component>
      <object_component id="oc-5e">
         <name>.debug_info</name>
         <load_address>0x1ac3</load_address>
         <run_address>0x1ac3</run_address>
         <size>0x11c</size>
         <input_file_ref idref="fl-15a"/>
      </object_component>
      <object_component id="oc-63">
         <name>.debug_info</name>
         <load_address>0x1bdf</load_address>
         <run_address>0x1bdf</run_address>
         <size>0x1c2</size>
         <input_file_ref idref="fl-14d"/>
      </object_component>
      <object_component id="oc-68">
         <name>.debug_info</name>
         <load_address>0x1da1</load_address>
         <run_address>0x1da1</run_address>
         <size>0xbe</size>
         <input_file_ref idref="fl-157"/>
      </object_component>
      <object_component id="oc-6b">
         <name>.debug_info</name>
         <load_address>0x1e5f</load_address>
         <run_address>0x1e5f</run_address>
         <size>0xcc</size>
         <input_file_ref idref="fl-156"/>
      </object_component>
      <object_component id="oc-6f">
         <name>.debug_info</name>
         <load_address>0x1f2b</load_address>
         <run_address>0x1f2b</run_address>
         <size>0x46</size>
         <input_file_ref idref="fl-14a"/>
      </object_component>
      <object_component id="oc-74">
         <name>.debug_info</name>
         <load_address>0x1f71</load_address>
         <run_address>0x1f71</run_address>
         <size>0xf2</size>
         <input_file_ref idref="fl-14a"/>
      </object_component>
      <object_component id="oc-76">
         <name>.debug_info</name>
         <load_address>0x2063</load_address>
         <run_address>0x2063</run_address>
         <size>0x46</size>
         <input_file_ref idref="fl-14c"/>
      </object_component>
      <object_component id="oc-7b">
         <name>.debug_info</name>
         <load_address>0x20a9</load_address>
         <run_address>0x20a9</run_address>
         <size>0xad</size>
         <input_file_ref idref="fl-14c"/>
      </object_component>
      <object_component id="oc-7d">
         <name>.debug_info</name>
         <load_address>0x2156</load_address>
         <run_address>0x2156</run_address>
         <size>0x1ef</size>
         <input_file_ref idref="fl-14b"/>
      </object_component>
      <object_component id="oc-82">
         <name>.debug_info</name>
         <load_address>0x2345</load_address>
         <run_address>0x2345</run_address>
         <size>0xb7</size>
         <input_file_ref idref="fl-14b"/>
      </object_component>
      <object_component id="oc-83">
         <name>.debug_info</name>
         <load_address>0x23fc</load_address>
         <run_address>0x23fc</run_address>
         <size>0x39</size>
         <input_file_ref idref="fl-14b"/>
      </object_component>
      <object_component id="oc-8d">
         <name>.debug_info</name>
         <load_address>0x2435</load_address>
         <run_address>0x2435</run_address>
         <size>0x162</size>
         <input_file_ref idref="fl-a"/>
      </object_component>
      <object_component id="oc-92">
         <name>.debug_info</name>
         <load_address>0x2597</load_address>
         <run_address>0x2597</run_address>
         <size>0x17b</size>
         <input_file_ref idref="fl-a"/>
      </object_component>
      <object_component id="oc-97">
         <name>.debug_info</name>
         <load_address>0x2712</load_address>
         <run_address>0x2712</run_address>
         <size>0x179</size>
         <input_file_ref idref="fl-a"/>
      </object_component>
      <object_component id="oc-9c">
         <name>.debug_info</name>
         <load_address>0x288b</load_address>
         <run_address>0x288b</run_address>
         <size>0x168</size>
         <input_file_ref idref="fl-a"/>
      </object_component>
      <object_component id="oc-a1">
         <name>.debug_info</name>
         <load_address>0x29f3</load_address>
         <run_address>0x29f3</run_address>
         <size>0x1c3</size>
         <input_file_ref idref="fl-a"/>
      </object_component>
      <object_component id="oc-a6">
         <name>.debug_info</name>
         <load_address>0x2bb6</load_address>
         <run_address>0x2bb6</run_address>
         <size>0x1ce</size>
         <input_file_ref idref="fl-1a"/>
      </object_component>
      <object_component id="oc-ab">
         <name>.debug_info</name>
         <load_address>0x2d84</load_address>
         <run_address>0x2d84</run_address>
         <size>0x1e5</size>
         <input_file_ref idref="fl-18"/>
      </object_component>
      <object_component id="oc-b0">
         <name>.debug_info</name>
         <load_address>0x2f69</load_address>
         <run_address>0x2f69</run_address>
         <size>0x1fa</size>
         <input_file_ref idref="fl-18"/>
      </object_component>
      <object_component id="oc-b5">
         <name>.debug_info</name>
         <load_address>0x3163</load_address>
         <run_address>0x3163</run_address>
         <size>0x15f</size>
         <input_file_ref idref="fl-a"/>
      </object_component>
      <object_component id="oc-ba">
         <name>.debug_info</name>
         <load_address>0x32c2</load_address>
         <run_address>0x32c2</run_address>
         <size>0x379</size>
         <input_file_ref idref="fl-a"/>
      </object_component>
      <object_component id="oc-bd">
         <name>.debug_info</name>
         <load_address>0x363b</load_address>
         <run_address>0x363b</run_address>
         <size>0x1ba</size>
         <input_file_ref idref="fl-9"/>
      </object_component>
      <object_component id="oc-c3">
         <name>.debug_info</name>
         <load_address>0x37f5</load_address>
         <run_address>0x37f5</run_address>
         <size>0x1d4</size>
         <input_file_ref idref="fl-9"/>
      </object_component>
      <object_component id="oc-c8">
         <name>.debug_info</name>
         <load_address>0x39c9</load_address>
         <run_address>0x39c9</run_address>
         <size>0x49f</size>
         <input_file_ref idref="fl-b"/>
      </object_component>
      <object_component id="oc-c9">
         <name>.debug_info</name>
         <load_address>0x3e68</load_address>
         <run_address>0x3e68</run_address>
         <size>0x858</size>
         <input_file_ref idref="fl-e"/>
      </object_component>
      <object_component id="oc-ca">
         <name>.debug_info</name>
         <load_address>0x46c0</load_address>
         <run_address>0x46c0</run_address>
         <size>0x604</size>
         <input_file_ref idref="fl-11"/>
      </object_component>
      <object_component id="oc-cc">
         <name>.debug_info</name>
         <load_address>0x4cc4</load_address>
         <run_address>0x4cc4</run_address>
         <size>0x84</size>
         <input_file_ref idref="fl-2"/>
      </object_component>
      <object_component id="oc-d2">
         <name>.debug_info</name>
         <load_address>0x4d48</load_address>
         <run_address>0x4d48</run_address>
         <size>0x1ee</size>
         <input_file_ref idref="fl-2"/>
      </object_component>
      <object_component id="oc-d7">
         <name>.debug_info</name>
         <load_address>0x4f36</load_address>
         <run_address>0x4f36</run_address>
         <size>0x1b7</size>
[...]
      </symbol>
      <symbol id="sm-463">
         <name>buttonsInit</name>
         <value>0x2b61</value>
         <object_component_ref idref="oc-364"/>
      </symbol>
      <symbol id="sm-464">
         <name>buttonsInterruptHandler</name>
         <value>0x24b1</value>
         <object_component_ref idref="oc-3d"/>
      </symbol>
      <symbol id="sm-4bf">
         <name>bmpTemperature</name>
         <value>0x20001284</value>
      </symbol>
      <symbol id="sm-4c0">
         <name>bmpPressure</name>
         <value>0x20001280</value>
      </symbol>
      <symbol id="sm-4c1">
         <name>bmp085_dataFlag</name>
         <value>0x2000127c</value>
      </symbol>
      <symbol id="sm-4c2">
         <name>TII2C_ModuleInstance</name>
         <value>0x20000fa0</value>
         <object_component_ref idref="oc-117"/>
      </symbol>
      <symbol id="sm-4c3">
         <name>bmp085GetTemperature</name>
         <value>0x3835</value>
         <object_component_ref idref="oc-313"/>
      </symbol>
      <symbol id="sm-4c4">
         <name>bmp085Init</name>
         <value>0x1eb1</value>
         <object_component_ref idref="oc-304"/>
      </symbol>
      <symbol id="sm-4c5">
         <name>bmp085GetPressure</name>
         <value>0x3829</value>
         <object_component_ref idref="oc-30e"/>
      </symbol>
      <symbol id="sm-4c6">
         <name>TIBMP085_AppInstance</name>
         <value>0x20001204</value>
         <object_component_ref idref="oc-42d"/>
      </symbol>
      <symbol id="sm-4c7">
         <name>bmp085I2CIntHandler</name>
         <value>0x3841</value>
         <object_component_ref idref="oc-51"/>
      </symbol>
      <symbol id="sm-4c8">
         <name>bmp085AppCallback</name>
         <value>0x3761</value>
         <object_component_ref idref="oc-42f"/>
      </symbol>
      <symbol id="sm-4c9">
         <name>bmp085DataRead</name>
         <value>0x2f41</value>
         <object_component_ref idref="oc-309"/>
      </symbol>
      <symbol id="sm-4e3">
         <name>bluetoothEventCount</name>
         <value>0x20001278</value>
      </symbol>
      <symbol id="sm-4e4">
         <name>bluetoothInterruptHandler</name>
         <value>0x27c5</value>
         <object_component_ref idref="oc-42"/>
      </symbol>
      <symbol id="sm-4e5">
         <name>bluetoothInit</name>
         <value>0x35dd</value>
         <object_component_ref idref="oc-33c"/>
      </symbol>
      <symbol id="sm-5db">
         <name>ABTestRelay</name>
         <value>0x7ed</value>
         <object_component_ref idref="oc-233"/>
      </symbol>
      <symbol id="sm-5dc">
         <name>ABTestLog</name>
         <value>0x2519</value>
         <object_component_ref idref="oc-251"/>
      </symbol>
      <symbol id="sm-5dd">
         <name>ABTestAnalog</name>
         <value>0x971</value>
         <object_component_ref idref="oc-242"/>
      </symbol>
      <symbol id="sm-5de">
         <name>ABTestBT</name>
         <value>0x15c1</value>
         <object_component_ref idref="oc-238"/>
      </symbol>
      <symbol id="sm-5df">
         <name>ABTestButtons</name>
         <value>0x1c4d</value>
         <object_component_ref idref="oc-24c"/>
      </symbol>
      <symbol id="sm-5e0">
         <name>ABTestDHT</name>
         <value>0xfe5</value>
         <object_component_ref idref="oc-23d"/>
      </symbol>
      <symbol id="sm-5e1">
         <name>ABTestLCD</name>
         <value>0x29d1</value>
         <object_component_ref idref="oc-224"/>
      </symbol>
      <symbol id="sm-5e2">
         <name>ABTestServo</name>
         <value>0xecd</value>
         <object_component_ref idref="oc-247"/>
      </symbol>
      <symbol id="sm-5e3">
         <name>ABTestWindVane</name>
         <value>0xc51</value>
         <object_component_ref idref="oc-229"/>
      </symbol>
      <symbol id="sm-5e4">
         <name>ABTestDelay</name>
         <value>0x2981</value>
         <object_component_ref idref="oc-2d7"/>
      </symbol>
      <symbol id="sm-5e5">
         <name>ABTestLogLineClear</name>
         <value>0x307d</value>
         <object_component_ref idref="oc-331"/>
      </symbol>
      <symbol id="sm-5e6">
         <name>ABTestBMP</name>
         <value>0xaf1</value>
         <object_component_ref idref="oc-22e"/>
      </symbol>
      <symbol id="sm-613">
         <name>ResetISR</name>
         <value>0x393d</value>
         <object_component_ref idref="oc-24"/>
      </symbol>
      <symbol id="sm-614">
         <name>g_pfnVectors</name>
         <value>0x0</value>
         <object_component_ref idref="oc-e"/>
      </symbol>
      <symbol id="sm-626">
         <name>main</name>
         <value>0x18d9</value>
         <object_component_ref idref="oc-127"/>
      </symbol>
      <symbol id="sm-67a">
         <name>UARTCharPutNonBlocking</name>
         <value>0x37db</value>
         <object_component_ref idref="oc-191"/>
      </symbol>
      <symbol id="sm-67b">
         <name>UARTConfigSetExpClk</name>
         <value>0x2f01</value>
         <object_component_ref idref="oc-51f"/>
      </symbol>
      <symbol id="sm-67c">
         <name>UARTDisable</name>
         <value>0x351d</value>
         <object_component_ref idref="oc-570"/>
      </symbol>
      <symbol id="sm-67d">
         <name>UARTIntEnable</name>
         <value>0x392f</value>
         <object_component_ref idref="oc-529"/>
      </symbol>
      <symbol id="sm-67e">
         <name>UARTCharsAvail</name>
         <value>0x381d</value>
         <object_component_ref idref="oc-19c"/>
      </symbol>
      <symbol id="sm-67f">
         <name>UARTCharGetNonBlocking</name>
         <value>0x37cd</value>
         <object_component_ref idref="oc-18b"/>
      </symbol>
      <symbol id="sm-680">
         <name>UARTEnable</name>
         <value>0x364d</value>
         <object_component_ref idref="oc-575"/>
      </symbol>
      <symbol id="sm-681">
         <name>UARTIntClear</name>
         <value>0x3983</value>
         <object_component_ref idref="oc-184"/>
      </symbol>
      <symbol id="sm-682">
         <name>UARTIntStatus</name>
         <value>0x3905</value>
         <object_component_ref idref="oc-17f"/>
      </symbol>
      <symbol id="sm-6c3">
         <name>TimerMatchSet</name>
         <value>0x3707</value>
         <object_component_ref idref="oc-47f"/>
      </symbol>
      <symbol id="sm-6c4">
         <name>TimerLoadSet</name>
         <value>0x36f5</value>
         <object_component_ref idref="oc-1bc"/>
      </symbol>
      <symbol id="sm-6c5">
         <name>TimerDisable</name>
         <value>0x3639</value>
         <object_component_ref idref="oc-aa"/>
      </symbol>
      <symbol id="sm-6c6">
         <name>TimerEnable</name>
         <value>0x37bf</value>
         <object_component_ref idref="oc-1c6"/>
      </symbol>
      <symbol id="sm-6c7">
         <name>TimerIntDisable</name>
         <value>0x38fb</value>
         <object_component_ref idref="oc-af"/>
      </symbol>
      <symbol id="sm-6c8">
         <name>TimerIntEnable</name>
         <value>0x3927</value>
         <object_component_ref idref="oc-1c1"/>
      </symbol>
      <symbol id="sm-6c9">
         <name>TimerConfigure</name>
         <value>0x3391</value>
         <object_component_ref idref="oc-46f"/>
      </symbol>
      <symbol id="sm-6ca">
         <name>TimerIntClear</name>
         <value>0x397f</value>
         <object_component_ref idref="oc-f7"/>
      </symbol>
      <symbol id="sm-70e">
         <name>SysCtlClockSet</name>
         <value>0x10f5</value>
         <object_component_ref idref="oc-3c8"/>
      </symbol>
      <symbol id="sm-70f">
         <name>SysCtlDelay</name>
         <value>0x3943</value>
         <object_component_ref idref="oc-c1"/>
      </symbol>
      <symbol id="sm-710">
         <name>SysCtlPeripheralEnable</name>
         <value>0x3161</value>
         <object_component_ref idref="oc-3ae"/>
      </symbol>
      <symbol id="sm-711">
         <name>SysCtlClockGet</name>
         <value>0x1991</value>
         <object_component_ref idref="oc-e5"/>
      </symbol>
      <symbol id="sm-766">
         <name>IntIsEnabled</name>
         <value>0x2581</value>
         <object_component_ref idref="oc-551"/>
      </symbol>
      <symbol id="sm-767">
         <name>IntEnable</name>
         <value>0x26a9</value>
         <object_component_ref idref="oc-14b"/>
      </symbol>
      <symbol id="sm-768">
         <name>IntTrigger</name>
         <value>0x3811</value>
         <object_component_ref idref="oc-556"/>
      </symbol>
      <symbol id="sm-769">
         <name>IntDisable</name>
         <value>0x2649</value>
         <object_component_ref idref="oc-a5"/>
      </symbol>
      <symbol id="sm-76a">
         <name>IntMasterEnable</name>
         <value>0x38f1</value>
         <object_component_ref idref="oc-41e"/>
      </symbol>
      <symbol id="sm-7bf">
         <name>GPIOPinConfigure</name>
         <value>0x2c45</value>
         <object_component_ref idref="oc-40f"/>
      </symbol>
      <symbol id="sm-7c0">
         <name>GPIOPinTypeI2CSCL</name>
         <value>0x36bf</value>
         <object_component_ref idref="oc-414"/>
      </symbol>
      <symbol id="sm-7c1">
         <name>GPIOPinTypeI2C</name>
         <value>0x36ad</value>
         <object_component_ref idref="oc-419"/>
      </symbol>
      <symbol id="sm-7c2">
         <name>GPIOPinTypeADC</name>
         <value>0x3689</value>
         <object_component_ref idref="oc-3b3"/>
      </symbol>
      <symbol id="sm-7c3">
         <name>GPIOPinTypeUART</name>
         <value>0x36e3</value>
         <object_component_ref idref="oc-51a"/>
      </symbol>
      <symbol id="sm-7c4">
         <name>GPIOPinTypeGPIOOutput</name>
         <value>0x369b</value>
         <object_component_ref idref="oc-46a"/>
      </symbol>
      <symbol id="sm-7c5">
         <name>GPIODirModeSet</name>
         <value>0x333d</value>
         <object_component_ref idref="oc-1cc"/>
      </symbol>
      <symbol id="sm-7c6">
         <name>GPIOPinWrite</name>
         <value>0x3937</value>
         <object_component_ref idref="oc-e0"/>
      </symbol>
      <symbol id="sm-7c7">
         <name>GPIOPadConfigSet</name>
         <value>0x1821</value>
         <object_component_ref idref="oc-4a4"/>
      </symbol>
      <symbol id="sm-7c8">
         <name>GPIOPinTypeTimer</name>
         <value>0x36d1</value>
         <object_component_ref idref="oc-479"/>
      </symbol>
      <symbol id="sm-7d1">
         <name>CPUcpsie</name>
         <value>0x3805</value>
         <object_component_ref idref="oc-4d6"/>
      </symbol>
      <symbol id="sm-80b">
         <name>ADCProcessorTrigger</name>
         <value>0x360d</value>
         <object_component_ref idref="oc-3cd"/>
      </symbol>
      <symbol id="sm-80c">
         <name>ADCSequenceEnable</name>
         <value>0x37b1</value>
         <object_component_ref idref="oc-3bd"/>
      </symbol>
      <symbol id="sm-80d">
         <name>ADCSequenceConfigure</name>
         <value>0x32e5</value>
         <object_component_ref idref="oc-3b8"/>
      </symbol>
      <symbol id="sm-80e">
         <name>ADCIntClear</name>
         <value>0x38dd</value>
         <object_component_ref idref="oc-3c2"/>
      </symbol>
      <symbol id="sm-80f">
         <name>ADCIntStatus</name>
         <value>0x322d</value>
         <object_component_ref idref="oc-3d2"/>
      </symbol>
      <symbol id="sm-810">
         <name>ADCSequenceDataGet</name>
         <value>0x34fd</value>
         <object_component_ref idref="oc-3d7"/>
      </symbol>
      <symbol id="sm-8ce">
         <name>I2CMCommand</name>
         <value>0x2055</value>
         <object_component_ref idref="oc-4e7"/>
      </symbol>
      <symbol id="sm-8cf">
         <name>I2CMInit</name>
         <value>0x312d</value>
         <object_component_ref idref="oc-423"/>
      </symbol>
      <symbol id="sm-8d0">
         <name>I2CMIntHandler</name>
         <value>0x14d5</value>
         <object_component_ref idref="oc-112"/>
      </symbol>
      <symbol id="sm-936">
         <name>BMP180DataPressureGetFloat</name>
         <value>0x26d</value>
         <object_component_ref idref="oc-440"/>
      </symbol>
      <symbol id="sm-937">
         <name>BMP180DataTemperatureGetFloat</name>
         <value>0x215d</value>
         <object_component_ref idref="oc-43b"/>
      </symbol>
      <symbol id="sm-938">
         <name>BMP180DataRead</name>
         <value>0x287d</value>
         <object_component_ref idref="oc-436"/>
      </symbol>
      <symbol id="sm-939">
         <name>BMP180Init</name>
         <value>0x28d5</value>
         <object_component_ref idref="oc-428"/>
      </symbol>
      <symbol id="sm-948">
         <name>_c_int00</name>
         <value>0x2d1d</value>
         <object_component_ref idref="oc-10"/>
      </symbol>
      <symbol id="sm-949">
         <name>__stack</name>
         <value>0x20001484</value>
         <object_component_ref idref="oc-23"/>
      </symbol>
      <symbol id="sm-95f">
         <name>__TI_decompress_none</name>
         <value>0x37e9</value>
         <object_component_ref idref="oc-14"/>
      </symbol>
      <symbol id="sm-981">
         <name>__TI_decompress_rle24</name>
         <value>0x3949</value>
         <object_component_ref idref="oc-1e"/>
      </symbol>
      <symbol id="sm-999">
         <name>__TI_zero_init</name>
         <value>0x3719</value>
         <object_component_ref idref="oc-19"/>
      </symbol>
      <symbol id="sm-9b5">
         <name>C$$EXIT</name>
         <value>0x2e7d</value>
         <object_component_ref idref="oc-62"/>
      </symbol>
      <symbol id="sm-9b6">
         <name>abort</name>
         <value>0x2e81</value>
         <object_component_ref idref="oc-62"/>
      </symbol>
      <symbol id="sm-9b7">
         <name>exit</name>
         <value>0x2e89</value>
         <object_component_ref idref="oc-62"/>
      </symbol>
      <symbol id="sm-9b8">
         <name>__TI_dtors_ptr</name>
         <value>0x2000147c</value>
         <object_component_ref idref="oc-130"/>
      </symbol>
      <symbol id="sm-9b9">
         <name>__TI_cleanup_ptr</name>
         <value>0x20001478</value>
         <object_component_ref idref="oc-130"/>
      </symbol>
      <symbol id="sm-9cf">
         <name>__aeabi_dsub</name>
         <value>0x635</value>
         <object_component_ref idref="oc-2ff"/>
      </symbol>
      <symbol id="sm-9d0">
         <name>__aeabi_dadd</name>
         <value>0x63f</value>
         <object_component_ref idref="oc-2ff"/>
      </symbol>
      <symbol id="sm-9e1">
         <name>__aeabi_cdcmpeq</name>
         <value>0x225d</value>
         <object_component_ref idref="oc-3fb"/>
      </symbol>
      <symbol id="sm-9e2">
         <name>__aeabi_cdcmple</name>
         <value>0x225d</value>
         <object_component_ref idref="oc-3fb"/>
      </symbol>
      <symbol id="sm-9f5">
         <name>__aeabi_ddiv</name>
         <value>0xd95</value>
         <object_component_ref idref="oc-4b8"/>
      </symbol>
      <symbol id="sm-9ff">
         <name>__aeabi_dmul</name>
         <value>0x11f9</value>
         <object_component_ref idref="oc-408"/>
      </symbol>
      <symbol id="sm-a08">
         <name>__aeabi_d2iz</name>
         <value>0x2d65</value>
         <object_component_ref idref="oc-3ff"/>
      </symbol>
      <symbol id="sm-a11">
         <name>__aeabi_d2f</name>
         <value>0x2bf9</value>
         <object_component_ref idref="oc-4bc"/>
      </symbol>
      <symbol id="sm-a1b">
         <name>__aeabi_f2d</name>
         <value>0x30bb</value>
         <object_component_ref idref="oc-2f1"/>
      </symbol>
      <symbol id="sm-a24">
         <name>__aeabi_i2d</name>
         <value>0x32b7</value>
         <object_component_ref idref="oc-31d"/>
      </symbol>
      <symbol id="sm-a3e">
         <name>memcpy</name>
         <value>0x1ce9</value>
         <object_component_ref idref="oc-6a"/>
      </symbol>
      <symbol id="sm-a3f">
         <name>__aeabi_memcpy</name>
         <value>0x1ce9</value>
         <object_component_ref idref="oc-6a"/>
      </symbol>
      <symbol id="sm-a40">
         <name>__aeabi_memcpy8</name>
         <value>0x1ce9</value>
         <object_component_ref idref="oc-6a"/>
      </symbol>
      <symbol id="sm-a41">
         <name>__aeabi_memcpy4</name>
         <value>0x1ce9</value>
         <object_component_ref idref="oc-6a"/>
      </symbol>
      <symbol id="sm-a48">
         <name>main_func_sp</name>
         <value>0x20001480</value>
         <object_component_ref idref="oc-67"/>
      </symbol>
      <symbol id="sm-a5f">
         <name>_nop</name>
         <value>0x3683</value>
         <object_component_ref idref="oc-25e"/>
      </symbol>
      <symbol id="sm-a60">
         <name>_lock</name>
         <value>0x20001470</value>
         <object_component_ref idref="oc-12e"/>
      </symbol>
      <symbol id="sm-a61">
         <name>_unlock</name>
         <value>0x20001474</value>
         <object_component_ref idref="oc-12e"/>
      </symbol>
      <symbol id="sm-a62">
         <name>_register_lock</name>
         <value>0x367b</value>
         <object_component_ref idref="oc-25e"/>
      </symbol>
      <symbol id="sm-a63">
         <name>_register_unlock</name>
         <value>0x3675</value>
         <object_component_ref idref="oc-25e"/>
      </symbol>
      <symbol id="sm-a76">
         <name>_args_main</name>
         <value>0x35f5</value>
         <object_component_ref idref="oc-5d"/>
      </symbol>
      <symbol id="sm-a92">
         <name>__TI_auto_init</name>
         <value>0x1e1d</value>
         <object_component_ref idref="oc-59"/>
      </symbol>
      <symbol id="sm-aaa">
         <name>copy_in</name>
         <value>0x2e39</value>
         <object_component_ref idref="oc-121"/>
      </symbol>
      <symbol id="sm-af4">
         <name>I2CMasterDataPut</name>
         <value>0x397b</value>
         <object_component_ref idref="oc-2b6"/>
      </symbol>
      <symbol id="sm-af5">
         <name>I2CMasterInitExpClk</name>
         <value>0x2cd5</value>
         <object_component_ref idref="oc-4dc"/>
      </symbol>
      <symbol id="sm-af6">
         <name>I2CMasterSlaveAddrSet</name>
         <value>0x391f</value>
         <object_component_ref idref="oc-2af"/>
      </symbol>
      <symbol id="sm-af7">
         <name>I2CMasterDataGet</name>
         <value>0x3977</value>
         <object_component_ref idref="oc-2a6"/>
      </symbol>
      <symbol id="sm-af8">
         <name>I2CMasterIntEnableEx</name>
         <value>0x3917</value>
         <object_component_ref idref="oc-4e1"/>
      </symbol>
      <symbol id="sm-af9">
         <name>I2CMasterErr</name>
         <value>0x3623</value>
         <object_component_ref idref="oc-1d8"/>
      </symbol>
      <symbol id="sm-afa">
         <name>I2CMasterControl</name>
         <value>0x3973</value>
         <object_component_ref idref="oc-1dd"/>
      </symbol>
      <symbol id="sm-afb">
         <name>I2CMasterEnable</name>
         <value>0x38e7</value>
         <object_component_ref idref="oc-54a"/>
      </symbol>
      <symbol id="sm-afc">
         <name>I2CMasterIntClear</name>
         <value>0x390f</value>
         <object_component_ref idref="oc-1d3"/>
      </symbol>
      <symbol id="sm-afd">
         <name>__TI_static_base__</name>
         <value>0x0</value>
      </symbol>
      <symbol id="sm-afe">
         <name>__TI_args_main</name>
         <value>0x1</value>
      </symbol>
      <symbol id="sm-aff">
         <name>SHT$$INIT_ARRAY$$Limit</name>
         <value>0x0</value>
      </symbol>
      <symbol id="sm-b00">
         <name>SHT$$INIT_ARRAY$$Base</name>
         <value>0x0</value>
      </symbol>
      <symbol id="sm-b04">
         <name>loadCellSetup</name>
         <value>0x2821</value>
      </symbol>
   </symbol_table>
   <title>Link successful</title>
</link_info>
