******************************************************************************
                  TI ARM Linker PC v5.1.1                      
******************************************************************************
>> Linked Sun Feb 23 10:33:51 2014

OUTPUT FILE NAME:   <X-Aerobal-v1.0.out>
ENTRY POINT SYMBOL: "_c_int00"  address: 0000174d


MEMORY CONFIGURATION

         name            origin    length      used     unused   attr    fill
----------------------  --------  ---------  --------  --------  ----  --------
  FLASH                 00000000   00040000  00001fba  0003e046  R  X
  SRAM                  20000000   00008000  00000298  00007d68  RW X


SEGMENT ALLOCATION MAP

run origin  load origin   length   init length attrs members
----------  ----------- ---------- ----------- ----- -------
00000000    00000000    00001fc0   00001fc0    r-x
  00000000    00000000    0000026c   0000026c    r-- .intvecs
  0000026c    0000026c    00001c2e   00001c2e    r-x .text
  00001e9c    00001e9c    000000e8   000000e8    r-- .const
  00001f88    00001f88    00000038   00000038    r-- .cinit
20000000    20000000    00000298   00000000    rw-
  20000000    20000000    00000184   00000000    rw- .bss
  20000184    20000184    00000100   00000000    rw- .stack
  20000284    20000284    00000014   00000000    rw- .data


SECTION ALLOCATION MAP

 output                                  attributes/
section   page    origin      length       input sections
--------  ----  ----------  ----------   ----------------
.intvecs   0    00000000    0000026c     
                  00000000    0000026c     startup_ccs.obj (.intvecs)

.init_array 
*          0    00000000    00000000     UNINITIALIZED

.text      0    0000026c    00001c2e     
                  0000026c    000001ec     sensorlib.lib : bmp180.obj (.text:BMP180DataPressureGetFloat)
                  00000458    000001dc                   : bmp180.obj (.text:BMP180Callback)
                  00000634    000001b6     rtsv7M4_T_le_v4SPD16_eabi.lib : fd_add_t2.obj (.text)
                  000007ea    00000002     startup_ccs.obj (.text:FaultISR)
                  000007ec    0000012c     ABTest.obj (.text:ABTestRelay)
                  00000918    00000104     ABTest.obj (.text:ABTestBMP)
                  00000a1c    000000fc     rtsv7M4_T_le_v4SPD16_eabi.lib : fd_mul_t2.obj (.text)
                  00000b18    000000ea     sensorlib.lib : i2cm_drv.obj (.text:I2CMIntHandler)
                  00000c02    00000002     startup_ccs.obj (.text:IntDefaultHandler)
                  00000c04    000000c8     lcd.obj (.text:lcdInit)
                  00000ccc    000000c4     lcd.obj (.text:lcdWriteDigits)
                  00000d90    000000b8     driverlib.lib : gpio.obj (.text:GPIOPadConfigSet)
                  00000e48    0000009c     rtsv7M4_T_le_v4SPD16_eabi.lib : memcpy_t2.obj (.text)
                  00000ee4    00000098     sensorlib.lib : i2cm_drv.obj (.text:I2CMStateIdle)
                  00000f7c    00000094     rtsv7M4_T_le_v4SPD16_eabi.lib : auto_init.obj (.text)
                  00001010    0000008c     bmp085.obj (.text:bmp085Init)
                  0000109c    00000084     sensorlib.lib : i2cm_drv.obj (.text:I2CMCommand)
                  00001120    00000080                   : bmp180.obj (.text:BMP180DataTemperatureGetFloat)
                  000011a0    00000080     lcd.obj (.text:lcdWriteNumber)
                  00001220    0000007e     rtsv7M4_T_le_v4SPD16_eabi.lib : fd_cmp_t2.obj (.text:__aeabi_cdcmple)
                  0000129e    00000002     startup_ccs.obj (.text:NmiSR)
                  000012a0    00000064     driverlib.lib : interrupt.obj (.text:IntIsEnabled)
                  00001304    00000060                   : interrupt.obj (.text:IntDisable)
                  00001364    00000060                   : interrupt.obj (.text:IntEnable)
                  000013c4    0000005e     sensorlib.lib : i2cm_drv.obj (.text:I2CMStateWritePause)
                  00001422    0000005e     rtsv7M4_T_le_v4SPD16_eabi.lib : copy_decompress_rle.obj (.text)
                  00001480    00000058     sensorlib.lib : bmp180.obj (.text:BMP180DataRead)
                  000014d8    00000058                   : bmp180.obj (.text:BMP180Init)
                  00001530    00000055     ABTest.obj (.text:ABTestLog)
                  00001585    00000003     --HOLE-- [fill = 0]
                  00001588    00000050     ABTest.obj (.text:ABTestLCD)
                  000015d8    0000004e     sensorlib.lib : i2cm_drv.obj (.text:I2CMStateWriteFinal)
                  00001626    00000002     --HOLE-- [fill = 0]
                  00001628    0000004c     ABTest.obj (.text:ABTestDelay)
                  00001674    00000048     driverlib.lib : gpio.obj (.text:GPIOPinConfigure)
                  000016bc    00000048     sensorlib.lib : i2cm_drv.obj (.text:I2CMStateReadNext)
                  00001704    00000048     driverlib.lib : i2c.obj (.text:I2CMasterInitExpClk)
                  0000174c    00000048     rtsv7M4_T_le_v4SPD16_eabi.lib : boot.obj (.text)
                  00001794    00000048                                   : fd_toi_t2.obj (.text)
                  000017dc    00000046     sensorlib.lib : i2cm_drv.obj (.text:I2CMStateWriteNext)
                  00001822    00000002     --HOLE-- [fill = 0]
                  00001824    00000045     ABTest.obj (.text:ABTestLogLineClear)
                  00001869    00000003     --HOLE-- [fill = 0]
                  0000186c    00000044     gpio.obj (.text:gpioSetMasterEnable)
                  000018b0    00000044     rtsv7M4_T_le_v4SPD16_eabi.lib : cpy_tbl.obj (.text)
                  000018f4    00000044                                   : exit.obj (.text)
                  00001938    00000040     sensorlib.lib : i2cm_drv.obj (.text:I2CMStateCallback)
                  00001978    00000040     bmp085.obj (.text:bmp085DataRead)
                  000019b8    00000040     main.obj (.text:main)
                  000019f8    0000003e     sensorlib.lib : i2cm_drv.obj (.text:I2CMStateReadFinal)
                  00001a36    0000003e                   : i2cm_drv.obj (.text:I2CMStateReadPause)
                  00001a74    00000038     rtsv7M4_T_le_v4SPD16_eabi.lib : fs_tod_t2.obj (.text)
                  00001aac    00000034     sensorlib.lib : i2cm_drv.obj (.text:I2CMInit)
                  00001ae0    00000034     driverlib.lib : sysctl.obj (.text:SysCtlPeripheralEnable)
                  00001b14    00000030     lcd.obj (.text:lcdWriteToPort)
                  00001b44    0000002e     lcd.obj (.text:lcdWriteLine)
                  00001b72    0000002e     rtsv7M4_T_le_v4SPD16_eabi.lib : i_tofd_t2.obj (.text)
                  00001ba0    0000002a     driverlib.lib : gpio.obj (.text:GPIODirModeSet)
                  00001bca    0000002a     sensorlib.lib : i2cm_drv.obj (.text:I2CMStateReadFirst)
                  00001bf4    00000028     lcd.obj (.text:lcdWriteCommit)
                  00001c1c    00000028     lcd.obj (.text:lcdWriteData)
                  00001c44    00000024     relay.obj (.text:relayInit)
                  00001c68    00000022     relay.obj (.text:relayToggle)
                  00001c8a    00000020     sensorlib.lib : i2cm_drv.obj (.text:I2CMStateReadOne)
                  00001caa    00000002     --HOLE-- [fill = 0]
                  00001cac    0000001c     lcd.obj (.text:lcdWriteCommand)
                  00001cc8    0000001a     lcd.obj (.text:lcdWriteString)
                  00001ce2    00000018     sensorlib.lib : i2cm_drv.obj (.text:I2CMStateReadWait)
                  00001cfa    00000002     --HOLE-- [fill = 0]
                  00001cfc    00000018     rtsv7M4_T_le_v4SPD16_eabi.lib : args_main.obj (.text)
                  00001d14    00000016     driverlib.lib : i2c.obj (.text:I2CMasterErr)
                  00001d2a    00000002     --HOLE-- [fill = 0]
                  00001d2c    00000014     rtsv7M4_T_le_v4SPD16_eabi.lib : _lock.obj (.text)
                  00001d40    00000012     driverlib.lib : gpio.obj (.text:GPIOPinTypeI2C)
                  00001d52    00000012                   : gpio.obj (.text:GPIOPinTypeI2CSCL)
                  00001d64    00000012     rtsv7M4_T_le_v4SPD16_eabi.lib : copy_zero_init.obj (.text:decompress:ZI)
                  00001d76    00000012     gpio.obj (.text:gpioSetDigitalEnable)
                  00001d88    00000010     bmp085.obj (.text:bmp085AppCallback)
                  00001d98    00000010     gpio.obj (.text:gpioSetData)
                  00001da8    00000010     gpio.obj (.text:gpioSetDirection)
                  00001db8    0000000e     rtsv7M4_T_le_v4SPD16_eabi.lib : copy_decompress_none.obj (.text:decompress:none)
                  00001dc6    0000000c     driverlib.lib : cpu.obj (.text:CPUcpsie)
                  00001dd2    00000002     --HOLE-- [fill = 0]
                  00001dd4    0000000c                   : interrupt.obj (.text:IntTrigger)
                  00001de0    0000000c     bmp085.obj (.text:bmp085GetPressure)
                  00001dec    0000000c     bmp085.obj (.text:bmp085GetTemperature)
                  00001df8    0000000c     bmp085.obj (.text:bmp085I2CIntHandler)
                  00001e04    0000000c     gpio.obj (.text:gpioGetData)
                  00001e10    0000000c     relay.obj (.text:relayOff)
                  00001e1c    0000000c     relay.obj (.text:relayOn)
                  00001e28    0000000a     driverlib.lib : i2c.obj (.text:I2CMasterEnable)
                  00001e32    0000000a                   : interrupt.obj (.text:IntMasterEnable)
                  00001e3c    00000008                   : i2c.obj (.text:I2CMasterIntClear)
                  00001e44    00000008                   : i2c.obj (.text:I2CMasterIntEnableEx)
                  00001e4c    00000008                   : i2c.obj (.text:I2CMasterSlaveAddrSet)
                  00001e54    00000006     startup_ccs.obj (.text:ResetISR)
                  00001e5a    00000006     driverlib.lib : sysctl.obj (.text:SysCtlDelay)
                  00001e60    00000006     rtsv7M4_T_le_v4SPD16_eabi.lib : copy_decompress_rle.obj (.text:decompress:rle24)
                  00001e66    00000006     lcd.obj (.text:lcdClear)
                  00001e6c    00000006     lcd.obj (.text:lcdCursorLine1)
                  00001e72    00000006     lcd.obj (.text:lcdCursorLine2)
                  00001e78    00000006     lcd.obj (.text:lcdCursorLine3)
                  00001e7e    00000006     lcd.obj (.text:lcdCursorLine4)
                  00001e84    00000006     lcd.obj (.text:lcdWriteSingleDigit)
                  00001e8a    00000004     driverlib.lib : i2c.obj (.text:I2CMasterControl)
                  00001e8e    00000004                   : i2c.obj (.text:I2CMasterDataGet)
                  00001e92    00000004                   : i2c.obj (.text:I2CMasterDataPut)
                  00001e96    00000004     lcd.obj (.text:lcdWriteLetter)

.const     0    00001e9c    000000e8     
                  00001e9c    00000078     driverlib.lib : gpio.obj (.const:g_pui32GPIOBaseAddrs)
                  00001f14    00000070                   : interrupt.obj (.const)

.cinit     0    00001f88    00000038     
                  00001f88    0000000f     (.cinit..data.load) [load image, compression = rle]
                  00001f97    00000001     --HOLE-- [fill = 0]
                  00001f98    0000000c     (__TI_handler_table)
                  00001fa4    00000004     --HOLE-- [fill = 0]
                  00001fa8    00000008     (.cinit..bss.load) [load image, compression = zero_init]
                  00001fb0    00000010     (__TI_cinit_table)

.bss       0    20000000    00000184     UNINITIALIZED
                  20000000    00000124     bmp085.obj (.bss:TII2C_ModuleInstance)
                  20000124    00000044     bmp085.obj (.bss:TIBMP085_AppInstance)
                  20000168    00000004     (.common:_lcdInited)
                  2000016c    00000004     (.common:_lcdPortControl)
                  20000170    00000004     (.common:_lcdPortDataLower)
                  20000174    00000004     (.common:_lcdPortDataUpper)
                  20000178    00000004     (.common:bmp085_dataFlag)
                  2000017c    00000004     (.common:bmpPressure)
                  20000180    00000004     (.common:bmpTemperature)

.stack     0    20000184    00000100     UNINITIALIZED
                  20000184    00000100     --HOLE--

.data      0    20000284    00000014     UNINITIALIZED
                  20000284    00000008     rtsv7M4_T_le_v4SPD16_eabi.lib : _lock.obj (.data)
                  2000028c    00000008                                   : exit.obj (.data)
                  20000294    00000004                                   : stkdepth_vars.obj (.data)


LINKER GENERATED COPY TABLES

__TI_cinit_table @ 00001fb0 records: 2, size/record: 8, table size: 16
	.data: load addr=00001f88, load size=0000000f bytes, run addr=20000284, run size=00000014 bytes, compression=rle
	.bss: load addr=00001fa8, load size=00000008 bytes, run addr=20000000, run size=00000184 bytes, compression=zero_init


LINKER GENERATED HANDLER TABLE

__TI_handler_table @ 00001f98 records: 3, size/record: 4, table size: 12
	index: 0, handler: __TI_decompress_rle24
	index: 1, handler: __TI_decompress_none
	index: 2, handler: __TI_zero_init


GLOBAL SYMBOLS: SORTED ALPHABETICALLY BY Name 

address    name
--------   ----
00000919   ABTestBMP
00001629   ABTestDelay
00001589   ABTestLCD
00001531   ABTestLog
00001825   ABTestLogLineClear
000007ed   ABTestRelay
0000026d   BMP180DataPressureGetFloat
00001481   BMP180DataRead
00001121   BMP180DataTemperatureGetFloat
000014d9   BMP180Init
000018f5   C$$EXIT
00001dc7   CPUcpsie
00001ba1   GPIODirModeSet
00000d91   GPIOPadConfigSet
00001675   GPIOPinConfigure
00001d41   GPIOPinTypeI2C
00001d53   GPIOPinTypeI2CSCL
0000109d   I2CMCommand
00001aad   I2CMInit
00000b19   I2CMIntHandler
00001e8b   I2CMasterControl
00001e8f   I2CMasterDataGet
00001e93   I2CMasterDataPut
00001e29   I2CMasterEnable
00001d15   I2CMasterErr
00001705   I2CMasterInitExpClk
00001e3d   I2CMasterIntClear
00001e45   I2CMasterIntEnableEx
00001e4d   I2CMasterSlaveAddrSet
00001305   IntDisable
00001365   IntEnable
000012a1   IntIsEnabled
00001e33   IntMasterEnable
00001dd5   IntTrigger
00001e55   ResetISR
UNDEFED    SHT$$INIT_ARRAY$$Base
UNDEFED    SHT$$INIT_ARRAY$$Limit
00001e5b   SysCtlDelay
00001ae1   SysCtlPeripheralEnable
20000124   TIBMP085_AppInstance
20000000   TII2C_ModuleInstance
20000284   __STACK_END
00000100   __STACK_SIZE
20000284   __STACK_TOP
00001fb0   __TI_CINIT_Base
00001fc0   __TI_CINIT_Limit
00001f98   __TI_Handler_Table_Base
00001fa4   __TI_Handler_Table_Limit
00000001   __TI_args_main
00000f7d   __TI_auto_init
2000028c   __TI_cleanup_ptr
00001db9   __TI_decompress_none
00001e61   __TI_decompress_rle24
20000290   __TI_dtors_ptr
00000000   __TI_static_base__
00001d65   __TI_zero_init
00001221   __aeabi_cdcmpeq
00001221   __aeabi_cdcmple
00001795   __aeabi_d2iz
0000063f   __aeabi_dadd
00000a1d   __aeabi_dmul
00000635   __aeabi_dsub
00001a75   __aeabi_f2d
00001b73   __aeabi_i2d
00000e49   __aeabi_memcpy
00000e49   __aeabi_memcpy4
00000e49   __aeabi_memcpy8
ffffffff   __binit__
ffffffff   __c_args__
20000184   __stack
00001cfd   _args_main
0000174d   _c_int00
20000168   _lcdInited
2000016c   _lcdPortControl
20000170   _lcdPortDataLower
20000174   _lcdPortDataUpper
20000284   _lock
00001d3b   _nop
00001d33   _register_lock
00001d2d   _register_unlock
20000288   _unlock
000018f9   abort
ffffffff   binit
00001d89   bmp085AppCallback
00001979   bmp085DataRead
00001de1   bmp085GetPressure
00001ded   bmp085GetTemperature
00001df9   bmp085I2CIntHandler
00001011   bmp085Init
20000178   bmp085_dataFlag
2000017c   bmpPressure
20000180   bmpTemperature
000018b1   copy_in
00001901   exit
00000000   g_pfnVectors
00001e05   gpioGetData
00001d99   gpioSetData
00001d77   gpioSetDigitalEnable
00001da9   gpioSetDirection
0000186d   gpioSetMasterEnable
00001e67   lcdClear
00001e6d   lcdCursorLine1
00001e73   lcdCursorLine2
00001e79   lcdCursorLine3
00001e7f   lcdCursorLine4
00000c05   lcdInit
00001cad   lcdWriteCommand
00001bf5   lcdWriteCommit
00001c1d   lcdWriteData
00000ccd   lcdWriteDigits
00001e97   lcdWriteLetter
00001b45   lcdWriteLine
000011a1   lcdWriteNumber
00001e85   lcdWriteSingleDigit
00001cc9   lcdWriteString
00001b15   lcdWriteToPort
000019b9   main
20000294   main_func_sp
00000e49   memcpy
00001c45   relayInit
00001e11   relayOff
00001e1d   relayOn
00001c69   relayToggle


GLOBAL SYMBOLS: SORTED BY Symbol Address 

address    name
--------   ----
00000000   __TI_static_base__
00000000   g_pfnVectors
00000001   __TI_args_main
00000100   __STACK_SIZE
0000026d   BMP180DataPressureGetFloat
00000635   __aeabi_dsub
0000063f   __aeabi_dadd
000007ed   ABTestRelay
00000919   ABTestBMP
00000a1d   __aeabi_dmul
00000b19   I2CMIntHandler
00000c05   lcdInit
00000ccd   lcdWriteDigits
00000d91   GPIOPadConfigSet
00000e49   __aeabi_memcpy
00000e49   __aeabi_memcpy4
00000e49   __aeabi_memcpy8
00000e49   memcpy
00000f7d   __TI_auto_init
00001011   bmp085Init
0000109d   I2CMCommand
00001121   BMP180DataTemperatureGetFloat
000011a1   lcdWriteNumber
00001221   __aeabi_cdcmpeq
00001221   __aeabi_cdcmple
000012a1   IntIsEnabled
00001305   IntDisable
00001365   IntEnable
00001481   BMP180DataRead
000014d9   BMP180Init
00001531   ABTestLog
00001589   ABTestLCD
00001629   ABTestDelay
00001675   GPIOPinConfigure
00001705   I2CMasterInitExpClk
0000174d   _c_int00
00001795   __aeabi_d2iz
00001825   ABTestLogLineClear
0000186d   gpioSetMasterEnable
000018b1   copy_in
000018f5   C$$EXIT
000018f9   abort
00001901   exit
00001979   bmp085DataRead
000019b9   main
00001a75   __aeabi_f2d
00001aad   I2CMInit
00001ae1   SysCtlPeripheralEnable
00001b15   lcdWriteToPort
00001b45   lcdWriteLine
00001b73   __aeabi_i2d
00001ba1   GPIODirModeSet
00001bf5   lcdWriteCommit
00001c1d   lcdWriteData
00001c45   relayInit
00001c69   relayToggle
00001cad   lcdWriteCommand
00001cc9   lcdWriteString
00001cfd   _args_main
00001d15   I2CMasterErr
00001d2d   _register_unlock
00001d33   _register_lock
00001d3b   _nop
00001d41   GPIOPinTypeI2C
00001d53   GPIOPinTypeI2CSCL
00001d65   __TI_zero_init
00001d77   gpioSetDigitalEnable
00001d89   bmp085AppCallback
00001d99   gpioSetData
00001da9   gpioSetDirection
00001db9   __TI_decompress_none
00001dc7   CPUcpsie
00001dd5   IntTrigger
00001de1   bmp085GetPressure
00001ded   bmp085GetTemperature
00001df9   bmp085I2CIntHandler
00001e05   gpioGetData
00001e11   relayOff
00001e1d   relayOn
00001e29   I2CMasterEnable
00001e33   IntMasterEnable
00001e3d   I2CMasterIntClear
00001e45   I2CMasterIntEnableEx
00001e4d   I2CMasterSlaveAddrSet
00001e55   ResetISR
00001e5b   SysCtlDelay
00001e61   __TI_decompress_rle24
00001e67   lcdClear
00001e6d   lcdCursorLine1
00001e73   lcdCursorLine2
00001e79   lcdCursorLine3
00001e7f   lcdCursorLine4
00001e85   lcdWriteSingleDigit
00001e8b   I2CMasterControl
00001e8f   I2CMasterDataGet
00001e93   I2CMasterDataPut
00001e97   lcdWriteLetter
00001f98   __TI_Handler_Table_Base
00001fa4   __TI_Handler_Table_Limit
00001fb0   __TI_CINIT_Base
00001fc0   __TI_CINIT_Limit
20000000   TII2C_ModuleInstance
20000124   TIBMP085_AppInstance
20000168   _lcdInited
2000016c   _lcdPortControl
20000170   _lcdPortDataLower
20000174   _lcdPortDataUpper
20000178   bmp085_dataFlag
2000017c   bmpPressure
20000180   bmpTemperature
20000184   __stack
20000284   __STACK_END
20000284   __STACK_TOP
20000284   _lock
20000288   _unlock
2000028c   __TI_cleanup_ptr
20000290   __TI_dtors_ptr
20000294   main_func_sp
ffffffff   __binit__
ffffffff   __c_args__
ffffffff   binit
UNDEFED    SHT$$INIT_ARRAY$$Base
UNDEFED    SHT$$INIT_ARRAY$$Limit

[123 symbols]
