******************************************************************************
                  TI ARM Linker PC v5.1.1                      
******************************************************************************
>> Linked Mon Feb 24 07:01:29 2014

OUTPUT FILE NAME:   <Aerobal-v1.0.out>
ENTRY POINT SYMBOL: "_c_int00"  address: 00002b31


MEMORY CONFIGURATION

         name            origin    length      used     unused   attr    fill
----------------------  --------  ---------  --------  --------  ----  --------
  FLASH                 00000000   00040000  000038d8  0003c728  R  X
  SRAM                  20000000   00008000  00001584  00006a7c  RW X


SEGMENT ALLOCATION MAP

run origin  load origin   length   init length attrs members
----------  ----------- ---------- ----------- ----- -------
00000000    00000000    000038d8   000038d8    r-x
  00000000    00000000    0000026c   0000026c    r-- .intvecs
  0000026c    0000026c    00003348   00003348    r-x .text
  000035b4    000035b4    00000154   00000154    r-- .const
  00003708    00003708    000001d0   000001d0    r-- .cinit
20000000    20000000    00001584   00000000    rw-
  20000000    20000000    0000128c   00000000    rw- .bss
  2000128c    2000128c    000001f8   00000000    rw- .data
  20001484    20001484    00000100   00000000    rw- .stack


SECTION ALLOCATION MAP

 output                                  attributes/
section   page    origin      length       input sections
--------  ----  ----------  ----------   ----------------
.intvecs   0    00000000    0000026c     
                  00000000    0000026c     startup_ccs.obj (.intvecs)

.init_array 
*          0    00000000    00000000     UNINITIALIZED

.text      0    0000026c    00003348     
                  0000026c    000001ec     sensorlib.lib : bmp180.obj (.text:BMP180DataPressureGetFloat)
                  00000458    000001dc                   : bmp180.obj (.text:BMP180Callback)
                  00000634    000001b6     rtsv7M4_T_le_v4SPD16_eabi.lib : fd_add_t2.obj (.text)
                  000007ea    00000002     startup_ccs.obj (.text:FaultISR)
                  000007ec    00000184     ABTest.obj (.text:ABTestRelay)
                  00000970    00000180     ABTest.obj (.text:ABTestAnalog)
                  00000af0    00000160     ABTest.obj (.text:ABTestBMP)
                  00000c50    00000136     rtsv7M4_T_le_v4SPD16_eabi.lib : fd_div_t2.obj (.text)
                  00000d86    00000002     startup_ccs.obj (.text:IntDefaultHandler)
                  00000d88    00000118     ABTest.obj (.text:ABTestServo)
                  00000ea0    00000110     ABTest.obj (.text:ABTestDHT)
                  00000fb0    00000104     driverlib.lib : sysctl.obj (.text:SysCtlClockSet)
                  000010b4    000000fc     rtsv7M4_T_le_v4SPD16_eabi.lib : fd_mul_t2.obj (.text)
                  000011b0    000000f4     loadCell.obj (.text:loadCellgetWeight)
                  000012a4    000000ec     dht11.obj (.text:decodeData)
                  00001390    000000ea     sensorlib.lib : i2cm_drv.obj (.text:I2CMIntHandler)
                  0000147a    00000002     startup_ccs.obj (.text:NmiSR)
                  0000147c    000000d4     ABTest.obj (.text:ABTestBT)
                  00001550    000000c8     lcd.obj (.text:lcdInit)
                  00001618    000000c4     lcd.obj (.text:lcdWriteDigits)
                  000016dc    000000b8     driverlib.lib : gpio.obj (.text:GPIOPadConfigSet)
                  00001794    000000b4                   : sysctl.obj (.text:SysCtlClockGet)
                  00001848    000000b4     dht11.obj (.text:readDataBit)
                  000018fc    000000b0     bluetooth.obj (.text:bluetoothInit)
                  000019ac    000000b0     dht11.obj (.text:dht11response)
                  00001a5c    000000ac     main.obj (.text:main)
                  00001b08    000000a4     dht11.obj (.text:dht11responseStatus)
                  00001bac    0000009c     ABTest.obj (.text:ABTestButtons)
                  00001c48    0000009c     rtsv7M4_T_le_v4SPD16_eabi.lib : memcpy_t2.obj (.text)
                  00001ce4    00000098     sensorlib.lib : i2cm_drv.obj (.text:I2CMStateIdle)
                  00001d7c    00000094     rtsv7M4_T_le_v4SPD16_eabi.lib : auto_init.obj (.text)
                  00001e10    0000008c     bmp085.obj (.text:bmp085Init)
                  00001e9c    0000008c     dht11.obj (.text:dht11request)
                  00001f28    0000008c     dht11.obj (.text:dhtSetup)
                  00001fb4    00000084     sensorlib.lib : i2cm_drv.obj (.text:I2CMCommand)
                  00002038    00000084     bluetooth.obj (.text:bluetoothInterruptHandler)
                  000020bc    00000080     sensorlib.lib : bmp180.obj (.text:BMP180DataTemperatureGetFloat)
                  0000213c    00000080     lcd.obj (.text:lcdWriteNumber)
                  000021bc    0000007e     rtsv7M4_T_le_v4SPD16_eabi.lib : fd_cmp_t2.obj (.text:__aeabi_cdcmple)
                  0000223a    00000002     --HOLE-- [fill = 0]
                  0000223c    0000007c     loadCell.obj (.text:windVaneGetAngle)
                  000022b8    00000078     loadCell.obj (.text:loadCellgetValues)
                  00002330    00000074     loadCell.obj (.text:averageValues)
                  000023a4    0000006c     servo.obj (.text:servosetPositionPWM)
                  00002410    00000068     buttons.obj (.text:buttonsInterruptHandler)
                  00002478    00000065     ABTest.obj (.text:ABTestLog)
                  000024dd    00000003     --HOLE-- [fill = 0]
                  000024e0    00000064     driverlib.lib : interrupt.obj (.text:IntIsEnabled)
                  00002544    00000064     dht11.obj (.text:dht11init)
                  000025a8    00000060     driverlib.lib : interrupt.obj (.text:IntDisable)
                  00002608    00000060                   : interrupt.obj (.text:IntEnable)
                  00002668    0000005e     sensorlib.lib : i2cm_drv.obj (.text:I2CMStateWritePause)
                  000026c6    0000005e     rtsv7M4_T_le_v4SPD16_eabi.lib : copy_decompress_rle.obj (.text)
                  00002724    0000005c     loadCell.obj (.text:initializeADC)
                  00002780    00000058     sensorlib.lib : bmp180.obj (.text:BMP180DataRead)
                  000027d8    00000058                   : bmp180.obj (.text:BMP180Init)
                  00002830    00000050     ABTest.obj (.text:ABTestDelay)
                  00002880    00000050     ABTest.obj (.text:ABTestLCD)
                  000028d0    00000050     loadCell.obj (.text:loadCellgetData)
                  00002920    00000050     servo.obj (.text:servoSetupPWM)
                  00002970    0000004e     sensorlib.lib : i2cm_drv.obj (.text:I2CMStateWriteFinal)
                  000029be    00000002     --HOLE-- [fill = 0]
                  000029c0    0000004c     buttons.obj (.text:buttonsInit)
                  00002a0c    0000004a     rtsv7M4_T_le_v4SPD16_eabi.lib : fd_tos_t2.obj (.text)
                  00002a56    00000002     --HOLE-- [fill = 0]
                  00002a58    00000048     driverlib.lib : gpio.obj (.text:GPIOPinConfigure)
                  00002aa0    00000048     sensorlib.lib : i2cm_drv.obj (.text:I2CMStateReadNext)
                  00002ae8    00000048     driverlib.lib : i2c.obj (.text:I2CMasterInitExpClk)
                  00002b30    00000048     rtsv7M4_T_le_v4SPD16_eabi.lib : boot.obj (.text)
                  00002b78    00000048                                   : fd_toi_t2.obj (.text)
                  00002bc0    00000046     sensorlib.lib : i2cm_drv.obj (.text:I2CMStateWriteNext)
                  00002c06    00000002     --HOLE-- [fill = 0]
                  00002c08    00000044     gpio.obj (.text:gpioSetMasterEnable)
                  00002c4c    00000044     rtsv7M4_T_le_v4SPD16_eabi.lib : cpy_tbl.obj (.text)
                  00002c90    00000044                                   : exit.obj (.text)
                  00002cd4    00000040     sensorlib.lib : i2cm_drv.obj (.text:I2CMStateCallback)
                  00002d14    00000040     bmp085.obj (.text:bmp085DataRead)
                  00002d54    00000040     dht11.obj (.text:dht11getData)
                  00002d94    0000003e     sensorlib.lib : i2cm_drv.obj (.text:I2CMStateReadFinal)
                  00002dd2    0000003e                   : i2cm_drv.obj (.text:I2CMStateReadPause)
                  00002e10    0000003d     ABTest.obj (.text:ABTestLogLineClear)
                  00002e4d    00000001     --HOLE-- [fill = 0]
                  00002e4e    00000038     rtsv7M4_T_le_v4SPD16_eabi.lib : fs_tod_t2.obj (.text)
                  00002e86    00000034     sensorlib.lib : i2cm_drv.obj (.text:I2CMInit)
                  00002eba    00000002     --HOLE-- [fill = 0]
                  00002ebc    00000034     driverlib.lib : sysctl.obj (.text:SysCtlPeripheralEnable)
                  00002ef0    00000034     dht11.obj (.text:convertTimetoBits)
                  00002f24    00000030     lcd.obj (.text:lcdWriteToPort)
                  00002f54    0000002e     driverlib.lib : adc.obj (.text:ADCIntStatus)
                  00002f82    0000002e     lcd.obj (.text:lcdWriteLine)
                  00002fb0    0000002e     lcd.obj (.text:lcdWriteStringInLine)
                  00002fde    0000002e     rtsv7M4_T_le_v4SPD16_eabi.lib : i_tofd_t2.obj (.text)
                  0000300c    0000002c     driverlib.lib : adc.obj (.text:ADCSequenceConfigure)
                  00003038    0000002c     dht11.obj (.text:bitTimeElapsed)
                  00003064    0000002a     driverlib.lib : gpio.obj (.text:GPIODirModeSet)
                  0000308e    0000002a     sensorlib.lib : i2cm_drv.obj (.text:I2CMStateReadFirst)
                  000030b8    00000028     driverlib.lib : timer.obj (.text:TimerConfigure)
                  000030e0    00000028     lcd.obj (.text:lcdWriteCommit)
                  00003108    00000028     lcd.obj (.text:lcdWriteData)
                  00003130    00000024     dht11.obj (.text:initTimeControlModule)
                  00003154    00000024     relay.obj (.text:relayInit)
                  00003178    00000022     relay.obj (.text:relayToggle)
                  0000319a    00000020     sensorlib.lib : i2cm_drv.obj (.text:I2CMStateReadOne)
                  000031ba    00000002     --HOLE-- [fill = 0]
                  000031bc    00000020     dht11.obj (.text:dht11dataReading)
                  000031dc    00000020     dht11.obj (.text:endTimeControlModule)
                  000031fc    0000001e     driverlib.lib : adc.obj (.text:ADCSequenceDataGet)
                  0000321a    00000002     --HOLE-- [fill = 0]
                  0000321c    0000001c     dht11.obj (.text:dht11count1uS)
                  00003238    0000001c     dht11.obj (.text:initTimer1Module)
                  00003254    0000001c     lcd.obj (.text:lcdWriteCommand)
                  00003270    0000001a     lcd.obj (.text:lcdWriteString)
                  0000328a    00000018     sensorlib.lib : i2cm_drv.obj (.text:I2CMStateReadWait)
                  000032a2    00000002     --HOLE-- [fill = 0]
                  000032a4    00000018     rtsv7M4_T_le_v4SPD16_eabi.lib : args_main.obj (.text)
                  000032bc    00000016     driverlib.lib : adc.obj (.text:ADCProcessorTrigger)
                  000032d2    00000016                   : i2c.obj (.text:I2CMasterErr)
                  000032e8    00000014                   : timer.obj (.text:TimerDisable)
                  000032fc    00000014     dht11.obj (.text:pow)
                  00003310    00000014     rtsv7M4_T_le_v4SPD16_eabi.lib : _lock.obj (.text)
                  00003324    00000012     driverlib.lib : gpio.obj (.text:GPIOPinTypeADC)
                  00003336    00000012                   : gpio.obj (.text:GPIOPinTypeGPIOOutput)
                  00003348    00000012                   : gpio.obj (.text:GPIOPinTypeI2C)
                  0000335a    00000012                   : gpio.obj (.text:GPIOPinTypeI2CSCL)
                  0000336c    00000012                   : gpio.obj (.text:GPIOPinTypeTimer)
                  0000337e    00000012                   : timer.obj (.text:TimerLoadSet)
                  00003390    00000012                   : timer.obj (.text:TimerMatchSet)
                  000033a2    00000012     rtsv7M4_T_le_v4SPD16_eabi.lib : copy_zero_init.obj (.text:decompress:ZI)
                  000033b4    00000012     gpio.obj (.text:gpioSetDigitalEnable)
                  000033c6    00000012     gpio.obj (.text:gpioSetInterruptClear)
                  000033d8    00000012     gpio.obj (.text:gpioSetInterruptEvent)
                  000033ea    00000002     --HOLE-- [fill = 0]
                  000033ec    00000010     bmp085.obj (.text:bmp085AppCallback)
                  000033fc    00000010     gpio.obj (.text:gpioSetData)
                  0000340c    00000010     gpio.obj (.text:gpioSetDirection)
                  0000341c    00000010     gpio.obj (.text:gpioSetInterruptBothEdges)
                  0000342c    00000010     gpio.obj (.text:gpioSetInterruptMaskDisable)
                  0000343c    0000000e     driverlib.lib : adc.obj (.text:ADCSequenceEnable)
                  0000344a    0000000e                   : timer.obj (.text:TimerEnable)
                  00003458    0000000e     rtsv7M4_T_le_v4SPD16_eabi.lib : copy_decompress_none.obj (.text:decompress:none)
                  00003466    0000000e     gpio.obj (.text:gpioGetInterruptRawStatus)
                  00003474    0000000c     driverlib.lib : cpu.obj (.text:CPUcpsie)
                  00003480    0000000c                   : interrupt.obj (.text:IntTrigger)
                  0000348c    0000000c     bmp085.obj (.text:bmp085GetPressure)
                  00003498    0000000c     bmp085.obj (.text:bmp085GetTemperature)
                  000034a4    0000000c     bmp085.obj (.text:bmp085I2CIntHandler)
                  000034b0    0000000c     dht11.obj (.text:dht11ClockSetup)
                  000034bc    0000000c     dht11.obj (.text:dht11getHumidity)
                  000034c8    0000000c     dht11.obj (.text:dht11getTemperature)
                  000034d4    0000000c     dht11.obj (.text:dhtIsActive)
                  000034e0    0000000c     dht11.obj (.text:dhtSetActive)
                  000034ec    0000000c     dht11.obj (.text:dhtSetInactive)
                  000034f8    0000000c     gpio.obj (.text:gpioGetData)
                  00003504    0000000c     relay.obj (.text:relayOff)
                  00003510    0000000c     relay.obj (.text:relayOn)
                  0000351c    0000000a     driverlib.lib : adc.obj (.text:ADCIntClear)
                  00003526    0000000a                   : i2c.obj (.text:I2CMasterEnable)
                  00003530    0000000a                   : interrupt.obj (.text:IntMasterEnable)
                  0000353a    0000000a                   : timer.obj (.text:TimerIntDisable)
                  00003544    00000008                   : i2c.obj (.text:I2CMasterIntClear)
                  0000354c    00000008                   : i2c.obj (.text:I2CMasterIntEnableEx)
                  00003554    00000008                   : i2c.obj (.text:I2CMasterSlaveAddrSet)
                  0000355c    00000008                   : timer.obj (.text:TimerIntEnable)
                  00003564    00000006                   : gpio.obj (.text:GPIOPinWrite)
                  0000356a    00000006     startup_ccs.obj (.text:ResetISR)
                  00003570    00000006     driverlib.lib : sysctl.obj (.text:SysCtlDelay)
                  00003576    00000006     rtsv7M4_T_le_v4SPD16_eabi.lib : copy_decompress_rle.obj (.text:decompress:rle24)
                  0000357c    00000006     lcd.obj (.text:lcdClear)
                  00003582    00000006     lcd.obj (.text:lcdCursorLine1)
                  00003588    00000006     lcd.obj (.text:lcdCursorLine2)
                  0000358e    00000006     lcd.obj (.text:lcdCursorLine3)
                  00003594    00000006     lcd.obj (.text:lcdCursorLine4)
                  0000359a    00000006     lcd.obj (.text:lcdWriteSingleDigit)
                  000035a0    00000004     driverlib.lib : i2c.obj (.text:I2CMasterControl)
                  000035a4    00000004                   : i2c.obj (.text:I2CMasterDataGet)
                  000035a8    00000004                   : i2c.obj (.text:I2CMasterDataPut)
                  000035ac    00000004                   : timer.obj (.text:TimerIntClear)
                  000035b0    00000004     lcd.obj (.text:lcdWriteLetter)

.const     0    000035b4    00000154     
                  000035b4    00000078     driverlib.lib : gpio.obj (.const:g_pui32GPIOBaseAddrs)
                  0000362c    00000070                   : interrupt.obj (.const)
                  0000369c    0000006c                   : sysctl.obj (.const:g_pui32Xtals)

.cinit     0    00003708    000001d0     
                  00003708    000001ab     (.cinit..data.load) [load image, compression = rle]
                  000038b3    00000001     --HOLE-- [fill = 0]
                  000038b4    0000000c     (__TI_handler_table)
                  000038c0    00000008     (.cinit..bss.load) [load image, compression = zero_init]
                  000038c8    00000010     (__TI_cinit_table)

.bss       0    20000000    0000128c     UNINITIALIZED
                  20000000    00000fa0     loadCell.obj (.bss:values)
                  20000fa0    00000124     bmp085.obj (.bss:TII2C_ModuleInstance)
                  200010c4    000000a0     dht11.obj (.bss:bitsReceivedTiming)
                  20001164    000000a0     dht11.obj (.bss:dataBitsReceived)
                  20001204    00000044     bmp085.obj (.bss:TIBMP085_AppInstance)
                  20001248    0000001c     (.common:pui32ADC0Value)
                  20001264    00000004     (.common:_dhtActive)
                  20001268    00000004     (.common:_lcdInited)
                  2000126c    00000004     (.common:_lcdPortControl)
                  20001270    00000004     (.common:_lcdPortDataLower)
                  20001274    00000004     (.common:_lcdPortDataUpper)
                  20001278    00000004     (.common:bluetoothEventCount)
                  2000127c    00000004     (.common:bmp085_dataFlag)
                  20001280    00000004     (.common:bmpPressure)
                  20001284    00000004     (.common:bmpTemperature)
                  20001288    00000004     (.common:buttonsLastPressed)

.data      0    2000128c    000001f8     UNINITIALIZED
                  2000128c    000000cc     loadCell.obj (.data:_windVane_ADC)
                  20001358    000000cc     loadCell.obj (.data:_windVane_ANG)
                  20001424    00000044     dht11.obj (.data)
                  20001468    00000008     loadCell.obj (.data)
                  20001470    00000008     rtsv7M4_T_le_v4SPD16_eabi.lib : _lock.obj (.data)
                  20001478    00000008                                   : exit.obj (.data)
                  20001480    00000004                                   : stkdepth_vars.obj (.data)

.stack     0    20001484    00000100     UNINITIALIZED
                  20001484    00000100     --HOLE--


LINKER GENERATED COPY TABLES

__TI_cinit_table @ 000038c8 records: 2, size/record: 8, table size: 16
	.data: load addr=00003708, load size=000001ab bytes, run addr=2000128c, run size=000001f8 bytes, compression=rle
	.bss: load addr=000038c0, load size=00000008 bytes, run addr=20000000, run size=0000128c bytes, compression=zero_init


LINKER GENERATED HANDLER TABLE

__TI_handler_table @ 000038b4 records: 3, size/record: 4, table size: 12
	index: 0, handler: __TI_decompress_rle24
	index: 1, handler: __TI_decompress_none
	index: 2, handler: __TI_zero_init


GLOBAL SYMBOLS: SORTED ALPHABETICALLY BY Name 

address    name
--------   ----
00000971   ABTestAnalog
00000af1   ABTestBMP
0000147d   ABTestBT
00001bad   ABTestButtons
00000ea1   ABTestDHT
00002831   ABTestDelay
00002881   ABTestLCD
00002479   ABTestLog
00002e11   ABTestLogLineClear
000007ed   ABTestRelay
00000d89   ABTestServo
0000351d   ADCIntClear
00002f55   ADCIntStatus
000032bd   ADCProcessorTrigger
0000300d   ADCSequenceConfigure
000031fd   ADCSequenceDataGet
0000343d   ADCSequenceEnable
0000026d   BMP180DataPressureGetFloat
00002781   BMP180DataRead
000020bd   BMP180DataTemperatureGetFloat
000027d9   BMP180Init
00002c91   C$$EXIT
00003475   CPUcpsie
00003065   GPIODirModeSet
000016dd   GPIOPadConfigSet
00002a59   GPIOPinConfigure
00003325   GPIOPinTypeADC
00003337   GPIOPinTypeGPIOOutput
00003349   GPIOPinTypeI2C
0000335b   GPIOPinTypeI2CSCL
0000336d   GPIOPinTypeTimer
00003565   GPIOPinWrite
00001fb5   I2CMCommand
00002e87   I2CMInit
00001391   I2CMIntHandler
000035a1   I2CMasterControl
000035a5   I2CMasterDataGet
000035a9   I2CMasterDataPut
00003527   I2CMasterEnable
000032d3   I2CMasterErr
00002ae9   I2CMasterInitExpClk
00003545   I2CMasterIntClear
0000354d   I2CMasterIntEnableEx
00003555   I2CMasterSlaveAddrSet
000025a9   IntDisable
00002609   IntEnable
000024e1   IntIsEnabled
00003531   IntMasterEnable
00003481   IntTrigger
20001468   MAX_VAL
0000356b   ResetISR
UNDEFED    SHT$$INIT_ARRAY$$Base
UNDEFED    SHT$$INIT_ARRAY$$Limit
00001795   SysCtlClockGet
00000fb1   SysCtlClockSet
00003571   SysCtlDelay
00002ebd   SysCtlPeripheralEnable
20001204   TIBMP085_AppInstance
20000fa0   TII2C_ModuleInstance
000030b9   TimerConfigure
000032e9   TimerDisable
0000344b   TimerEnable
000035ad   TimerIntClear
0000353b   TimerIntDisable
0000355d   TimerIntEnable
0000337f   TimerLoadSet
00003391   TimerMatchSet
20001584   __STACK_END
00000100   __STACK_SIZE
20001584   __STACK_TOP
000038c8   __TI_CINIT_Base
000038d8   __TI_CINIT_Limit
000038b4   __TI_Handler_Table_Base
000038c0   __TI_Handler_Table_Limit
00000001   __TI_args_main
00001d7d   __TI_auto_init
20001478   __TI_cleanup_ptr
00003459   __TI_decompress_none
00003577   __TI_decompress_rle24
2000147c   __TI_dtors_ptr
00000000   __TI_static_base__
000033a3   __TI_zero_init
000021bd   __aeabi_cdcmpeq
000021bd   __aeabi_cdcmple
00002a0d   __aeabi_d2f
00002b79   __aeabi_d2iz
0000063f   __aeabi_dadd
00000c51   __aeabi_ddiv
000010b5   __aeabi_dmul
00000635   __aeabi_dsub
00002e4f   __aeabi_f2d
00002fdf   __aeabi_i2d
00001c49   __aeabi_memcpy
00001c49   __aeabi_memcpy4
00001c49   __aeabi_memcpy8
ffffffff   __binit__
ffffffff   __c_args__
20001484   __stack
000032a5   _args_main
00002b31   _c_int00
20001264   _dhtActive
20001268   _lcdInited
2000126c   _lcdPortControl
20001270   _lcdPortDataLower
20001274   _lcdPortDataUpper
20001470   _lock
0000331f   _nop
00003317   _register_lock
00003311   _register_unlock
20001474   _unlock
2000128c   _windVane_ADC
20001358   _windVane_ANG
00002c95   abort
00002331   averageValues
ffffffff   binit
20001434   bitEntryTime
20001438   bitExitTime
00003039   bitTimeElapsed
2000143c   bitTimingStatus
200010c4   bitsReceivedTiming
20001278   bluetoothEventCount
000018fd   bluetoothInit
00002039   bluetoothInterruptHandler
000033ed   bmp085AppCallback
00002d15   bmp085DataRead
0000348d   bmp085GetPressure
00003499   bmp085GetTemperature
000034a5   bmp085I2CIntHandler
00001e11   bmp085Init
2000127c   bmp085_dataFlag
20001280   bmpPressure
20001284   bmpTemperature
000029c1   buttonsInit
00002411   buttonsInterruptHandler
20001288   buttonsLastPressed
00002ef1   convertTimetoBits
00002c4d   copy_in
20001430   count1uS
2000146c   counter
2000142c   dataBitReadStatus
20001164   dataBitsReceived
2000145c   decimalHumidity
20001454   decimalTemp
000012a5   decodeData
000034b1   dht11ClockSetup
0000321d   dht11count1uS
000031bd   dht11dataReading
00002d55   dht11getData
000034bd   dht11getHumidity
000034c9   dht11getTemperature
00002545   dht11init
00001e9d   dht11request
000019ad   dht11response
00001b09   dht11responseStatus
000034d5   dhtIsActive
000034e1   dhtSetActive
000034ed   dhtSetInactive
00001f29   dhtSetup
000031dd   endTimeControlModule
00002c9d   exit
00000000   g_pfnVectors
000034f9   gpioGetData
00003467   gpioGetInterruptRawStatus
000033fd   gpioSetData
000033b5   gpioSetDigitalEnable
0000340d   gpioSetDirection
0000341d   gpioSetInterruptBothEdges
000033c7   gpioSetInterruptClear
000033d9   gpioSetInterruptEvent
0000342d   gpioSetInterruptMaskDisable
00002c09   gpioSetMasterEnable
20001458   humidity
00003131   initTimeControlModule
00003239   initTimer1Module
00002725   initializeADC
0000357d   lcdClear
00003583   lcdCursorLine1
00003589   lcdCursorLine2
0000358f   lcdCursorLine3
00003595   lcdCursorLine4
00001551   lcdInit
00003255   lcdWriteCommand
000030e1   lcdWriteCommit
00003109   lcdWriteData
00001619   lcdWriteDigits
000035b1   lcdWriteLetter
00002f83   lcdWriteLine
0000213d   lcdWriteNumber
0000359b   lcdWriteSingleDigit
00003271   lcdWriteString
00002fb1   lcdWriteStringInLine
00002f25   lcdWriteToPort
00002725   loadCellSetup
000028d1   loadCellgetData
000022b9   loadCellgetValues
000011b1   loadCellgetWeight
00001a5d   main
20001480   main_func_sp
00001c49   memcpy
000032fd   pow
20001440   process
20001248   pui32ADC0Value
00001849   readDataBit
00003155   relayInit
00003505   relayOff
00003511   relayOn
00003179   relayToggle
20001424   responseStatusOk0
20001428   responseStatusOk1
00002921   servoSetupPWM
000023a5   servosetPositionPWM
20001448   status0
2000144c   status1
20001444   step
20001464   sum
20001460   sumDataCheck
20001450   temp
20000000   values
0000223d   windVaneGetAngle


GLOBAL SYMBOLS: SORTED BY Symbol Address 

address    name
--------   ----
00000000   __TI_static_base__
00000000   g_pfnVectors
00000001   __TI_args_main
00000100   __STACK_SIZE
0000026d   BMP180DataPressureGetFloat
00000635   __aeabi_dsub
0000063f   __aeabi_dadd
000007ed   ABTestRelay
00000971   ABTestAnalog
00000af1   ABTestBMP
00000c51   __aeabi_ddiv
00000d89   ABTestServo
00000ea1   ABTestDHT
00000fb1   SysCtlClockSet
000010b5   __aeabi_dmul
000011b1   loadCellgetWeight
000012a5   decodeData
00001391   I2CMIntHandler
0000147d   ABTestBT
00001551   lcdInit
00001619   lcdWriteDigits
000016dd   GPIOPadConfigSet
00001795   SysCtlClockGet
00001849   readDataBit
000018fd   bluetoothInit
000019ad   dht11response
00001a5d   main
00001b09   dht11responseStatus
00001bad   ABTestButtons
00001c49   __aeabi_memcpy
00001c49   __aeabi_memcpy4
00001c49   __aeabi_memcpy8
00001c49   memcpy
00001d7d   __TI_auto_init
00001e11   bmp085Init
00001e9d   dht11request
00001f29   dhtSetup
00001fb5   I2CMCommand
00002039   bluetoothInterruptHandler
000020bd   BMP180DataTemperatureGetFloat
0000213d   lcdWriteNumber
000021bd   __aeabi_cdcmpeq
000021bd   __aeabi_cdcmple
0000223d   windVaneGetAngle
000022b9   loadCellgetValues
00002331   averageValues
000023a5   servosetPositionPWM
00002411   buttonsInterruptHandler
00002479   ABTestLog
000024e1   IntIsEnabled
00002545   dht11init
000025a9   IntDisable
00002609   IntEnable
00002725   initializeADC
00002725   loadCellSetup
00002781   BMP180DataRead
000027d9   BMP180Init
00002831   ABTestDelay
00002881   ABTestLCD
000028d1   loadCellgetData
00002921   servoSetupPWM
000029c1   buttonsInit
00002a0d   __aeabi_d2f
00002a59   GPIOPinConfigure
00002ae9   I2CMasterInitExpClk
00002b31   _c_int00
00002b79   __aeabi_d2iz
00002c09   gpioSetMasterEnable
00002c4d   copy_in
00002c91   C$$EXIT
00002c95   abort
00002c9d   exit
00002d15   bmp085DataRead
00002d55   dht11getData
00002e11   ABTestLogLineClear
00002e4f   __aeabi_f2d
00002e87   I2CMInit
00002ebd   SysCtlPeripheralEnable
00002ef1   convertTimetoBits
00002f25   lcdWriteToPort
00002f55   ADCIntStatus
00002f83   lcdWriteLine
00002fb1   lcdWriteStringInLine
00002fdf   __aeabi_i2d
0000300d   ADCSequenceConfigure
00003039   bitTimeElapsed
00003065   GPIODirModeSet
000030b9   TimerConfigure
000030e1   lcdWriteCommit
00003109   lcdWriteData
00003131   initTimeControlModule
00003155   relayInit
00003179   relayToggle
000031bd   dht11dataReading
000031dd   endTimeControlModule
000031fd   ADCSequenceDataGet
0000321d   dht11count1uS
00003239   initTimer1Module
00003255   lcdWriteCommand
00003271   lcdWriteString
000032a5   _args_main
000032bd   ADCProcessorTrigger
000032d3   I2CMasterErr
000032e9   TimerDisable
000032fd   pow
00003311   _register_unlock
00003317   _register_lock
0000331f   _nop
00003325   GPIOPinTypeADC
00003337   GPIOPinTypeGPIOOutput
00003349   GPIOPinTypeI2C
0000335b   GPIOPinTypeI2CSCL
0000336d   GPIOPinTypeTimer
0000337f   TimerLoadSet
00003391   TimerMatchSet
000033a3   __TI_zero_init
000033b5   gpioSetDigitalEnable
000033c7   gpioSetInterruptClear
000033d9   gpioSetInterruptEvent
000033ed   bmp085AppCallback
000033fd   gpioSetData
0000340d   gpioSetDirection
0000341d   gpioSetInterruptBothEdges
0000342d   gpioSetInterruptMaskDisable
0000343d   ADCSequenceEnable
0000344b   TimerEnable
00003459   __TI_decompress_none
00003467   gpioGetInterruptRawStatus
00003475   CPUcpsie
00003481   IntTrigger
0000348d   bmp085GetPressure
00003499   bmp085GetTemperature
000034a5   bmp085I2CIntHandler
000034b1   dht11ClockSetup
000034bd   dht11getHumidity
000034c9   dht11getTemperature
000034d5   dhtIsActive
000034e1   dhtSetActive
000034ed   dhtSetInactive
000034f9   gpioGetData
00003505   relayOff
00003511   relayOn
0000351d   ADCIntClear
00003527   I2CMasterEnable
00003531   IntMasterEnable
0000353b   TimerIntDisable
00003545   I2CMasterIntClear
0000354d   I2CMasterIntEnableEx
00003555   I2CMasterSlaveAddrSet
0000355d   TimerIntEnable
00003565   GPIOPinWrite
0000356b   ResetISR
00003571   SysCtlDelay
00003577   __TI_decompress_rle24
0000357d   lcdClear
00003583   lcdCursorLine1
00003589   lcdCursorLine2
0000358f   lcdCursorLine3
00003595   lcdCursorLine4
0000359b   lcdWriteSingleDigit
000035a1   I2CMasterControl
000035a5   I2CMasterDataGet
000035a9   I2CMasterDataPut
000035ad   TimerIntClear
000035b1   lcdWriteLetter
000038b4   __TI_Handler_Table_Base
000038c0   __TI_Handler_Table_Limit
000038c8   __TI_CINIT_Base
000038d8   __TI_CINIT_Limit
20000000   values
20000fa0   TII2C_ModuleInstance
200010c4   bitsReceivedTiming
20001164   dataBitsReceived
20001204   TIBMP085_AppInstance
20001248   pui32ADC0Value
20001264   _dhtActive
20001268   _lcdInited
2000126c   _lcdPortControl
20001270   _lcdPortDataLower
20001274   _lcdPortDataUpper
20001278   bluetoothEventCount
2000127c   bmp085_dataFlag
20001280   bmpPressure
20001284   bmpTemperature
20001288   buttonsLastPressed
2000128c   _windVane_ADC
20001358   _windVane_ANG
20001424   responseStatusOk0
20001428   responseStatusOk1
2000142c   dataBitReadStatus
20001430   count1uS
20001434   bitEntryTime
20001438   bitExitTime
2000143c   bitTimingStatus
20001440   process
20001444   step
20001448   status0
2000144c   status1
20001450   temp
20001454   decimalTemp
20001458   humidity
2000145c   decimalHumidity
20001460   sumDataCheck
20001464   sum
20001468   MAX_VAL
2000146c   counter
20001470   _lock
20001474   _unlock
20001478   __TI_cleanup_ptr
2000147c   __TI_dtors_ptr
20001480   main_func_sp
20001484   __stack
20001584   __STACK_END
20001584   __STACK_TOP
ffffffff   __binit__
ffffffff   __c_args__
ffffffff   binit
UNDEFED    SHT$$INIT_ARRAY$$Base
UNDEFED    SHT$$INIT_ARRAY$$Limit

[219 symbols]
