******************************************************************************
                  TI ARM Linker PC v5.1.1                      
******************************************************************************
>> Linked Mon Feb 24 04:55:37 2014

OUTPUT FILE NAME:   <Aerobal-v1.0.out>
ENTRY POINT SYMBOL: "_c_int00"  address: 000027e1


MEMORY CONFIGURATION

         name            origin    length      used     unused   attr    fill
----------------------  --------  ---------  --------  --------  ----  --------
  FLASH                 00000000   00040000  00003514  0003caec  R  X
  SRAM                  20000000   00008000  00001580  00006a80  RW X


SEGMENT ALLOCATION MAP

run origin  load origin   length   init length attrs members
----------  ----------- ---------- ----------- ----- -------
00000000    00000000    00003518   00003518    r-x
  00000000    00000000    0000026c   0000026c    r-- .intvecs
  0000026c    0000026c    00002f84   00002f84    r-x .text
  000031f0    000031f0    00000154   00000154    r-- .const
  00003348    00003348    000001d0   000001d0    r-- .cinit
20000000    20000000    00001580   00000000    rw-
  20000000    20000000    00001288   00000000    rw- .bss
  20001288    20001288    000001f8   00000000    rw- .data
  20001480    20001480    00000100   00000000    rw- .stack


SECTION ALLOCATION MAP

 output                                  attributes/
section   page    origin      length       input sections
--------  ----  ----------  ----------   ----------------
.intvecs   0    00000000    0000026c     
                  00000000    0000026c     startup_ccs.obj (.intvecs)

.init_array 
*          0    00000000    00000000     UNINITIALIZED

.text      0    0000026c    00002f84     
                  0000026c    000001ec     sensorlib.lib : bmp180.obj (.text:BMP180DataPressureGetFloat)
                  00000458    000001dc                   : bmp180.obj (.text:BMP180Callback)
                  00000634    000001b6     rtsv7M4_T_le_v4SPD16_eabi.lib : fd_add_t2.obj (.text)
                  000007ea    00000002     startup_ccs.obj (.text:FaultISR)
                  000007ec    00000184     ABTest.obj (.text:ABTestRelay)
                  00000970    00000180     ABTest.obj (.text:ABTestAnalog)
                  00000af0    00000160     ABTest.obj (.text:ABTestBMP)
                  00000c50    00000136     rtsv7M4_T_le_v4SPD16_eabi.lib : fd_div_t2.obj (.text)
                  00000d86    00000002     startup_ccs.obj (.text:IntDefaultHandler)
                  00000d88    00000110     ABTest.obj (.text:ABTestDHT)
                  00000e98    00000104     driverlib.lib : sysctl.obj (.text:SysCtlClockSet)
                  00000f9c    000000fc     rtsv7M4_T_le_v4SPD16_eabi.lib : fd_mul_t2.obj (.text)
                  00001098    000000f4     loadCell.obj (.text:loadCellgetWeight)
                  0000118c    000000ec     dht11.obj (.text:decodeData)
                  00001278    000000ea     sensorlib.lib : i2cm_drv.obj (.text:I2CMIntHandler)
                  00001362    00000002     startup_ccs.obj (.text:NmiSR)
                  00001364    000000d4     ABTest.obj (.text:ABTestBT)
                  00001438    000000c8     lcd.obj (.text:lcdInit)
                  00001500    000000c4     lcd.obj (.text:lcdWriteDigits)
                  000015c4    000000b8     driverlib.lib : gpio.obj (.text:GPIOPadConfigSet)
                  0000167c    000000b4                   : sysctl.obj (.text:SysCtlClockGet)
                  00001730    000000b4     dht11.obj (.text:readDataBit)
                  000017e4    000000b0     bluetooth.obj (.text:bluetoothInit)
                  00001894    000000b0     dht11.obj (.text:dht11response)
                  00001944    000000a4     dht11.obj (.text:dht11responseStatus)
                  000019e8    0000009c     rtsv7M4_T_le_v4SPD16_eabi.lib : memcpy_t2.obj (.text)
                  00001a84    00000098     sensorlib.lib : i2cm_drv.obj (.text:I2CMStateIdle)
                  00001b1c    00000094     rtsv7M4_T_le_v4SPD16_eabi.lib : auto_init.obj (.text)
                  00001bb0    0000008c     bmp085.obj (.text:bmp085Init)
                  00001c3c    0000008c     dht11.obj (.text:dht11request)
                  00001cc8    0000008c     dht11.obj (.text:dhtSetup)
                  00001d54    00000084     sensorlib.lib : i2cm_drv.obj (.text:I2CMCommand)
                  00001dd8    00000084     bluetooth.obj (.text:bluetoothInterruptHandler)
                  00001e5c    00000084     main.obj (.text:main)
                  00001ee0    00000080     sensorlib.lib : bmp180.obj (.text:BMP180DataTemperatureGetFloat)
                  00001f60    00000080     lcd.obj (.text:lcdWriteNumber)
                  00001fe0    0000007e     rtsv7M4_T_le_v4SPD16_eabi.lib : fd_cmp_t2.obj (.text:__aeabi_cdcmple)
                  0000205e    00000002     --HOLE-- [fill = 0]
                  00002060    0000007c     loadCell.obj (.text:windVaneGetAngle)
                  000020dc    00000078     loadCell.obj (.text:loadCellgetValues)
                  00002154    00000074     loadCell.obj (.text:averageValues)
                  000021c8    00000065     ABTest.obj (.text:ABTestLog)
                  0000222d    00000003     --HOLE-- [fill = 0]
                  00002230    00000064     driverlib.lib : interrupt.obj (.text:IntIsEnabled)
                  00002294    00000064     dht11.obj (.text:dht11init)
                  000022f8    00000060     driverlib.lib : interrupt.obj (.text:IntDisable)
                  00002358    00000060                   : interrupt.obj (.text:IntEnable)
                  000023b8    0000005e     sensorlib.lib : i2cm_drv.obj (.text:I2CMStateWritePause)
                  00002416    0000005e     rtsv7M4_T_le_v4SPD16_eabi.lib : copy_decompress_rle.obj (.text)
                  00002474    0000005c     loadCell.obj (.text:initializeADC)
                  000024d0    00000058     sensorlib.lib : bmp180.obj (.text:BMP180DataRead)
                  00002528    00000058                   : bmp180.obj (.text:BMP180Init)
                  00002580    00000050     ABTest.obj (.text:ABTestDelay)
                  000025d0    00000050     ABTest.obj (.text:ABTestLCD)
                  00002620    00000050     loadCell.obj (.text:loadCellgetData)
                  00002670    0000004e     sensorlib.lib : i2cm_drv.obj (.text:I2CMStateWriteFinal)
                  000026be    0000004a     rtsv7M4_T_le_v4SPD16_eabi.lib : fd_tos_t2.obj (.text)
                  00002708    00000048     driverlib.lib : gpio.obj (.text:GPIOPinConfigure)
                  00002750    00000048     sensorlib.lib : i2cm_drv.obj (.text:I2CMStateReadNext)
                  00002798    00000048     driverlib.lib : i2c.obj (.text:I2CMasterInitExpClk)
                  000027e0    00000048     rtsv7M4_T_le_v4SPD16_eabi.lib : boot.obj (.text)
                  00002828    00000048                                   : fd_toi_t2.obj (.text)
                  00002870    00000046     sensorlib.lib : i2cm_drv.obj (.text:I2CMStateWriteNext)
                  000028b6    00000002     --HOLE-- [fill = 0]
                  000028b8    00000044     gpio.obj (.text:gpioSetMasterEnable)
                  000028fc    00000044     rtsv7M4_T_le_v4SPD16_eabi.lib : cpy_tbl.obj (.text)
                  00002940    00000044                                   : exit.obj (.text)
                  00002984    00000040     sensorlib.lib : i2cm_drv.obj (.text:I2CMStateCallback)
                  000029c4    00000040     bmp085.obj (.text:bmp085DataRead)
                  00002a04    00000040     dht11.obj (.text:dht11getData)
                  00002a44    0000003e     sensorlib.lib : i2cm_drv.obj (.text:I2CMStateReadFinal)
                  00002a82    0000003e                   : i2cm_drv.obj (.text:I2CMStateReadPause)
                  00002ac0    0000003d     ABTest.obj (.text:ABTestLogLineClear)
                  00002afd    00000001     --HOLE-- [fill = 0]
                  00002afe    00000038     rtsv7M4_T_le_v4SPD16_eabi.lib : fs_tod_t2.obj (.text)
                  00002b36    00000034     sensorlib.lib : i2cm_drv.obj (.text:I2CMInit)
                  00002b6a    00000002     --HOLE-- [fill = 0]
                  00002b6c    00000034     driverlib.lib : sysctl.obj (.text:SysCtlPeripheralEnable)
                  00002ba0    00000034     dht11.obj (.text:convertTimetoBits)
                  00002bd4    00000030     lcd.obj (.text:lcdWriteToPort)
                  00002c04    0000002e     driverlib.lib : adc.obj (.text:ADCIntStatus)
                  00002c32    0000002e     lcd.obj (.text:lcdWriteLine)
                  00002c60    0000002e     lcd.obj (.text:lcdWriteStringInLine)
                  00002c8e    0000002e     rtsv7M4_T_le_v4SPD16_eabi.lib : i_tofd_t2.obj (.text)
                  00002cbc    0000002c     driverlib.lib : adc.obj (.text:ADCSequenceConfigure)
                  00002ce8    0000002c     dht11.obj (.text:bitTimeElapsed)
                  00002d14    0000002a     driverlib.lib : gpio.obj (.text:GPIODirModeSet)
                  00002d3e    0000002a     sensorlib.lib : i2cm_drv.obj (.text:I2CMStateReadFirst)
                  00002d68    00000028     driverlib.lib : timer.obj (.text:TimerConfigure)
                  00002d90    00000028     lcd.obj (.text:lcdWriteCommit)
                  00002db8    00000028     lcd.obj (.text:lcdWriteData)
                  00002de0    00000024     dht11.obj (.text:initTimeControlModule)
                  00002e04    00000024     relay.obj (.text:relayInit)
                  00002e28    00000022     relay.obj (.text:relayToggle)
                  00002e4a    00000020     sensorlib.lib : i2cm_drv.obj (.text:I2CMStateReadOne)
                  00002e6a    00000002     --HOLE-- [fill = 0]
                  00002e6c    00000020     dht11.obj (.text:dht11dataReading)
                  00002e8c    00000020     dht11.obj (.text:endTimeControlModule)
                  00002eac    0000001e     driverlib.lib : adc.obj (.text:ADCSequenceDataGet)
                  00002eca    00000002     --HOLE-- [fill = 0]
                  00002ecc    0000001c     dht11.obj (.text:dht11count1uS)
                  00002ee8    0000001c     dht11.obj (.text:initTimer1Module)
                  00002f04    0000001c     lcd.obj (.text:lcdWriteCommand)
                  00002f20    0000001a     lcd.obj (.text:lcdWriteString)
                  00002f3a    00000018     sensorlib.lib : i2cm_drv.obj (.text:I2CMStateReadWait)
                  00002f52    00000002     --HOLE-- [fill = 0]
                  00002f54    00000018     rtsv7M4_T_le_v4SPD16_eabi.lib : args_main.obj (.text)
                  00002f6c    00000016     driverlib.lib : adc.obj (.text:ADCProcessorTrigger)
                  00002f82    00000016                   : i2c.obj (.text:I2CMasterErr)
                  00002f98    00000014                   : timer.obj (.text:TimerDisable)
                  00002fac    00000014     dht11.obj (.text:pow)
                  00002fc0    00000014     rtsv7M4_T_le_v4SPD16_eabi.lib : _lock.obj (.text)
                  00002fd4    00000012     driverlib.lib : gpio.obj (.text:GPIOPinTypeADC)
                  00002fe6    00000012                   : gpio.obj (.text:GPIOPinTypeGPIOOutput)
                  00002ff8    00000012                   : gpio.obj (.text:GPIOPinTypeI2C)
                  0000300a    00000012                   : gpio.obj (.text:GPIOPinTypeI2CSCL)
                  0000301c    00000012                   : timer.obj (.text:TimerLoadSet)
                  0000302e    00000012     rtsv7M4_T_le_v4SPD16_eabi.lib : copy_zero_init.obj (.text:decompress:ZI)
                  00003040    00000012     gpio.obj (.text:gpioSetDigitalEnable)
                  00003052    00000002     --HOLE-- [fill = 0]
                  00003054    00000010     bmp085.obj (.text:bmp085AppCallback)
                  00003064    00000010     gpio.obj (.text:gpioSetData)
                  00003074    00000010     gpio.obj (.text:gpioSetDirection)
                  00003084    0000000e     driverlib.lib : adc.obj (.text:ADCSequenceEnable)
                  00003092    0000000e                   : timer.obj (.text:TimerEnable)
                  000030a0    0000000e     rtsv7M4_T_le_v4SPD16_eabi.lib : copy_decompress_none.obj (.text:decompress:none)
                  000030ae    0000000c     driverlib.lib : cpu.obj (.text:CPUcpsie)
                  000030ba    00000002     --HOLE-- [fill = 0]
                  000030bc    0000000c                   : interrupt.obj (.text:IntTrigger)
                  000030c8    0000000c     bmp085.obj (.text:bmp085GetPressure)
                  000030d4    0000000c     bmp085.obj (.text:bmp085GetTemperature)
                  000030e0    0000000c     bmp085.obj (.text:bmp085I2CIntHandler)
                  000030ec    0000000c     dht11.obj (.text:dht11ClockSetup)
                  000030f8    0000000c     dht11.obj (.text:dht11getHumidity)
                  00003104    0000000c     dht11.obj (.text:dht11getTemperature)
                  00003110    0000000c     dht11.obj (.text:dhtIsActive)
                  0000311c    0000000c     dht11.obj (.text:dhtSetActive)
                  00003128    0000000c     dht11.obj (.text:dhtSetInactive)
                  00003134    0000000c     gpio.obj (.text:gpioGetData)
                  00003140    0000000c     relay.obj (.text:relayOff)
                  0000314c    0000000c     relay.obj (.text:relayOn)
                  00003158    0000000a     driverlib.lib : adc.obj (.text:ADCIntClear)
                  00003162    0000000a                   : i2c.obj (.text:I2CMasterEnable)
                  0000316c    0000000a                   : interrupt.obj (.text:IntMasterEnable)
                  00003176    0000000a                   : timer.obj (.text:TimerIntDisable)
                  00003180    00000008                   : i2c.obj (.text:I2CMasterIntClear)
                  00003188    00000008                   : i2c.obj (.text:I2CMasterIntEnableEx)
                  00003190    00000008                   : i2c.obj (.text:I2CMasterSlaveAddrSet)
                  00003198    00000008                   : timer.obj (.text:TimerIntEnable)
                  000031a0    00000006                   : gpio.obj (.text:GPIOPinWrite)
                  000031a6    00000006     startup_ccs.obj (.text:ResetISR)
                  000031ac    00000006     driverlib.lib : sysctl.obj (.text:SysCtlDelay)
                  000031b2    00000006     rtsv7M4_T_le_v4SPD16_eabi.lib : copy_decompress_rle.obj (.text:decompress:rle24)
                  000031b8    00000006     lcd.obj (.text:lcdClear)
                  000031be    00000006     lcd.obj (.text:lcdCursorLine1)
                  000031c4    00000006     lcd.obj (.text:lcdCursorLine2)
                  000031ca    00000006     lcd.obj (.text:lcdCursorLine3)
                  000031d0    00000006     lcd.obj (.text:lcdCursorLine4)
                  000031d6    00000006     lcd.obj (.text:lcdWriteSingleDigit)
                  000031dc    00000004     driverlib.lib : i2c.obj (.text:I2CMasterControl)
                  000031e0    00000004                   : i2c.obj (.text:I2CMasterDataGet)
                  000031e4    00000004                   : i2c.obj (.text:I2CMasterDataPut)
                  000031e8    00000004                   : timer.obj (.text:TimerIntClear)
                  000031ec    00000004     lcd.obj (.text:lcdWriteLetter)

.const     0    000031f0    00000154     
                  000031f0    00000078     driverlib.lib : gpio.obj (.const:g_pui32GPIOBaseAddrs)
                  00003268    00000070                   : interrupt.obj (.const)
                  000032d8    0000006c                   : sysctl.obj (.const:g_pui32Xtals)

.cinit     0    00003348    000001d0     
                  00003348    000001ab     (.cinit..data.load) [load image, compression = rle]
                  000034f3    00000001     --HOLE-- [fill = 0]
                  000034f4    0000000c     (__TI_handler_table)
                  00003500    00000008     (.cinit..bss.load) [load image, compression = zero_init]
                  00003508    00000010     (__TI_cinit_table)

.bss       0    20000000    00001288     UNINITIALIZED
                  20000000    00000fa0     loadCell.obj (.bss:values)
                  20000fa0    00000124     bmp085.obj (.bss:TII2C_ModuleInstance)
                  200010c4    000000a0     dht11.obj (.bss:bitsReceivedTiming)
                  20001164    000000a0     dht11.obj (.bss:dataBitsReceived)
                  20001204    00000044     bmp085.obj (.bss:TIBMP085_AppInstance)
                  20001248    0000001c     (.common:pui32ADC0Value)
                  20001264    00000004     (.common:_dhtActive)
                  20001268    00000004     (.common:_lcdInited)
                  2000126c    00000004     (.common:_lcdPortControl)
                  20001270    00000004     (.common:_lcdPortDataLower)
                  20001274    00000004     (.common:_lcdPortDataUpper)
                  20001278    00000004     (.common:bluetoothEventCount)
                  2000127c    00000004     (.common:bmp085_dataFlag)
                  20001280    00000004     (.common:bmpPressure)
                  20001284    00000004     (.common:bmpTemperature)

.data      0    20001288    000001f8     UNINITIALIZED
                  20001288    000000cc     loadCell.obj (.data:_windVane_ADC)
                  20001354    000000cc     loadCell.obj (.data:_windVane_ANG)
                  20001420    00000044     dht11.obj (.data)
                  20001464    00000008     loadCell.obj (.data)
                  2000146c    00000008     rtsv7M4_T_le_v4SPD16_eabi.lib : _lock.obj (.data)
                  20001474    00000008                                   : exit.obj (.data)
                  2000147c    00000004                                   : stkdepth_vars.obj (.data)

.stack     0    20001480    00000100     UNINITIALIZED
                  20001480    00000100     --HOLE--


LINKER GENERATED COPY TABLES

__TI_cinit_table @ 00003508 records: 2, size/record: 8, table size: 16
	.data: load addr=00003348, load size=000001ab bytes, run addr=20001288, run size=000001f8 bytes, compression=rle
	.bss: load addr=00003500, load size=00000008 bytes, run addr=20000000, run size=00001288 bytes, compression=zero_init


LINKER GENERATED HANDLER TABLE

__TI_handler_table @ 000034f4 records: 3, size/record: 4, table size: 12
	index: 0, handler: __TI_decompress_rle24
	index: 1, handler: __TI_decompress_none
	index: 2, handler: __TI_zero_init


GLOBAL SYMBOLS: SORTED ALPHABETICALLY BY Name 

address    name
--------   ----
00000971   ABTestAnalog
00000af1   ABTestBMP
00001365   ABTestBT
00000d89   ABTestDHT
00002581   ABTestDelay
000025d1   ABTestLCD
000021c9   ABTestLog
00002ac1   ABTestLogLineClear
000007ed   ABTestRelay
00003159   ADCIntClear
00002c05   ADCIntStatus
00002f6d   ADCProcessorTrigger
00002cbd   ADCSequenceConfigure
00002ead   ADCSequenceDataGet
00003085   ADCSequenceEnable
0000026d   BMP180DataPressureGetFloat
000024d1   BMP180DataRead
00001ee1   BMP180DataTemperatureGetFloat
00002529   BMP180Init
00002941   C$$EXIT
000030af   CPUcpsie
00002d15   GPIODirModeSet
000015c5   GPIOPadConfigSet
00002709   GPIOPinConfigure
00002fd5   GPIOPinTypeADC
00002fe7   GPIOPinTypeGPIOOutput
00002ff9   GPIOPinTypeI2C
0000300b   GPIOPinTypeI2CSCL
000031a1   GPIOPinWrite
00001d55   I2CMCommand
00002b37   I2CMInit
00001279   I2CMIntHandler
000031dd   I2CMasterControl
000031e1   I2CMasterDataGet
000031e5   I2CMasterDataPut
00003163   I2CMasterEnable
00002f83   I2CMasterErr
00002799   I2CMasterInitExpClk
00003181   I2CMasterIntClear
00003189   I2CMasterIntEnableEx
00003191   I2CMasterSlaveAddrSet
000022f9   IntDisable
00002359   IntEnable
00002231   IntIsEnabled
0000316d   IntMasterEnable
000030bd   IntTrigger
20001464   MAX_VAL
000031a7   ResetISR
UNDEFED    SHT$$INIT_ARRAY$$Base
UNDEFED    SHT$$INIT_ARRAY$$Limit
0000167d   SysCtlClockGet
00000e99   SysCtlClockSet
000031ad   SysCtlDelay
00002b6d   SysCtlPeripheralEnable
20001204   TIBMP085_AppInstance
20000fa0   TII2C_ModuleInstance
00002d69   TimerConfigure
00002f99   TimerDisable
00003093   TimerEnable
000031e9   TimerIntClear
00003177   TimerIntDisable
00003199   TimerIntEnable
0000301d   TimerLoadSet
20001580   __STACK_END
00000100   __STACK_SIZE
20001580   __STACK_TOP
00003508   __TI_CINIT_Base
00003518   __TI_CINIT_Limit
000034f4   __TI_Handler_Table_Base
00003500   __TI_Handler_Table_Limit
00000001   __TI_args_main
00001b1d   __TI_auto_init
20001474   __TI_cleanup_ptr
000030a1   __TI_decompress_none
000031b3   __TI_decompress_rle24
20001478   __TI_dtors_ptr
00000000   __TI_static_base__
0000302f   __TI_zero_init
00001fe1   __aeabi_cdcmpeq
00001fe1   __aeabi_cdcmple
000026bf   __aeabi_d2f
00002829   __aeabi_d2iz
0000063f   __aeabi_dadd
00000c51   __aeabi_ddiv
00000f9d   __aeabi_dmul
00000635   __aeabi_dsub
00002aff   __aeabi_f2d
00002c8f   __aeabi_i2d
000019e9   __aeabi_memcpy
000019e9   __aeabi_memcpy4
000019e9   __aeabi_memcpy8
ffffffff   __binit__
ffffffff   __c_args__
20001480   __stack
00002f55   _args_main
000027e1   _c_int00
20001264   _dhtActive
20001268   _lcdInited
2000126c   _lcdPortControl
20001270   _lcdPortDataLower
20001274   _lcdPortDataUpper
2000146c   _lock
00002fcf   _nop
00002fc7   _register_lock
00002fc1   _register_unlock
20001470   _unlock
20001288   _windVane_ADC
20001354   _windVane_ANG
00002945   abort
00002155   averageValues
ffffffff   binit
20001430   bitEntryTime
20001434   bitExitTime
00002ce9   bitTimeElapsed
20001438   bitTimingStatus
200010c4   bitsReceivedTiming
20001278   bluetoothEventCount
000017e5   bluetoothInit
00001dd9   bluetoothInterruptHandler
00003055   bmp085AppCallback
000029c5   bmp085DataRead
000030c9   bmp085GetPressure
000030d5   bmp085GetTemperature
000030e1   bmp085I2CIntHandler
00001bb1   bmp085Init
2000127c   bmp085_dataFlag
20001280   bmpPressure
20001284   bmpTemperature
00002ba1   convertTimetoBits
000028fd   copy_in
2000142c   count1uS
20001468   counter
20001428   dataBitReadStatus
20001164   dataBitsReceived
20001458   decimalHumidity
20001450   decimalTemp
0000118d   decodeData
000030ed   dht11ClockSetup
00002ecd   dht11count1uS
00002e6d   dht11dataReading
00002a05   dht11getData
000030f9   dht11getHumidity
00003105   dht11getTemperature
00002295   dht11init
00001c3d   dht11request
00001895   dht11response
00001945   dht11responseStatus
00003111   dhtIsActive
0000311d   dhtSetActive
00003129   dhtSetInactive
00001cc9   dhtSetup
00002e8d   endTimeControlModule
0000294d   exit
00000000   g_pfnVectors
00003135   gpioGetData
00003065   gpioSetData
00003041   gpioSetDigitalEnable
00003075   gpioSetDirection
000028b9   gpioSetMasterEnable
20001454   humidity
00002de1   initTimeControlModule
00002ee9   initTimer1Module
00002475   initializeADC
000031b9   lcdClear
000031bf   lcdCursorLine1
000031c5   lcdCursorLine2
000031cb   lcdCursorLine3
000031d1   lcdCursorLine4
00001439   lcdInit
00002f05   lcdWriteCommand
00002d91   lcdWriteCommit
00002db9   lcdWriteData
00001501   lcdWriteDigits
000031ed   lcdWriteLetter
00002c33   lcdWriteLine
00001f61   lcdWriteNumber
000031d7   lcdWriteSingleDigit
00002f21   lcdWriteString
00002c61   lcdWriteStringInLine
00002bd5   lcdWriteToPort
00002475   loadCellSetup
00002621   loadCellgetData
000020dd   loadCellgetValues
00001099   loadCellgetWeight
00001e5d   main
2000147c   main_func_sp
000019e9   memcpy
00002fad   pow
2000143c   process
20001248   pui32ADC0Value
00001731   readDataBit
00002e05   relayInit
00003141   relayOff
0000314d   relayOn
00002e29   relayToggle
20001420   responseStatusOk0
20001424   responseStatusOk1
20001444   status0
20001448   status1
20001440   step
20001460   sum
2000145c   sumDataCheck
2000144c   temp
20000000   values
00002061   windVaneGetAngle


GLOBAL SYMBOLS: SORTED BY Symbol Address 

address    name
--------   ----
00000000   __TI_static_base__
00000000   g_pfnVectors
00000001   __TI_args_main
00000100   __STACK_SIZE
0000026d   BMP180DataPressureGetFloat
00000635   __aeabi_dsub
0000063f   __aeabi_dadd
000007ed   ABTestRelay
00000971   ABTestAnalog
00000af1   ABTestBMP
00000c51   __aeabi_ddiv
00000d89   ABTestDHT
00000e99   SysCtlClockSet
00000f9d   __aeabi_dmul
00001099   loadCellgetWeight
0000118d   decodeData
00001279   I2CMIntHandler
00001365   ABTestBT
00001439   lcdInit
00001501   lcdWriteDigits
000015c5   GPIOPadConfigSet
0000167d   SysCtlClockGet
00001731   readDataBit
000017e5   bluetoothInit
00001895   dht11response
00001945   dht11responseStatus
000019e9   __aeabi_memcpy
000019e9   __aeabi_memcpy4
000019e9   __aeabi_memcpy8
000019e9   memcpy
00001b1d   __TI_auto_init
00001bb1   bmp085Init
00001c3d   dht11request
00001cc9   dhtSetup
00001d55   I2CMCommand
00001dd9   bluetoothInterruptHandler
00001e5d   main
00001ee1   BMP180DataTemperatureGetFloat
00001f61   lcdWriteNumber
00001fe1   __aeabi_cdcmpeq
00001fe1   __aeabi_cdcmple
00002061   windVaneGetAngle
000020dd   loadCellgetValues
00002155   averageValues
000021c9   ABTestLog
00002231   IntIsEnabled
00002295   dht11init
000022f9   IntDisable
00002359   IntEnable
00002475   initializeADC
00002475   loadCellSetup
000024d1   BMP180DataRead
00002529   BMP180Init
00002581   ABTestDelay
000025d1   ABTestLCD
00002621   loadCellgetData
000026bf   __aeabi_d2f
00002709   GPIOPinConfigure
00002799   I2CMasterInitExpClk
000027e1   _c_int00
00002829   __aeabi_d2iz
000028b9   gpioSetMasterEnable
000028fd   copy_in
00002941   C$$EXIT
00002945   abort
0000294d   exit
000029c5   bmp085DataRead
00002a05   dht11getData
00002ac1   ABTestLogLineClear
00002aff   __aeabi_f2d
00002b37   I2CMInit
00002b6d   SysCtlPeripheralEnable
00002ba1   convertTimetoBits
00002bd5   lcdWriteToPort
00002c05   ADCIntStatus
00002c33   lcdWriteLine
00002c61   lcdWriteStringInLine
00002c8f   __aeabi_i2d
00002cbd   ADCSequenceConfigure
00002ce9   bitTimeElapsed
00002d15   GPIODirModeSet
00002d69   TimerConfigure
00002d91   lcdWriteCommit
00002db9   lcdWriteData
00002de1   initTimeControlModule
00002e05   relayInit
00002e29   relayToggle
00002e6d   dht11dataReading
00002e8d   endTimeControlModule
00002ead   ADCSequenceDataGet
00002ecd   dht11count1uS
00002ee9   initTimer1Module
00002f05   lcdWriteCommand
00002f21   lcdWriteString
00002f55   _args_main
00002f6d   ADCProcessorTrigger
00002f83   I2CMasterErr
00002f99   TimerDisable
00002fad   pow
00002fc1   _register_unlock
00002fc7   _register_lock
00002fcf   _nop
00002fd5   GPIOPinTypeADC
00002fe7   GPIOPinTypeGPIOOutput
00002ff9   GPIOPinTypeI2C
0000300b   GPIOPinTypeI2CSCL
0000301d   TimerLoadSet
0000302f   __TI_zero_init
00003041   gpioSetDigitalEnable
00003055   bmp085AppCallback
00003065   gpioSetData
00003075   gpioSetDirection
00003085   ADCSequenceEnable
00003093   TimerEnable
000030a1   __TI_decompress_none
000030af   CPUcpsie
000030bd   IntTrigger
000030c9   bmp085GetPressure
000030d5   bmp085GetTemperature
000030e1   bmp085I2CIntHandler
000030ed   dht11ClockSetup
000030f9   dht11getHumidity
00003105   dht11getTemperature
00003111   dhtIsActive
0000311d   dhtSetActive
00003129   dhtSetInactive
00003135   gpioGetData
00003141   relayOff
0000314d   relayOn
00003159   ADCIntClear
00003163   I2CMasterEnable
0000316d   IntMasterEnable
00003177   TimerIntDisable
00003181   I2CMasterIntClear
00003189   I2CMasterIntEnableEx
00003191   I2CMasterSlaveAddrSet
00003199   TimerIntEnable
000031a1   GPIOPinWrite
000031a7   ResetISR
000031ad   SysCtlDelay
000031b3   __TI_decompress_rle24
000031b9   lcdClear
000031bf   lcdCursorLine1
000031c5   lcdCursorLine2
000031cb   lcdCursorLine3
000031d1   lcdCursorLine4
000031d7   lcdWriteSingleDigit
000031dd   I2CMasterControl
000031e1   I2CMasterDataGet
000031e5   I2CMasterDataPut
000031e9   TimerIntClear
000031ed   lcdWriteLetter
000034f4   __TI_Handler_Table_Base
00003500   __TI_Handler_Table_Limit
00003508   __TI_CINIT_Base
00003518   __TI_CINIT_Limit
20000000   values
20000fa0   TII2C_ModuleInstance
200010c4   bitsReceivedTiming
20001164   dataBitsReceived
20001204   TIBMP085_AppInstance
20001248   pui32ADC0Value
20001264   _dhtActive
20001268   _lcdInited
2000126c   _lcdPortControl
20001270   _lcdPortDataLower
20001274   _lcdPortDataUpper
20001278   bluetoothEventCount
2000127c   bmp085_dataFlag
20001280   bmpPressure
20001284   bmpTemperature
20001288   _windVane_ADC
20001354   _windVane_ANG
20001420   responseStatusOk0
20001424   responseStatusOk1
20001428   dataBitReadStatus
2000142c   count1uS
20001430   bitEntryTime
20001434   bitExitTime
20001438   bitTimingStatus
2000143c   process
20001440   step
20001444   status0
20001448   status1
2000144c   temp
20001450   decimalTemp
20001454   humidity
20001458   decimalHumidity
2000145c   sumDataCheck
20001460   sum
20001464   MAX_VAL
20001468   counter
2000146c   _lock
20001470   _unlock
20001474   __TI_cleanup_ptr
20001478   __TI_dtors_ptr
2000147c   main_func_sp
20001480   __stack
20001580   __STACK_END
20001580   __STACK_TOP
ffffffff   __binit__
ffffffff   __c_args__
ffffffff   binit
UNDEFED    SHT$$INIT_ARRAY$$Base
UNDEFED    SHT$$INIT_ARRAY$$Limit

[205 symbols]
