******************************************************************************
                  TI ARM Linker PC v5.1.1                      
******************************************************************************
>> Linked Mon Feb 24 00:48:52 2014

OUTPUT FILE NAME:   <Aerobal-v1.0.out>
ENTRY POINT SYMBOL: "_c_int00"  address: 00001ad5


MEMORY CONFIGURATION

         name            origin    length      used     unused   attr    fill
----------------------  --------  ---------  --------  --------  ----  --------
  FLASH                 00000000   00040000  0000239c  0003dc64  R  X
  SRAM                  20000000   00008000  0000029c  00007d64  RW X


SEGMENT ALLOCATION MAP

run origin  load origin   length   init length attrs members
----------  ----------- ---------- ----------- ----- -------
00000000    00000000    000023a0   000023a0    r-x
  00000000    00000000    0000026c   0000026c    r-- .intvecs
  0000026c    0000026c    00001fa4   00001fa4    r-x .text
  00002210    00002210    00000154   00000154    r-- .const
  00002368    00002368    00000038   00000038    r-- .cinit
20000000    20000000    0000029c   00000000    rw-
  20000000    20000000    00000188   00000000    rw- .bss
  20000188    20000188    00000100   00000000    rw- .stack
  20000288    20000288    00000014   00000000    rw- .data


SECTION ALLOCATION MAP

 output                                  attributes/
section   page    origin      length       input sections
--------  ----  ----------  ----------   ----------------
.intvecs   0    00000000    0000026c     
                  00000000    0000026c     startup_ccs.obj (.intvecs)

.init_array 
*          0    00000000    00000000     UNINITIALIZED

.text      0    0000026c    00001fa4     
                  0000026c    000001ec     sensorlib.lib : bmp180.obj (.text:BMP180DataPressureGetFloat)
                  00000458    000001dc                   : bmp180.obj (.text:BMP180Callback)
                  00000634    000001b6     rtsv7M4_T_le_v4SPD16_eabi.lib : fd_add_t2.obj (.text)
                  000007ea    00000002     startup_ccs.obj (.text:FaultISR)
                  000007ec    00000180     ABTest.obj (.text:ABTestRelay)
                  0000096c    00000104     ABTest.obj (.text:ABTestBMP)
                  00000a70    000000fc     rtsv7M4_T_le_v4SPD16_eabi.lib : fd_mul_t2.obj (.text)
                  00000b6c    000000ea     sensorlib.lib : i2cm_drv.obj (.text:I2CMIntHandler)
                  00000c56    00000002     startup_ccs.obj (.text:IntDefaultHandler)
                  00000c58    000000d0     ABTest.obj (.text:ABTestBT)
                  00000d28    000000c8     lcd.obj (.text:lcdInit)
                  00000df0    000000c4     lcd.obj (.text:lcdWriteDigits)
                  00000eb4    000000b8     driverlib.lib : gpio.obj (.text:GPIOPadConfigSet)
                  00000f6c    000000b4                   : sysctl.obj (.text:SysCtlClockGet)
                  00001020    000000b0     bluetooth.obj (.text:bluetoothInit)
                  000010d0    0000009c     rtsv7M4_T_le_v4SPD16_eabi.lib : memcpy_t2.obj (.text)
                  0000116c    00000098     sensorlib.lib : i2cm_drv.obj (.text:I2CMStateIdle)
                  00001204    00000094     rtsv7M4_T_le_v4SPD16_eabi.lib : auto_init.obj (.text)
                  00001298    0000008c     bmp085.obj (.text:bmp085Init)
                  00001324    00000084     sensorlib.lib : i2cm_drv.obj (.text:I2CMCommand)
                  000013a8    00000084     bluetooth.obj (.text:bluetoothInterruptHandler)
                  0000142c    00000080     sensorlib.lib : bmp180.obj (.text:BMP180DataTemperatureGetFloat)
                  000014ac    00000080     lcd.obj (.text:lcdWriteNumber)
                  0000152c    0000007e     rtsv7M4_T_le_v4SPD16_eabi.lib : fd_cmp_t2.obj (.text:__aeabi_cdcmple)
                  000015aa    00000002     startup_ccs.obj (.text:NmiSR)
                  000015ac    00000068     main.obj (.text:main)
                  00001614    00000065     ABTest.obj (.text:ABTestLog)
                  00001679    00000003     --HOLE-- [fill = 0]
                  0000167c    00000064     driverlib.lib : interrupt.obj (.text:IntIsEnabled)
                  000016e0    00000060                   : interrupt.obj (.text:IntDisable)
                  00001740    00000060                   : interrupt.obj (.text:IntEnable)
                  000017a0    0000005e     sensorlib.lib : i2cm_drv.obj (.text:I2CMStateWritePause)
                  000017fe    0000005e     rtsv7M4_T_le_v4SPD16_eabi.lib : copy_decompress_rle.obj (.text)
                  0000185c    00000058     sensorlib.lib : bmp180.obj (.text:BMP180DataRead)
                  000018b4    00000058                   : bmp180.obj (.text:BMP180Init)
                  0000190c    00000050     ABTest.obj (.text:ABTestDelay)
                  0000195c    00000050     ABTest.obj (.text:ABTestLCD)
                  000019ac    0000004e     sensorlib.lib : i2cm_drv.obj (.text:I2CMStateWriteFinal)
                  000019fa    00000002     --HOLE-- [fill = 0]
                  000019fc    00000048     driverlib.lib : gpio.obj (.text:GPIOPinConfigure)
                  00001a44    00000048     sensorlib.lib : i2cm_drv.obj (.text:I2CMStateReadNext)
                  00001a8c    00000048     driverlib.lib : i2c.obj (.text:I2CMasterInitExpClk)
                  00001ad4    00000048     rtsv7M4_T_le_v4SPD16_eabi.lib : boot.obj (.text)
                  00001b1c    00000048                                   : fd_toi_t2.obj (.text)
                  00001b64    00000046     sensorlib.lib : i2cm_drv.obj (.text:I2CMStateWriteNext)
                  00001baa    00000002     --HOLE-- [fill = 0]
                  00001bac    00000044     gpio.obj (.text:gpioSetMasterEnable)
                  00001bf0    00000044     rtsv7M4_T_le_v4SPD16_eabi.lib : cpy_tbl.obj (.text)
                  00001c34    00000044                                   : exit.obj (.text)
                  00001c78    00000040     sensorlib.lib : i2cm_drv.obj (.text:I2CMStateCallback)
                  00001cb8    00000040     bmp085.obj (.text:bmp085DataRead)
                  00001cf8    0000003e     sensorlib.lib : i2cm_drv.obj (.text:I2CMStateReadFinal)
                  00001d36    0000003e                   : i2cm_drv.obj (.text:I2CMStateReadPause)
                  00001d74    0000003d     ABTest.obj (.text:ABTestLogLineClear)
                  00001db1    00000001     --HOLE-- [fill = 0]
                  00001db2    00000038     rtsv7M4_T_le_v4SPD16_eabi.lib : fs_tod_t2.obj (.text)
                  00001dea    00000034     sensorlib.lib : i2cm_drv.obj (.text:I2CMInit)
                  00001e1e    00000002     --HOLE-- [fill = 0]
                  00001e20    00000034     driverlib.lib : sysctl.obj (.text:SysCtlPeripheralEnable)
                  00001e54    00000030     lcd.obj (.text:lcdWriteToPort)
                  00001e84    0000002e     lcd.obj (.text:lcdWriteLine)
                  00001eb2    0000002e     lcd.obj (.text:lcdWriteStringInLine)
                  00001ee0    0000002e     rtsv7M4_T_le_v4SPD16_eabi.lib : i_tofd_t2.obj (.text)
                  00001f0e    0000002a     driverlib.lib : gpio.obj (.text:GPIODirModeSet)
                  00001f38    0000002a     sensorlib.lib : i2cm_drv.obj (.text:I2CMStateReadFirst)
                  00001f62    00000002     --HOLE-- [fill = 0]
                  00001f64    00000028     lcd.obj (.text:lcdWriteCommit)
                  00001f8c    00000028     lcd.obj (.text:lcdWriteData)
                  00001fb4    00000024     relay.obj (.text:relayInit)
                  00001fd8    00000022     relay.obj (.text:relayToggle)
                  00001ffa    00000020     sensorlib.lib : i2cm_drv.obj (.text:I2CMStateReadOne)
                  0000201a    00000002     --HOLE-- [fill = 0]
                  0000201c    0000001c     lcd.obj (.text:lcdWriteCommand)
                  00002038    0000001a     lcd.obj (.text:lcdWriteString)
                  00002052    00000018     sensorlib.lib : i2cm_drv.obj (.text:I2CMStateReadWait)
                  0000206a    00000002     --HOLE-- [fill = 0]
                  0000206c    00000018     rtsv7M4_T_le_v4SPD16_eabi.lib : args_main.obj (.text)
                  00002084    00000016     driverlib.lib : i2c.obj (.text:I2CMasterErr)
                  0000209a    00000002     --HOLE-- [fill = 0]
                  0000209c    00000014     rtsv7M4_T_le_v4SPD16_eabi.lib : _lock.obj (.text)
                  000020b0    00000012     driverlib.lib : gpio.obj (.text:GPIOPinTypeI2C)
                  000020c2    00000012                   : gpio.obj (.text:GPIOPinTypeI2CSCL)
                  000020d4    00000012     rtsv7M4_T_le_v4SPD16_eabi.lib : copy_zero_init.obj (.text:decompress:ZI)
                  000020e6    00000012     gpio.obj (.text:gpioSetDigitalEnable)
                  000020f8    00000010     bmp085.obj (.text:bmp085AppCallback)
                  00002108    00000010     gpio.obj (.text:gpioSetData)
                  00002118    00000010     gpio.obj (.text:gpioSetDirection)
                  00002128    0000000e     rtsv7M4_T_le_v4SPD16_eabi.lib : copy_decompress_none.obj (.text:decompress:none)
                  00002136    0000000c     driverlib.lib : cpu.obj (.text:CPUcpsie)
                  00002142    00000002     --HOLE-- [fill = 0]
                  00002144    0000000c                   : interrupt.obj (.text:IntTrigger)
                  00002150    0000000c     bmp085.obj (.text:bmp085GetPressure)
                  0000215c    0000000c     bmp085.obj (.text:bmp085GetTemperature)
                  00002168    0000000c     bmp085.obj (.text:bmp085I2CIntHandler)
                  00002174    0000000c     gpio.obj (.text:gpioGetData)
                  00002180    0000000c     relay.obj (.text:relayOff)
                  0000218c    0000000c     relay.obj (.text:relayOn)
                  00002198    0000000a     driverlib.lib : i2c.obj (.text:I2CMasterEnable)
                  000021a2    0000000a                   : interrupt.obj (.text:IntMasterEnable)
                  000021ac    00000008                   : i2c.obj (.text:I2CMasterIntClear)
                  000021b4    00000008                   : i2c.obj (.text:I2CMasterIntEnableEx)
                  000021bc    00000008                   : i2c.obj (.text:I2CMasterSlaveAddrSet)
                  000021c4    00000006                   : gpio.obj (.text:GPIOPinWrite)
                  000021ca    00000006     startup_ccs.obj (.text:ResetISR)
                  000021d0    00000006     driverlib.lib : sysctl.obj (.text:SysCtlDelay)
                  000021d6    00000006     rtsv7M4_T_le_v4SPD16_eabi.lib : copy_decompress_rle.obj (.text:decompress:rle24)
                  000021dc    00000006     lcd.obj (.text:lcdClear)
                  000021e2    00000006     lcd.obj (.text:lcdCursorLine1)
                  000021e8    00000006     lcd.obj (.text:lcdCursorLine2)
                  000021ee    00000006     lcd.obj (.text:lcdCursorLine3)
                  000021f4    00000006     lcd.obj (.text:lcdCursorLine4)
                  000021fa    00000006     lcd.obj (.text:lcdWriteSingleDigit)
                  00002200    00000004     driverlib.lib : i2c.obj (.text:I2CMasterControl)
                  00002204    00000004                   : i2c.obj (.text:I2CMasterDataGet)
                  00002208    00000004                   : i2c.obj (.text:I2CMasterDataPut)
                  0000220c    00000004     lcd.obj (.text:lcdWriteLetter)

.const     0    00002210    00000154     
                  00002210    00000078     driverlib.lib : gpio.obj (.const:g_pui32GPIOBaseAddrs)
                  00002288    00000070                   : interrupt.obj (.const)
                  000022f8    0000006c                   : sysctl.obj (.const:g_pui32Xtals)

.cinit     0    00002368    00000038     
                  00002368    0000000f     (.cinit..data.load) [load image, compression = rle]
                  00002377    00000001     --HOLE-- [fill = 0]
                  00002378    0000000c     (__TI_handler_table)
                  00002384    00000004     --HOLE-- [fill = 0]
                  00002388    00000008     (.cinit..bss.load) [load image, compression = zero_init]
                  00002390    00000010     (__TI_cinit_table)

.bss       0    20000000    00000188     UNINITIALIZED
                  20000000    00000124     bmp085.obj (.bss:TII2C_ModuleInstance)
                  20000124    00000044     bmp085.obj (.bss:TIBMP085_AppInstance)
                  20000168    00000004     (.common:_lcdInited)
                  2000016c    00000004     (.common:_lcdPortControl)
                  20000170    00000004     (.common:_lcdPortDataLower)
                  20000174    00000004     (.common:_lcdPortDataUpper)
                  20000178    00000004     (.common:bluetoothEventCount)
                  2000017c    00000004     (.common:bmp085_dataFlag)
                  20000180    00000004     (.common:bmpPressure)
                  20000184    00000004     (.common:bmpTemperature)

.stack     0    20000188    00000100     UNINITIALIZED
                  20000188    00000100     --HOLE--

.data      0    20000288    00000014     UNINITIALIZED
                  20000288    00000008     rtsv7M4_T_le_v4SPD16_eabi.lib : _lock.obj (.data)
                  20000290    00000008                                   : exit.obj (.data)
                  20000298    00000004                                   : stkdepth_vars.obj (.data)


LINKER GENERATED COPY TABLES

__TI_cinit_table @ 00002390 records: 2, size/record: 8, table size: 16
	.data: load addr=00002368, load size=0000000f bytes, run addr=20000288, run size=00000014 bytes, compression=rle
	.bss: load addr=00002388, load size=00000008 bytes, run addr=20000000, run size=00000188 bytes, compression=zero_init


LINKER GENERATED HANDLER TABLE

__TI_handler_table @ 00002378 records: 3, size/record: 4, table size: 12
	index: 0, handler: __TI_decompress_rle24
	index: 1, handler: __TI_decompress_none
	index: 2, handler: __TI_zero_init


GLOBAL SYMBOLS: SORTED ALPHABETICALLY BY Name 

address    name
--------   ----
0000096d   ABTestBMP
00000c59   ABTestBT
0000190d   ABTestDelay
0000195d   ABTestLCD
00001615   ABTestLog
00001d75   ABTestLogLineClear
000007ed   ABTestRelay
0000026d   BMP180DataPressureGetFloat
0000185d   BMP180DataRead
0000142d   BMP180DataTemperatureGetFloat
000018b5   BMP180Init
00001c35   C$$EXIT
00002137   CPUcpsie
00001f0f   GPIODirModeSet
00000eb5   GPIOPadConfigSet
000019fd   GPIOPinConfigure
000020b1   GPIOPinTypeI2C
000020c3   GPIOPinTypeI2CSCL
000021c5   GPIOPinWrite
00001325   I2CMCommand
00001deb   I2CMInit
00000b6d   I2CMIntHandler
00002201   I2CMasterControl
00002205   I2CMasterDataGet
00002209   I2CMasterDataPut
00002199   I2CMasterEnable
00002085   I2CMasterErr
00001a8d   I2CMasterInitExpClk
000021ad   I2CMasterIntClear
000021b5   I2CMasterIntEnableEx
000021bd   I2CMasterSlaveAddrSet
000016e1   IntDisable
00001741   IntEnable
0000167d   IntIsEnabled
000021a3   IntMasterEnable
00002145   IntTrigger
000021cb   ResetISR
UNDEFED    SHT$$INIT_ARRAY$$Base
UNDEFED    SHT$$INIT_ARRAY$$Limit
00000f6d   SysCtlClockGet
000021d1   SysCtlDelay
00001e21   SysCtlPeripheralEnable
20000124   TIBMP085_AppInstance
20000000   TII2C_ModuleInstance
20000288   __STACK_END
00000100   __STACK_SIZE
20000288   __STACK_TOP
00002390   __TI_CINIT_Base
000023a0   __TI_CINIT_Limit
00002378   __TI_Handler_Table_Base
00002384   __TI_Handler_Table_Limit
00000001   __TI_args_main
00001205   __TI_auto_init
20000290   __TI_cleanup_ptr
00002129   __TI_decompress_none
000021d7   __TI_decompress_rle24
20000294   __TI_dtors_ptr
00000000   __TI_static_base__
000020d5   __TI_zero_init
0000152d   __aeabi_cdcmpeq
0000152d   __aeabi_cdcmple
00001b1d   __aeabi_d2iz
0000063f   __aeabi_dadd
00000a71   __aeabi_dmul
00000635   __aeabi_dsub
00001db3   __aeabi_f2d
00001ee1   __aeabi_i2d
000010d1   __aeabi_memcpy
000010d1   __aeabi_memcpy4
000010d1   __aeabi_memcpy8
ffffffff   __binit__
ffffffff   __c_args__
20000188   __stack
0000206d   _args_main
00001ad5   _c_int00
20000168   _lcdInited
2000016c   _lcdPortControl
20000170   _lcdPortDataLower
20000174   _lcdPortDataUpper
20000288   _lock
000020ab   _nop
000020a3   _register_lock
0000209d   _register_unlock
2000028c   _unlock
00001c39   abort
ffffffff   binit
20000178   bluetoothEventCount
00001021   bluetoothInit
000013a9   bluetoothInterruptHandler
000020f9   bmp085AppCallback
00001cb9   bmp085DataRead
00002151   bmp085GetPressure
0000215d   bmp085GetTemperature
00002169   bmp085I2CIntHandler
00001299   bmp085Init
2000017c   bmp085_dataFlag
20000180   bmpPressure
20000184   bmpTemperature
00001bf1   copy_in
00001c41   exit
00000000   g_pfnVectors
00002175   gpioGetData
00002109   gpioSetData
000020e7   gpioSetDigitalEnable
00002119   gpioSetDirection
00001bad   gpioSetMasterEnable
000021dd   lcdClear
000021e3   lcdCursorLine1
000021e9   lcdCursorLine2
000021ef   lcdCursorLine3
000021f5   lcdCursorLine4
00000d29   lcdInit
0000201d   lcdWriteCommand
00001f65   lcdWriteCommit
00001f8d   lcdWriteData
00000df1   lcdWriteDigits
0000220d   lcdWriteLetter
00001e85   lcdWriteLine
000014ad   lcdWriteNumber
000021fb   lcdWriteSingleDigit
00002039   lcdWriteString
00001eb3   lcdWriteStringInLine
00001e55   lcdWriteToPort
000015ad   main
20000298   main_func_sp
000010d1   memcpy
00001fb5   relayInit
00002181   relayOff
0000218d   relayOn
00001fd9   relayToggle


GLOBAL SYMBOLS: SORTED BY Symbol Address 

address    name
--------   ----
00000000   __TI_static_base__
00000000   g_pfnVectors
00000001   __TI_args_main
00000100   __STACK_SIZE
0000026d   BMP180DataPressureGetFloat
00000635   __aeabi_dsub
0000063f   __aeabi_dadd
000007ed   ABTestRelay
0000096d   ABTestBMP
00000a71   __aeabi_dmul
00000b6d   I2CMIntHandler
00000c59   ABTestBT
00000d29   lcdInit
00000df1   lcdWriteDigits
00000eb5   GPIOPadConfigSet
00000f6d   SysCtlClockGet
00001021   bluetoothInit
000010d1   __aeabi_memcpy
000010d1   __aeabi_memcpy4
000010d1   __aeabi_memcpy8
000010d1   memcpy
00001205   __TI_auto_init
00001299   bmp085Init
00001325   I2CMCommand
000013a9   bluetoothInterruptHandler
0000142d   BMP180DataTemperatureGetFloat
000014ad   lcdWriteNumber
0000152d   __aeabi_cdcmpeq
0000152d   __aeabi_cdcmple
000015ad   main
00001615   ABTestLog
0000167d   IntIsEnabled
000016e1   IntDisable
00001741   IntEnable
0000185d   BMP180DataRead
000018b5   BMP180Init
0000190d   ABTestDelay
0000195d   ABTestLCD
000019fd   GPIOPinConfigure
00001a8d   I2CMasterInitExpClk
00001ad5   _c_int00
00001b1d   __aeabi_d2iz
00001bad   gpioSetMasterEnable
00001bf1   copy_in
00001c35   C$$EXIT
00001c39   abort
00001c41   exit
00001cb9   bmp085DataRead
00001d75   ABTestLogLineClear
00001db3   __aeabi_f2d
00001deb   I2CMInit
00001e21   SysCtlPeripheralEnable
00001e55   lcdWriteToPort
00001e85   lcdWriteLine
00001eb3   lcdWriteStringInLine
00001ee1   __aeabi_i2d
00001f0f   GPIODirModeSet
00001f65   lcdWriteCommit
00001f8d   lcdWriteData
00001fb5   relayInit
00001fd9   relayToggle
0000201d   lcdWriteCommand
00002039   lcdWriteString
0000206d   _args_main
00002085   I2CMasterErr
0000209d   _register_unlock
000020a3   _register_lock
000020ab   _nop
000020b1   GPIOPinTypeI2C
000020c3   GPIOPinTypeI2CSCL
000020d5   __TI_zero_init
000020e7   gpioSetDigitalEnable
000020f9   bmp085AppCallback
00002109   gpioSetData
00002119   gpioSetDirection
00002129   __TI_decompress_none
00002137   CPUcpsie
00002145   IntTrigger
00002151   bmp085GetPressure
0000215d   bmp085GetTemperature
00002169   bmp085I2CIntHandler
00002175   gpioGetData
00002181   relayOff
0000218d   relayOn
00002199   I2CMasterEnable
000021a3   IntMasterEnable
000021ad   I2CMasterIntClear
000021b5   I2CMasterIntEnableEx
000021bd   I2CMasterSlaveAddrSet
000021c5   GPIOPinWrite
000021cb   ResetISR
000021d1   SysCtlDelay
000021d7   __TI_decompress_rle24
000021dd   lcdClear
000021e3   lcdCursorLine1
000021e9   lcdCursorLine2
000021ef   lcdCursorLine3
000021f5   lcdCursorLine4
000021fb   lcdWriteSingleDigit
00002201   I2CMasterControl
00002205   I2CMasterDataGet
00002209   I2CMasterDataPut
0000220d   lcdWriteLetter
00002378   __TI_Handler_Table_Base
00002384   __TI_Handler_Table_Limit
00002390   __TI_CINIT_Base
000023a0   __TI_CINIT_Limit
20000000   TII2C_ModuleInstance
20000124   TIBMP085_AppInstance
20000168   _lcdInited
2000016c   _lcdPortControl
20000170   _lcdPortDataLower
20000174   _lcdPortDataUpper
20000178   bluetoothEventCount
2000017c   bmp085_dataFlag
20000180   bmpPressure
20000184   bmpTemperature
20000188   __stack
20000288   __STACK_END
20000288   __STACK_TOP
20000288   _lock
2000028c   _unlock
20000290   __TI_cleanup_ptr
20000294   __TI_dtors_ptr
20000298   main_func_sp
ffffffff   __binit__
ffffffff   __c_args__
ffffffff   binit
UNDEFED    SHT$$INIT_ARRAY$$Base
UNDEFED    SHT$$INIT_ARRAY$$Limit

[130 symbols]
