******************************************************************************
                  TI ARM Linker PC v5.1.1                      
******************************************************************************
>> Linked Mon Mar 17 16:08:28 2014

OUTPUT FILE NAME:   <Aerobal-v1.0.out>
ENTRY POINT SYMBOL: "_c_int00"  address: 00002d1d


MEMORY CONFIGURATION

         name            origin    length      used     unused   attr    fill
----------------------  --------  ---------  --------  --------  ----  --------
  FLASH                 00000000   00040000  00003cb2  0003c34e  R  X
  SRAM                  20000000   00008000  00001584  00006a7c  RW X


SEGMENT ALLOCATION MAP

run origin  load origin   length   init length attrs members
----------  ----------- ---------- ----------- ----- -------
00000000    00000000    00003cb8   00003cb8    r-x
  00000000    00000000    0000026c   0000026c    r-- .intvecs
  0000026c    0000026c    00003722   00003722    r-x .text
  00003990    00003990    00000154   00000154    r-- .const
  00003ae8    00003ae8    000001d0   000001d0    r-- .cinit
20000000    20000000    00001584   00000000    rw-
  20000000    20000000    0000128c   00000000    rw- .bss
  2000128c    2000128c    000001f8   00000000    rw- .data
  20001484    20001484    00000100   00000000    rw- .stack


SECTION ALLOCATION MAP

 output                                  attributes/
section   page    origin      length       input sections
--------  ----  ----------  ----------   ----------------
.intvecs   0    00000000    0000026c     
                  00000000    0000026c     startup_ccs.obj (.intvecs)

.init_array 
*          0    00000000    00000000     UNINITIALIZED

.text      0    0000026c    00003722     
                  0000026c    000001ec     sensorlib.lib : bmp180.obj (.text:BMP180DataPressureGetFloat)
                  00000458    000001dc                   : bmp180.obj (.text:BMP180Callback)
                  00000634    000001b6     rtsv7M4_T_le_v4SPD16_eabi.lib : fd_add_t2.obj (.text)
                  000007ea    00000002     startup_ccs.obj (.text:FaultISR)
                  000007ec    00000184     ABTest.obj (.text:ABTestRelay)
                  00000970    00000180     ABTest.obj (.text:ABTestAnalog)
                  00000af0    00000160     ABTest.obj (.text:ABTestBMP)
                  00000c50    00000144     ABTest.obj (.text:ABTestWindVane)
                  00000d94    00000136     rtsv7M4_T_le_v4SPD16_eabi.lib : fd_div_t2.obj (.text)
                  00000eca    00000002     startup_ccs.obj (.text:IntDefaultHandler)
                  00000ecc    00000118     ABTest.obj (.text:ABTestServo)
                  00000fe4    00000110     ABTest.obj (.text:ABTestDHT)
                  000010f4    00000104     driverlib.lib : sysctl.obj (.text:SysCtlClockSet)
                  000011f8    000000fc     rtsv7M4_T_le_v4SPD16_eabi.lib : fd_mul_t2.obj (.text)
                  000012f4    000000f4     loadCell.obj (.text:loadCellgetWeight)
                  000013e8    000000ec     dht11.obj (.text:decodeData)
                  000014d4    000000ea     sensorlib.lib : i2cm_drv.obj (.text:I2CMIntHandler)
                  000015be    00000002     startup_ccs.obj (.text:NmiSR)
                  000015c0    000000d4     ABTest.obj (.text:ABTestBT)
                  00001694    000000c8     lcd.obj (.text:lcdInit)
                  0000175c    000000c4     lcd.obj (.text:lcdWriteDigits)
                  00001820    000000b8     driverlib.lib : gpio.obj (.text:GPIOPadConfigSet)
                  000018d8    000000b8     main.obj (.text:main)
                  00001990    000000b4     driverlib.lib : sysctl.obj (.text:SysCtlClockGet)
                  00001a44    000000b4     dht11.obj (.text:readDataBit)
                  00001af8    000000b0     dht11.obj (.text:dht11response)
                  00001ba8    000000a4     dht11.obj (.text:dht11responseStatus)
                  00001c4c    0000009c     ABTest.obj (.text:ABTestButtons)
                  00001ce8    0000009c     rtsv7M4_T_le_v4SPD16_eabi.lib : memcpy_t2.obj (.text)
                  00001d84    00000098     sensorlib.lib : i2cm_drv.obj (.text:I2CMStateIdle)
                  00001e1c    00000094     rtsv7M4_T_le_v4SPD16_eabi.lib : auto_init.obj (.text)
                  00001eb0    0000008c     bmp085.obj (.text:bmp085Init)
                  00001f3c    0000008c     dht11.obj (.text:dht11request)
                  00001fc8    0000008c     dht11.obj (.text:dhtSetup)
                  00002054    00000084     sensorlib.lib : i2cm_drv.obj (.text:I2CMCommand)
                  000020d8    00000084     uart.obj (.text:uartMasterEnable)
                  0000215c    00000080     sensorlib.lib : bmp180.obj (.text:BMP180DataTemperatureGetFloat)
                  000021dc    00000080     lcd.obj (.text:lcdWriteNumber)
                  0000225c    0000007e     rtsv7M4_T_le_v4SPD16_eabi.lib : fd_cmp_t2.obj (.text:__aeabi_cdcmple)
                  000022da    00000002     --HOLE-- [fill = 0]
                  000022dc    0000007c     loadCell.obj (.text:windVaneGetAngle)
                  00002358    00000078     loadCell.obj (.text:loadCellgetValues)
                  000023d0    00000074     loadCell.obj (.text:averageValues)
                  00002444    0000006c     servo.obj (.text:servosetPositionPWM)
                  000024b0    00000068     buttons.obj (.text:buttonsInterruptHandler)
                  00002518    00000065     ABTest.obj (.text:ABTestLog)
                  0000257d    00000003     --HOLE-- [fill = 0]
                  00002580    00000064     driverlib.lib : interrupt.obj (.text:IntIsEnabled)
                  000025e4    00000064     dht11.obj (.text:dht11init)
                  00002648    00000060     driverlib.lib : interrupt.obj (.text:IntDisable)
                  000026a8    00000060                   : interrupt.obj (.text:IntEnable)
                  00002708    0000005e     sensorlib.lib : i2cm_drv.obj (.text:I2CMStateWritePause)
                  00002766    0000005e     rtsv7M4_T_le_v4SPD16_eabi.lib : copy_decompress_rle.obj (.text)
                  000027c4    0000005c     bluetooth.obj (.text:bluetoothInterruptHandler)
                  00002820    0000005c     loadCell.obj (.text:initializeADC)
                  0000287c    00000058     sensorlib.lib : bmp180.obj (.text:BMP180DataRead)
                  000028d4    00000058                   : bmp180.obj (.text:BMP180Init)
                  0000292c    00000054     uart.obj (.text:uartGetBase)
                  00002980    00000050     ABTest.obj (.text:ABTestDelay)
                  000029d0    00000050     ABTest.obj (.text:ABTestLCD)
                  00002a20    00000050     loadCell.obj (.text:loadCellgetData)
                  00002a70    00000050     servo.obj (.text:servoSetupPWM)
                  00002ac0    00000050     uart.obj (.text:uartGetPinConfigureTX)
                  00002b10    0000004e     sensorlib.lib : i2cm_drv.obj (.text:I2CMStateWriteFinal)
                  00002b5e    00000002     --HOLE-- [fill = 0]
                  00002b60    0000004c     buttons.obj (.text:buttonsInit)
                  00002bac    0000004c     uart.obj (.text:uartGetPinConfigureRX)
                  00002bf8    0000004a     rtsv7M4_T_le_v4SPD16_eabi.lib : fd_tos_t2.obj (.text)
                  00002c42    00000002     --HOLE-- [fill = 0]
                  00002c44    00000048     driverlib.lib : gpio.obj (.text:GPIOPinConfigure)
                  00002c8c    00000048     sensorlib.lib : i2cm_drv.obj (.text:I2CMStateReadNext)
                  00002cd4    00000048     driverlib.lib : i2c.obj (.text:I2CMasterInitExpClk)
                  00002d1c    00000048     rtsv7M4_T_le_v4SPD16_eabi.lib : boot.obj (.text)
                  00002d64    00000048                                   : fd_toi_t2.obj (.text)
                  00002dac    00000046     sensorlib.lib : i2cm_drv.obj (.text:I2CMStateWriteNext)
                  00002df2    00000002     --HOLE-- [fill = 0]
                  00002df4    00000044     gpio.obj (.text:gpioSetMasterEnable)
                  00002e38    00000044     rtsv7M4_T_le_v4SPD16_eabi.lib : cpy_tbl.obj (.text)
                  00002e7c    00000044                                   : exit.obj (.text)
                  00002ec0    00000040     sensorlib.lib : i2cm_drv.obj (.text:I2CMStateCallback)
                  00002f00    00000040     driverlib.lib : uart.obj (.text:UARTConfigSetExpClk)
                  00002f40    00000040     bmp085.obj (.text:bmp085DataRead)
                  00002f80    00000040     dht11.obj (.text:dht11getData)
                  00002fc0    00000040     uart.obj (.text:uartGetPinTypeGPIOBase)
                  00003000    0000003e     sensorlib.lib : i2cm_drv.obj (.text:I2CMStateReadFinal)
                  0000303e    0000003e                   : i2cm_drv.obj (.text:I2CMStateReadPause)
                  0000307c    0000003d     ABTest.obj (.text:ABTestLogLineClear)
                  000030b9    00000001     --HOLE-- [fill = 0]
                  000030ba    00000038     rtsv7M4_T_le_v4SPD16_eabi.lib : fs_tod_t2.obj (.text)
                  000030f2    00000002     --HOLE-- [fill = 0]
                  000030f4    00000038     uart.obj (.text:uartGetPeripheral)
                  0000312c    00000034     sensorlib.lib : i2cm_drv.obj (.text:I2CMInit)
                  00003160    00000034     driverlib.lib : sysctl.obj (.text:SysCtlPeripheralEnable)
                  00003194    00000034     dht11.obj (.text:convertTimetoBits)
                  000031c8    00000034     uart.obj (.text:uartGetUartInterrupt)
                  000031fc    00000030     lcd.obj (.text:lcdWriteToPort)
                  0000322c    0000002e     driverlib.lib : adc.obj (.text:ADCIntStatus)
                  0000325a    0000002e     lcd.obj (.text:lcdWriteLine)
                  00003288    0000002e     lcd.obj (.text:lcdWriteStringInLine)
                  000032b6    0000002e     rtsv7M4_T_le_v4SPD16_eabi.lib : i_tofd_t2.obj (.text)
                  000032e4    0000002c     driverlib.lib : adc.obj (.text:ADCSequenceConfigure)
                  00003310    0000002c     dht11.obj (.text:bitTimeElapsed)
                  0000333c    0000002a     driverlib.lib : gpio.obj (.text:GPIODirModeSet)
                  00003366    0000002a     sensorlib.lib : i2cm_drv.obj (.text:I2CMStateReadFirst)
                  00003390    00000028     driverlib.lib : timer.obj (.text:TimerConfigure)
                  000033b8    00000028     lcd.obj (.text:lcdWriteCommit)
                  000033e0    00000028     lcd.obj (.text:lcdWriteData)
                  00003408    00000026     uart.obj (.text:uartGetPinTypeGPIOPins)
                  0000342e    00000002     --HOLE-- [fill = 0]
                  00003430    00000024     dht11.obj (.text:initTimeControlModule)
                  00003454    00000024     relay.obj (.text:relayInit)
                  00003478    00000022     relay.obj (.text:relayToggle)
                  0000349a    00000020     sensorlib.lib : i2cm_drv.obj (.text:I2CMStateReadOne)
                  000034ba    00000002     --HOLE-- [fill = 0]
                  000034bc    00000020     dht11.obj (.text:dht11dataReading)
                  000034dc    00000020     dht11.obj (.text:endTimeControlModule)
                  000034fc    0000001e     driverlib.lib : adc.obj (.text:ADCSequenceDataGet)
                  0000351a    00000002     --HOLE-- [fill = 0]
                  0000351c    0000001c                   : uart.obj (.text:UARTDisable)
                  00003538    0000001c     dht11.obj (.text:dht11count1uS)
                  00003554    0000001c     dht11.obj (.text:initTimer1Module)
                  00003570    0000001c     lcd.obj (.text:lcdWriteCommand)
                  0000358c    0000001c     uart.obj (.text:uartInterruptClear)
                  000035a8    0000001a     lcd.obj (.text:lcdWriteString)
                  000035c2    00000018     sensorlib.lib : i2cm_drv.obj (.text:I2CMStateReadWait)
                  000035da    00000002     --HOLE-- [fill = 0]
                  000035dc    00000018     bluetooth.obj (.text:bluetoothInit)
                  000035f4    00000018     rtsv7M4_T_le_v4SPD16_eabi.lib : args_main.obj (.text)
                  0000360c    00000016     driverlib.lib : adc.obj (.text:ADCProcessorTrigger)
                  00003622    00000016                   : i2c.obj (.text:I2CMasterErr)
                  00003638    00000014                   : timer.obj (.text:TimerDisable)
                  0000364c    00000014                   : uart.obj (.text:UARTEnable)
                  00003660    00000014     dht11.obj (.text:pow)
                  00003674    00000014     rtsv7M4_T_le_v4SPD16_eabi.lib : _lock.obj (.text)
                  00003688    00000012     driverlib.lib : gpio.obj (.text:GPIOPinTypeADC)
                  0000369a    00000012                   : gpio.obj (.text:GPIOPinTypeGPIOOutput)
                  000036ac    00000012                   : gpio.obj (.text:GPIOPinTypeI2C)
                  000036be    00000012                   : gpio.obj (.text:GPIOPinTypeI2CSCL)
                  000036d0    00000012                   : gpio.obj (.text:GPIOPinTypeTimer)
                  000036e2    00000012                   : gpio.obj (.text:GPIOPinTypeUART)
                  000036f4    00000012                   : timer.obj (.text:TimerLoadSet)
                  00003706    00000012                   : timer.obj (.text:TimerMatchSet)
                  00003718    00000012     rtsv7M4_T_le_v4SPD16_eabi.lib : copy_zero_init.obj (.text:decompress:ZI)
                  0000372a    00000012     gpio.obj (.text:gpioSetDigitalEnable)
                  0000373c    00000012     gpio.obj (.text:gpioSetInterruptClear)
                  0000374e    00000012     gpio.obj (.text:gpioSetInterruptEvent)
                  00003760    00000010     bmp085.obj (.text:bmp085AppCallback)
                  00003770    00000010     gpio.obj (.text:gpioSetData)
                  00003780    00000010     gpio.obj (.text:gpioSetDirection)
                  00003790    00000010     gpio.obj (.text:gpioSetInterruptBothEdges)
                  000037a0    00000010     gpio.obj (.text:gpioSetInterruptMaskDisable)
                  000037b0    0000000e     driverlib.lib : adc.obj (.text:ADCSequenceEnable)
                  000037be    0000000e                   : timer.obj (.text:TimerEnable)
                  000037cc    0000000e                   : uart.obj (.text:UARTCharGetNonBlocking)
                  000037da    0000000e                   : uart.obj (.text:UARTCharPutNonBlocking)
                  000037e8    0000000e     rtsv7M4_T_le_v4SPD16_eabi.lib : copy_decompress_none.obj (.text:decompress:none)
                  000037f6    0000000e     gpio.obj (.text:gpioGetInterruptRawStatus)
                  00003804    0000000c     driverlib.lib : cpu.obj (.text:CPUcpsie)
                  00003810    0000000c                   : interrupt.obj (.text:IntTrigger)
                  0000381c    0000000c                   : uart.obj (.text:UARTCharsAvail)
                  00003828    0000000c     bmp085.obj (.text:bmp085GetPressure)
                  00003834    0000000c     bmp085.obj (.text:bmp085GetTemperature)
                  00003840    0000000c     bmp085.obj (.text:bmp085I2CIntHandler)
                  0000384c    0000000c     dht11.obj (.text:dht11ClockSetup)
                  00003858    0000000c     dht11.obj (.text:dht11getHumidity)
                  00003864    0000000c     dht11.obj (.text:dht11getTemperature)
                  00003870    0000000c     dht11.obj (.text:dhtIsActive)
                  0000387c    0000000c     dht11.obj (.text:dhtSetActive)
                  00003888    0000000c     dht11.obj (.text:dhtSetInactive)
                  00003894    0000000c     gpio.obj (.text:gpioGetData)
                  000038a0    0000000c     relay.obj (.text:relayOff)
                  000038ac    0000000c     relay.obj (.text:relayOn)
                  000038b8    0000000c     uart.obj (.text:uartGetBufferChar)
                  000038c4    0000000c     uart.obj (.text:uartHasAvailable)
                  000038d0    0000000c     uart.obj (.text:uartWriteChar)
                  000038dc    0000000a     driverlib.lib : adc.obj (.text:ADCIntClear)
                  000038e6    0000000a                   : i2c.obj (.text:I2CMasterEnable)
                  000038f0    0000000a                   : interrupt.obj (.text:IntMasterEnable)
                  000038fa    0000000a                   : timer.obj (.text:TimerIntDisable)
                  00003904    0000000a                   : uart.obj (.text:UARTIntStatus)
                  0000390e    00000008                   : i2c.obj (.text:I2CMasterIntClear)
                  00003916    00000008                   : i2c.obj (.text:I2CMasterIntEnableEx)
                  0000391e    00000008                   : i2c.obj (.text:I2CMasterSlaveAddrSet)
                  00003926    00000008                   : timer.obj (.text:TimerIntEnable)
                  0000392e    00000008                   : uart.obj (.text:UARTIntEnable)
                  00003936    00000006                   : gpio.obj (.text:GPIOPinWrite)
                  0000393c    00000006     startup_ccs.obj (.text:ResetISR)
                  00003942    00000006     driverlib.lib : sysctl.obj (.text:SysCtlDelay)
                  00003948    00000006     rtsv7M4_T_le_v4SPD16_eabi.lib : copy_decompress_rle.obj (.text:decompress:rle24)
                  0000394e    00000006     lcd.obj (.text:lcdClear)
                  00003954    00000006     lcd.obj (.text:lcdCursorLine1)
                  0000395a    00000006     lcd.obj (.text:lcdCursorLine2)
                  00003960    00000006     lcd.obj (.text:lcdCursorLine3)
                  00003966    00000006     lcd.obj (.text:lcdCursorLine4)
                  0000396c    00000006     lcd.obj (.text:lcdWriteSingleDigit)
                  00003972    00000004     driverlib.lib : i2c.obj (.text:I2CMasterControl)
                  00003976    00000004                   : i2c.obj (.text:I2CMasterDataGet)
                  0000397a    00000004                   : i2c.obj (.text:I2CMasterDataPut)
                  0000397e    00000004                   : timer.obj (.text:TimerIntClear)
                  00003982    00000004                   : uart.obj (.text:UARTIntClear)
                  00003986    00000004     gpio.obj (.text:gpioHelperInterruptMasterEnable)
                  0000398a    00000004     lcd.obj (.text:lcdWriteLetter)

.const     0    00003990    00000154     
                  00003990    00000078     driverlib.lib : gpio.obj (.const:g_pui32GPIOBaseAddrs)
                  00003a08    00000070                   : interrupt.obj (.const)
                  00003a78    0000006c                   : sysctl.obj (.const:g_pui32Xtals)

.cinit     0    00003ae8    000001d0     
                  00003ae8    000001ab     (.cinit..data.load) [load image, compression = rle]
                  00003c93    00000001     --HOLE-- [fill = 0]
                  00003c94    0000000c     (__TI_handler_table)
                  00003ca0    00000008     (.cinit..bss.load) [load image, compression = zero_init]
                  00003ca8    00000010     (__TI_cinit_table)

.bss       0    20000000    0000128c     UNINITIALIZED
                  20000000    00000fa0     loadCell.obj (.bss:values)
                  20000fa0    00000124     bmp085.obj (.bss:TII2C_ModuleInstance)
                  200010c4    000000a0     dht11.obj (.bss:bitsReceivedTiming)
                  20001164    000000a0     dht11.obj (.bss:dataBitsReceived)
                  20001204    00000044     bmp085.obj (.bss:TIBMP085_AppInstance)
                  20001248    0000001c     (.common:pui32ADC0Value)
                  20001264    00000004     (.common:_dhtActive)
                  20001268    00000004     (.common:_lcdInited)
                  2000126c    00000004     (.common:_lcdPortControl)
                  20001270    00000004     (.common:_lcdPortDataLower)
                  20001274    00000004     (.common:_lcdPortDataUpper)
                  20001278    00000004     (.common:bluetoothEventCount)
                  2000127c    00000004     (.common:bmp085_dataFlag)
                  20001280    00000004     (.common:bmpPressure)
                  20001284    00000004     (.common:bmpTemperature)
                  20001288    00000004     (.common:buttonsLastPressed)

.data      0    2000128c    000001f8     UNINITIALIZED
                  2000128c    000000cc     loadCell.obj (.data:_windVane_ADC)
                  20001358    000000cc     loadCell.obj (.data:_windVane_ANG)
                  20001424    00000044     dht11.obj (.data)
                  20001468    00000008     loadCell.obj (.data)
                  20001470    00000008     rtsv7M4_T_le_v4SPD16_eabi.lib : _lock.obj (.data)
                  20001478    00000008                                   : exit.obj (.data)
                  20001480    00000004                                   : stkdepth_vars.obj (.data)

.stack     0    20001484    00000100     UNINITIALIZED
                  20001484    00000100     --HOLE--


LINKER GENERATED COPY TABLES

__TI_cinit_table @ 00003ca8 records: 2, size/record: 8, table size: 16
	.data: load addr=00003ae8, load size=000001ab bytes, run addr=2000128c, run size=000001f8 bytes, compression=rle
	.bss: load addr=00003ca0, load size=00000008 bytes, run addr=20000000, run size=0000128c bytes, compression=zero_init


LINKER GENERATED HANDLER TABLE

__TI_handler_table @ 00003c94 records: 3, size/record: 4, table size: 12
	index: 0, handler: __TI_decompress_rle24
	index: 1, handler: __TI_decompress_none
	index: 2, handler: __TI_zero_init


GLOBAL SYMBOLS: SORTED ALPHABETICALLY BY Name 

address    name
--------   ----
00000971   ABTestAnalog
00000af1   ABTestBMP
000015c1   ABTestBT
00001c4d   ABTestButtons
00000fe5   ABTestDHT
00002981   ABTestDelay
000029d1   ABTestLCD
00002519   ABTestLog
0000307d   ABTestLogLineClear
000007ed   ABTestRelay
00000ecd   ABTestServo
00000c51   ABTestWindVane
000038dd   ADCIntClear
0000322d   ADCIntStatus
0000360d   ADCProcessorTrigger
000032e5   ADCSequenceConfigure
000034fd   ADCSequenceDataGet
000037b1   ADCSequenceEnable
0000026d   BMP180DataPressureGetFloat
0000287d   BMP180DataRead
0000215d   BMP180DataTemperatureGetFloat
000028d5   BMP180Init
00002e7d   C$$EXIT
00003805   CPUcpsie
0000333d   GPIODirModeSet
00001821   GPIOPadConfigSet
00002c45   GPIOPinConfigure
00003689   GPIOPinTypeADC
0000369b   GPIOPinTypeGPIOOutput
000036ad   GPIOPinTypeI2C
000036bf   GPIOPinTypeI2CSCL
000036d1   GPIOPinTypeTimer
000036e3   GPIOPinTypeUART
00003937   GPIOPinWrite
00002055   I2CMCommand
0000312d   I2CMInit
000014d5   I2CMIntHandler
00003973   I2CMasterControl
00003977   I2CMasterDataGet
0000397b   I2CMasterDataPut
000038e7   I2CMasterEnable
00003623   I2CMasterErr
00002cd5   I2CMasterInitExpClk
0000390f   I2CMasterIntClear
00003917   I2CMasterIntEnableEx
0000391f   I2CMasterSlaveAddrSet
00002649   IntDisable
000026a9   IntEnable
00002581   IntIsEnabled
000038f1   IntMasterEnable
00003811   IntTrigger
20001468   MAX_VAL
0000393d   ResetISR
UNDEFED    SHT$$INIT_ARRAY$$Base
UNDEFED    SHT$$INIT_ARRAY$$Limit
00001991   SysCtlClockGet
000010f5   SysCtlClockSet
00003943   SysCtlDelay
00003161   SysCtlPeripheralEnable
20001204   TIBMP085_AppInstance
20000fa0   TII2C_ModuleInstance
00003391   TimerConfigure
00003639   TimerDisable
000037bf   TimerEnable
0000397f   TimerIntClear
000038fb   TimerIntDisable
00003927   TimerIntEnable
000036f5   TimerLoadSet
00003707   TimerMatchSet
000037cd   UARTCharGetNonBlocking
000037db   UARTCharPutNonBlocking
0000381d   UARTCharsAvail
00002f01   UARTConfigSetExpClk
0000351d   UARTDisable
0000364d   UARTEnable
00003983   UARTIntClear
0000392f   UARTIntEnable
00003905   UARTIntStatus
20001584   __STACK_END
00000100   __STACK_SIZE
20001584   __STACK_TOP
00003ca8   __TI_CINIT_Base
00003cb8   __TI_CINIT_Limit
00003c94   __TI_Handler_Table_Base
00003ca0   __TI_Handler_Table_Limit
00000001   __TI_args_main
00001e1d   __TI_auto_init
20001478   __TI_cleanup_ptr
000037e9   __TI_decompress_none
00003949   __TI_decompress_rle24
2000147c   __TI_dtors_ptr
00000000   __TI_static_base__
00003719   __TI_zero_init
0000225d   __aeabi_cdcmpeq
0000225d   __aeabi_cdcmple
00002bf9   __aeabi_d2f
00002d65   __aeabi_d2iz
0000063f   __aeabi_dadd
00000d95   __aeabi_ddiv
000011f9   __aeabi_dmul
00000635   __aeabi_dsub
000030bb   __aeabi_f2d
000032b7   __aeabi_i2d
00001ce9   __aeabi_memcpy
00001ce9   __aeabi_memcpy4
00001ce9   __aeabi_memcpy8
ffffffff   __binit__
ffffffff   __c_args__
20001484   __stack
000035f5   _args_main
00002d1d   _c_int00
20001264   _dhtActive
20001268   _lcdInited
2000126c   _lcdPortControl
20001270   _lcdPortDataLower
20001274   _lcdPortDataUpper
20001470   _lock
00003683   _nop
0000367b   _register_lock
00003675   _register_unlock
20001474   _unlock
2000128c   _windVane_ADC
20001358   _windVane_ANG
00002e81   abort
000023d1   averageValues
ffffffff   binit
20001434   bitEntryTime
20001438   bitExitTime
00003311   bitTimeElapsed
2000143c   bitTimingStatus
200010c4   bitsReceivedTiming
20001278   bluetoothEventCount
000035dd   bluetoothInit
000027c5   bluetoothInterruptHandler
00003761   bmp085AppCallback
00002f41   bmp085DataRead
00003829   bmp085GetPressure
00003835   bmp085GetTemperature
00003841   bmp085I2CIntHandler
00001eb1   bmp085Init
2000127c   bmp085_dataFlag
20001280   bmpPressure
20001284   bmpTemperature
00002b61   buttonsInit
000024b1   buttonsInterruptHandler
20001288   buttonsLastPressed
00003195   convertTimetoBits
00002e39   copy_in
20001430   count1uS
2000146c   counter
2000142c   dataBitReadStatus
20001164   dataBitsReceived
2000145c   decimalHumidity
20001454   decimalTemp
000013e9   decodeData
0000384d   dht11ClockSetup
00003539   dht11count1uS
000034bd   dht11dataReading
00002f81   dht11getData
00003859   dht11getHumidity
00003865   dht11getTemperature
000025e5   dht11init
00001f3d   dht11request
00001af9   dht11response
00001ba9   dht11responseStatus
00003871   dhtIsActive
0000387d   dhtSetActive
00003889   dhtSetInactive
00001fc9   dhtSetup
000034dd   endTimeControlModule
00002e89   exit
00000000   g_pfnVectors
00003895   gpioGetData
000037f7   gpioGetInterruptRawStatus
00003987   gpioHelperInterruptMasterEnable
00003771   gpioSetData
0000372b   gpioSetDigitalEnable
00003781   gpioSetDirection
00003791   gpioSetInterruptBothEdges
0000373d   gpioSetInterruptClear
0000374f   gpioSetInterruptEvent
000037a1   gpioSetInterruptMaskDisable
00002df5   gpioSetMasterEnable
20001458   humidity
00003431   initTimeControlModule
00003555   initTimer1Module
00002821   initializeADC
0000394f   lcdClear
00003955   lcdCursorLine1
0000395b   lcdCursorLine2
00003961   lcdCursorLine3
00003967   lcdCursorLine4
00001695   lcdInit
00003571   lcdWriteCommand
000033b9   lcdWriteCommit
000033e1   lcdWriteData
0000175d   lcdWriteDigits
0000398b   lcdWriteLetter
0000325b   lcdWriteLine
000021dd   lcdWriteNumber
0000396d   lcdWriteSingleDigit
000035a9   lcdWriteString
00003289   lcdWriteStringInLine
000031fd   lcdWriteToPort
00002821   loadCellSetup
00002a21   loadCellgetData
00002359   loadCellgetValues
000012f5   loadCellgetWeight
000018d9   main
20001480   main_func_sp
00001ce9   memcpy
00003661   pow
20001440   process
20001248   pui32ADC0Value
00001a45   readDataBit
00003455   relayInit
000038a1   relayOff
000038ad   relayOn
00003479   relayToggle
20001424   responseStatusOk0
20001428   responseStatusOk1
00002a71   servoSetupPWM
00002445   servosetPositionPWM
20001448   status0
2000144c   status1
20001444   step
20001464   sum
20001460   sumDataCheck
20001450   temp
0000292d   uartGetBase
000038b9   uartGetBufferChar
000030f5   uartGetPeripheral
00002bad   uartGetPinConfigureRX
00002ac1   uartGetPinConfigureTX
00002fc1   uartGetPinTypeGPIOBase
00003409   uartGetPinTypeGPIOPins
000031c9   uartGetUartInterrupt
000038c5   uartHasAvailable
0000358d   uartInterruptClear
000020d9   uartMasterEnable
000038d1   uartWriteChar
20000000   values
000022dd   windVaneGetAngle


GLOBAL SYMBOLS: SORTED BY Symbol Address 

address    name
--------   ----
00000000   __TI_static_base__
00000000   g_pfnVectors
00000001   __TI_args_main
00000100   __STACK_SIZE
0000026d   BMP180DataPressureGetFloat
00000635   __aeabi_dsub
0000063f   __aeabi_dadd
000007ed   ABTestRelay
00000971   ABTestAnalog
00000af1   ABTestBMP
00000c51   ABTestWindVane
00000d95   __aeabi_ddiv
00000ecd   ABTestServo
00000fe5   ABTestDHT
000010f5   SysCtlClockSet
000011f9   __aeabi_dmul
000012f5   loadCellgetWeight
000013e9   decodeData
000014d5   I2CMIntHandler
000015c1   ABTestBT
00001695   lcdInit
0000175d   lcdWriteDigits
00001821   GPIOPadConfigSet
000018d9   main
00001991   SysCtlClockGet
00001a45   readDataBit
00001af9   dht11response
00001ba9   dht11responseStatus
00001c4d   ABTestButtons
00001ce9   __aeabi_memcpy
00001ce9   __aeabi_memcpy4
00001ce9   __aeabi_memcpy8
00001ce9   memcpy
00001e1d   __TI_auto_init
00001eb1   bmp085Init
00001f3d   dht11request
00001fc9   dhtSetup
00002055   I2CMCommand
000020d9   uartMasterEnable
0000215d   BMP180DataTemperatureGetFloat
000021dd   lcdWriteNumber
0000225d   __aeabi_cdcmpeq
0000225d   __aeabi_cdcmple
000022dd   windVaneGetAngle
00002359   loadCellgetValues
000023d1   averageValues
00002445   servosetPositionPWM
000024b1   buttonsInterruptHandler
00002519   ABTestLog
00002581   IntIsEnabled
000025e5   dht11init
00002649   IntDisable
000026a9   IntEnable
000027c5   bluetoothInterruptHandler
00002821   initializeADC
00002821   loadCellSetup
0000287d   BMP180DataRead
000028d5   BMP180Init
0000292d   uartGetBase
00002981   ABTestDelay
000029d1   ABTestLCD
00002a21   loadCellgetData
00002a71   servoSetupPWM
00002ac1   uartGetPinConfigureTX
00002b61   buttonsInit
00002bad   uartGetPinConfigureRX
00002bf9   __aeabi_d2f
00002c45   GPIOPinConfigure
00002cd5   I2CMasterInitExpClk
00002d1d   _c_int00
00002d65   __aeabi_d2iz
00002df5   gpioSetMasterEnable
00002e39   copy_in
00002e7d   C$$EXIT
00002e81   abort
00002e89   exit
00002f01   UARTConfigSetExpClk
00002f41   bmp085DataRead
00002f81   dht11getData
00002fc1   uartGetPinTypeGPIOBase
0000307d   ABTestLogLineClear
000030bb   __aeabi_f2d
000030f5   uartGetPeripheral
0000312d   I2CMInit
00003161   SysCtlPeripheralEnable
00003195   convertTimetoBits
000031c9   uartGetUartInterrupt
000031fd   lcdWriteToPort
0000322d   ADCIntStatus
0000325b   lcdWriteLine
00003289   lcdWriteStringInLine
000032b7   __aeabi_i2d
000032e5   ADCSequenceConfigure
00003311   bitTimeElapsed
0000333d   GPIODirModeSet
00003391   TimerConfigure
000033b9   lcdWriteCommit
000033e1   lcdWriteData
00003409   uartGetPinTypeGPIOPins
00003431   initTimeControlModule
00003455   relayInit
00003479   relayToggle
000034bd   dht11dataReading
000034dd   endTimeControlModule
000034fd   ADCSequenceDataGet
0000351d   UARTDisable
00003539   dht11count1uS
00003555   initTimer1Module
00003571   lcdWriteCommand
0000358d   uartInterruptClear
000035a9   lcdWriteString
000035dd   bluetoothInit
000035f5   _args_main
0000360d   ADCProcessorTrigger
00003623   I2CMasterErr
00003639   TimerDisable
0000364d   UARTEnable
00003661   pow
00003675   _register_unlock
0000367b   _register_lock
00003683   _nop
00003689   GPIOPinTypeADC
0000369b   GPIOPinTypeGPIOOutput
000036ad   GPIOPinTypeI2C
000036bf   GPIOPinTypeI2CSCL
000036d1   GPIOPinTypeTimer
000036e3   GPIOPinTypeUART
000036f5   TimerLoadSet
00003707   TimerMatchSet
00003719   __TI_zero_init
0000372b   gpioSetDigitalEnable
0000373d   gpioSetInterruptClear
0000374f   gpioSetInterruptEvent
00003761   bmp085AppCallback
00003771   gpioSetData
00003781   gpioSetDirection
00003791   gpioSetInterruptBothEdges
000037a1   gpioSetInterruptMaskDisable
000037b1   ADCSequenceEnable
000037bf   TimerEnable
000037cd   UARTCharGetNonBlocking
000037db   UARTCharPutNonBlocking
000037e9   __TI_decompress_none
000037f7   gpioGetInterruptRawStatus
00003805   CPUcpsie
00003811   IntTrigger
0000381d   UARTCharsAvail
00003829   bmp085GetPressure
00003835   bmp085GetTemperature
00003841   bmp085I2CIntHandler
0000384d   dht11ClockSetup
00003859   dht11getHumidity
00003865   dht11getTemperature
00003871   dhtIsActive
0000387d   dhtSetActive
00003889   dhtSetInactive
00003895   gpioGetData
000038a1   relayOff
000038ad   relayOn
000038b9   uartGetBufferChar
000038c5   uartHasAvailable
000038d1   uartWriteChar
000038dd   ADCIntClear
000038e7   I2CMasterEnable
000038f1   IntMasterEnable
000038fb   TimerIntDisable
00003905   UARTIntStatus
0000390f   I2CMasterIntClear
00003917   I2CMasterIntEnableEx
0000391f   I2CMasterSlaveAddrSet
00003927   TimerIntEnable
0000392f   UARTIntEnable
00003937   GPIOPinWrite
0000393d   ResetISR
00003943   SysCtlDelay
00003949   __TI_decompress_rle24
0000394f   lcdClear
00003955   lcdCursorLine1
0000395b   lcdCursorLine2
00003961   lcdCursorLine3
00003967   lcdCursorLine4
0000396d   lcdWriteSingleDigit
00003973   I2CMasterControl
00003977   I2CMasterDataGet
0000397b   I2CMasterDataPut
0000397f   TimerIntClear
00003983   UARTIntClear
00003987   gpioHelperInterruptMasterEnable
0000398b   lcdWriteLetter
00003c94   __TI_Handler_Table_Base
00003ca0   __TI_Handler_Table_Limit
00003ca8   __TI_CINIT_Base
00003cb8   __TI_CINIT_Limit
20000000   values
20000fa0   TII2C_ModuleInstance
200010c4   bitsReceivedTiming
20001164   dataBitsReceived
20001204   TIBMP085_AppInstance
20001248   pui32ADC0Value
20001264   _dhtActive
20001268   _lcdInited
2000126c   _lcdPortControl
20001270   _lcdPortDataLower
20001274   _lcdPortDataUpper
20001278   bluetoothEventCount
2000127c   bmp085_dataFlag
20001280   bmpPressure
20001284   bmpTemperature
20001288   buttonsLastPressed
2000128c   _windVane_ADC
20001358   _windVane_ANG
20001424   responseStatusOk0
20001428   responseStatusOk1
2000142c   dataBitReadStatus
20001430   count1uS
20001434   bitEntryTime
20001438   bitExitTime
2000143c   bitTimingStatus
20001440   process
20001444   step
20001448   status0
2000144c   status1
20001450   temp
20001454   decimalTemp
20001458   humidity
2000145c   decimalHumidity
20001460   sumDataCheck
20001464   sum
20001468   MAX_VAL
2000146c   counter
20001470   _lock
20001474   _unlock
20001478   __TI_cleanup_ptr
2000147c   __TI_dtors_ptr
20001480   main_func_sp
20001484   __stack
20001584   __STACK_END
20001584   __STACK_TOP
ffffffff   __binit__
ffffffff   __c_args__
ffffffff   binit
UNDEFED    SHT$$INIT_ARRAY$$Base
UNDEFED    SHT$$INIT_ARRAY$$Limit

[243 symbols]
