******************************************************************************
                  TI ARM Linker PC v5.1.1                      
******************************************************************************
>> Linked Sat Feb 22 22:56:23 2014

OUTPUT FILE NAME:   <X-Aerobal-v1.0.out>
ENTRY POINT SYMBOL: "_c_int00"  address: 00001731


MEMORY CONFIGURATION

         name            origin    length      used     unused   attr    fill
----------------------  --------  ---------  --------  --------  ----  --------
  FLASH                 00000000   00040000  00001f9e  0003e062  R  X
  SRAM                  20000000   00008000  00000298  00007d68  RW X


SEGMENT ALLOCATION MAP

run origin  load origin   length   init length attrs members
----------  ----------- ---------- ----------- ----- -------
00000000    00000000    00001fa0   00001fa0    r-x
  00000000    00000000    0000026c   0000026c    r-- .intvecs
  0000026c    0000026c    00001c12   00001c12    r-x .text
  00001e80    00001e80    000000e8   000000e8    r-- .const
  00001f68    00001f68    00000038   00000038    r-- .cinit
20000000    20000000    00000298   00000000    rw-
  20000000    20000000    00000184   00000000    rw- .bss
  20000184    20000184    00000100   00000000    rw- .stack
  20000284    20000284    00000014   00000000    rw- .data


SECTION ALLOCATION MAP

 output                                  attributes/
section   page    origin      length       input sections
--------  ----  ----------  ----------   ----------------
.intvecs   0    00000000    0000026c     
                  00000000    0000026c     startup_ccs.obj (.intvecs)

.init_array 
*          0    00000000    00000000     UNINITIALIZED

.text      0    0000026c    00001c12     
                  0000026c    000001ec     sensorlib.lib : bmp180.obj (.text:BMP180DataPressureGetFloat)
                  00000458    000001dc                   : bmp180.obj (.text:BMP180Callback)
                  00000634    000001b6     rtsv7M4_T_le_v4SPD16_eabi.lib : fd_add_t2.obj (.text)
                  000007ea    00000002     startup_ccs.obj (.text:FaultISR)
                  000007ec    0000012c     ABTest.obj (.text:ABTestRelay)
                  00000918    000000fc     rtsv7M4_T_le_v4SPD16_eabi.lib : fd_mul_t2.obj (.text)
                  00000a14    000000ea     sensorlib.lib : i2cm_drv.obj (.text:I2CMIntHandler)
                  00000afe    00000002     startup_ccs.obj (.text:IntDefaultHandler)
                  00000b00    000000e6     ABTest.obj (.text:ABTestBMP)
                  00000be6    00000002     startup_ccs.obj (.text:NmiSR)
                  00000be8    000000c8     lcd.obj (.text:lcdInit)
                  00000cb0    000000c4     lcd.obj (.text:lcdWriteDigits)
                  00000d74    000000b8     driverlib.lib : gpio.obj (.text:GPIOPadConfigSet)
                  00000e2c    0000009c     rtsv7M4_T_le_v4SPD16_eabi.lib : memcpy_t2.obj (.text)
                  00000ec8    00000098     sensorlib.lib : i2cm_drv.obj (.text:I2CMStateIdle)
                  00000f60    00000094     rtsv7M4_T_le_v4SPD16_eabi.lib : auto_init.obj (.text)
                  00000ff4    0000008c     bmp085.obj (.text:bmp085Init)
                  00001080    00000084     sensorlib.lib : i2cm_drv.obj (.text:I2CMCommand)
                  00001104    00000080                   : bmp180.obj (.text:BMP180DataTemperatureGetFloat)
                  00001184    00000080     lcd.obj (.text:lcdWriteNumber)
                  00001204    0000007e     rtsv7M4_T_le_v4SPD16_eabi.lib : fd_cmp_t2.obj (.text:__aeabi_cdcmple)
                  00001282    00000002     --HOLE-- [fill = 0]
                  00001284    00000064     driverlib.lib : interrupt.obj (.text:IntIsEnabled)
                  000012e8    00000060                   : interrupt.obj (.text:IntDisable)
                  00001348    00000060                   : interrupt.obj (.text:IntEnable)
                  000013a8    0000005e     sensorlib.lib : i2cm_drv.obj (.text:I2CMStateWritePause)
                  00001406    0000005e     rtsv7M4_T_le_v4SPD16_eabi.lib : copy_decompress_rle.obj (.text)
                  00001464    00000058     sensorlib.lib : bmp180.obj (.text:BMP180DataRead)
                  000014bc    00000058                   : bmp180.obj (.text:BMP180Init)
                  00001514    00000055     ABTest.obj (.text:ABTestLog)
                  00001569    00000003     --HOLE-- [fill = 0]
                  0000156c    00000050     ABTest.obj (.text:ABTestLCD)
                  000015bc    0000004e     sensorlib.lib : i2cm_drv.obj (.text:I2CMStateWriteFinal)
                  0000160a    00000002     --HOLE-- [fill = 0]
                  0000160c    0000004c     ABTest.obj (.text:ABTestDelay)
                  00001658    00000048     driverlib.lib : gpio.obj (.text:GPIOPinConfigure)
                  000016a0    00000048     sensorlib.lib : i2cm_drv.obj (.text:I2CMStateReadNext)
                  000016e8    00000048     driverlib.lib : i2c.obj (.text:I2CMasterInitExpClk)
                  00001730    00000048     rtsv7M4_T_le_v4SPD16_eabi.lib : boot.obj (.text)
                  00001778    00000048                                   : fd_toi_t2.obj (.text)
                  000017c0    00000046     sensorlib.lib : i2cm_drv.obj (.text:I2CMStateWriteNext)
                  00001806    00000002     --HOLE-- [fill = 0]
                  00001808    00000045     ABTest.obj (.text:ABTestLogLineClear)
                  0000184d    00000003     --HOLE-- [fill = 0]
                  00001850    00000044     gpio.obj (.text:gpioSetMasterEnable)
                  00001894    00000044     rtsv7M4_T_le_v4SPD16_eabi.lib : cpy_tbl.obj (.text)
                  000018d8    00000044                                   : exit.obj (.text)
                  0000191c    00000040     sensorlib.lib : i2cm_drv.obj (.text:I2CMStateCallback)
                  0000195c    00000040     bmp085.obj (.text:bmp085DataRead)
                  0000199c    00000040     main.obj (.text:main)
                  000019dc    0000003e     sensorlib.lib : i2cm_drv.obj (.text:I2CMStateReadFinal)
                  00001a1a    0000003e                   : i2cm_drv.obj (.text:I2CMStateReadPause)
                  00001a58    00000038     rtsv7M4_T_le_v4SPD16_eabi.lib : fs_tod_t2.obj (.text)
                  00001a90    00000034     sensorlib.lib : i2cm_drv.obj (.text:I2CMInit)
                  00001ac4    00000034     driverlib.lib : sysctl.obj (.text:SysCtlPeripheralEnable)
                  00001af8    00000030     lcd.obj (.text:lcdWriteToPort)
                  00001b28    0000002e     lcd.obj (.text:lcdWriteLine)
                  00001b56    0000002e     rtsv7M4_T_le_v4SPD16_eabi.lib : i_tofd_t2.obj (.text)
                  00001b84    0000002a     driverlib.lib : gpio.obj (.text:GPIODirModeSet)
                  00001bae    0000002a     sensorlib.lib : i2cm_drv.obj (.text:I2CMStateReadFirst)
                  00001bd8    00000028     lcd.obj (.text:lcdWriteCommit)
                  00001c00    00000028     lcd.obj (.text:lcdWriteData)
                  00001c28    00000024     relay.obj (.text:relayInit)
                  00001c4c    00000022     relay.obj (.text:relayToggle)
                  00001c6e    00000020     sensorlib.lib : i2cm_drv.obj (.text:I2CMStateReadOne)
                  00001c8e    00000002     --HOLE-- [fill = 0]
                  00001c90    0000001c     lcd.obj (.text:lcdWriteCommand)
                  00001cac    0000001a     lcd.obj (.text:lcdWriteString)
                  00001cc6    00000018     sensorlib.lib : i2cm_drv.obj (.text:I2CMStateReadWait)
                  00001cde    00000002     --HOLE-- [fill = 0]
                  00001ce0    00000018     rtsv7M4_T_le_v4SPD16_eabi.lib : args_main.obj (.text)
                  00001cf8    00000016     driverlib.lib : i2c.obj (.text:I2CMasterErr)
                  00001d0e    00000002     --HOLE-- [fill = 0]
                  00001d10    00000014     rtsv7M4_T_le_v4SPD16_eabi.lib : _lock.obj (.text)
                  00001d24    00000012     driverlib.lib : gpio.obj (.text:GPIOPinTypeI2C)
                  00001d36    00000012                   : gpio.obj (.text:GPIOPinTypeI2CSCL)
                  00001d48    00000012     rtsv7M4_T_le_v4SPD16_eabi.lib : copy_zero_init.obj (.text:decompress:ZI)
                  00001d5a    00000012     gpio.obj (.text:gpioSetDigitalEnable)
                  00001d6c    00000010     bmp085.obj (.text:bmp085AppCallback)
                  00001d7c    00000010     gpio.obj (.text:gpioSetData)
                  00001d8c    00000010     gpio.obj (.text:gpioSetDirection)
                  00001d9c    0000000e     rtsv7M4_T_le_v4SPD16_eabi.lib : copy_decompress_none.obj (.text:decompress:none)
                  00001daa    0000000c     driverlib.lib : cpu.obj (.text:CPUcpsie)
                  00001db6    00000002     --HOLE-- [fill = 0]
                  00001db8    0000000c                   : interrupt.obj (.text:IntTrigger)
                  00001dc4    0000000c     bmp085.obj (.text:bmp085GetPressure)
                  00001dd0    0000000c     bmp085.obj (.text:bmp085GetTemperature)
                  00001ddc    0000000c     bmp085.obj (.text:bmp085I2CIntHandler)
                  00001de8    0000000c     gpio.obj (.text:gpioGetData)
                  00001df4    0000000c     relay.obj (.text:relayOff)
                  00001e00    0000000c     relay.obj (.text:relayOn)
                  00001e0c    0000000a     driverlib.lib : i2c.obj (.text:I2CMasterEnable)
                  00001e16    0000000a                   : interrupt.obj (.text:IntMasterEnable)
                  00001e20    00000008                   : i2c.obj (.text:I2CMasterIntClear)
                  00001e28    00000008                   : i2c.obj (.text:I2CMasterIntEnableEx)
                  00001e30    00000008                   : i2c.obj (.text:I2CMasterSlaveAddrSet)
                  00001e38    00000006     startup_ccs.obj (.text:ResetISR)
                  00001e3e    00000006     driverlib.lib : sysctl.obj (.text:SysCtlDelay)
                  00001e44    00000006     rtsv7M4_T_le_v4SPD16_eabi.lib : copy_decompress_rle.obj (.text:decompress:rle24)
                  00001e4a    00000006     lcd.obj (.text:lcdClear)
                  00001e50    00000006     lcd.obj (.text:lcdCursorLine1)
                  00001e56    00000006     lcd.obj (.text:lcdCursorLine2)
                  00001e5c    00000006     lcd.obj (.text:lcdCursorLine3)
                  00001e62    00000006     lcd.obj (.text:lcdCursorLine4)
                  00001e68    00000006     lcd.obj (.text:lcdWriteSingleDigit)
                  00001e6e    00000004     driverlib.lib : i2c.obj (.text:I2CMasterControl)
                  00001e72    00000004                   : i2c.obj (.text:I2CMasterDataGet)
                  00001e76    00000004                   : i2c.obj (.text:I2CMasterDataPut)
                  00001e7a    00000004     lcd.obj (.text:lcdWriteLetter)

.const     0    00001e80    000000e8     
                  00001e80    00000078     driverlib.lib : gpio.obj (.const:g_pui32GPIOBaseAddrs)
                  00001ef8    00000070                   : interrupt.obj (.const)

.cinit     0    00001f68    00000038     
                  00001f68    0000000f     (.cinit..data.load) [load image, compression = rle]
                  00001f77    00000001     --HOLE-- [fill = 0]
                  00001f78    0000000c     (__TI_handler_table)
                  00001f84    00000004     --HOLE-- [fill = 0]
                  00001f88    00000008     (.cinit..bss.load) [load image, compression = zero_init]
                  00001f90    00000010     (__TI_cinit_table)

.bss       0    20000000    00000184     UNINITIALIZED
                  20000000    00000124     bmp085.obj (.bss:TII2C_ModuleInstance)
                  20000124    00000044     bmp085.obj (.bss:TIBMP085_AppInstance)
                  20000168    00000004     (.common:_lcdInited)
                  2000016c    00000004     (.common:_lcdPortControl)
                  20000170    00000004     (.common:_lcdPortDataLower)
                  20000174    00000004     (.common:_lcdPortDataUpper)
                  20000178    00000004     (.common:bmp085_dataFlag)
                  2000017c    00000004     (.common:bmpPressure)
                  20000180    00000004     (.common:bmpTemperature)

.stack     0    20000184    00000100     UNINITIALIZED
                  20000184    00000100     --HOLE--

.data      0    20000284    00000014     UNINITIALIZED
                  20000284    00000008     rtsv7M4_T_le_v4SPD16_eabi.lib : _lock.obj (.data)
                  2000028c    00000008                                   : exit.obj (.data)
                  20000294    00000004                                   : stkdepth_vars.obj (.data)


LINKER GENERATED COPY TABLES

__TI_cinit_table @ 00001f90 records: 2, size/record: 8, table size: 16
	.data: load addr=00001f68, load size=0000000f bytes, run addr=20000284, run size=00000014 bytes, compression=rle
	.bss: load addr=00001f88, load size=00000008 bytes, run addr=20000000, run size=00000184 bytes, compression=zero_init


LINKER GENERATED HANDLER TABLE

__TI_handler_table @ 00001f78 records: 3, size/record: 4, table size: 12
	index: 0, handler: __TI_decompress_rle24
	index: 1, handler: __TI_decompress_none
	index: 2, handler: __TI_zero_init


GLOBAL SYMBOLS: SORTED ALPHABETICALLY BY Name 

address    name
--------   ----
00000b01   ABTestBMP
0000160d   ABTestDelay
0000156d   ABTestLCD
00001515   ABTestLog
00001809   ABTestLogLineClear
000007ed   ABTestRelay
0000026d   BMP180DataPressureGetFloat
00001465   BMP180DataRead
00001105   BMP180DataTemperatureGetFloat
000014bd   BMP180Init
000018d9   C$$EXIT
00001dab   CPUcpsie
00001b85   GPIODirModeSet
00000d75   GPIOPadConfigSet
00001659   GPIOPinConfigure
00001d25   GPIOPinTypeI2C
00001d37   GPIOPinTypeI2CSCL
00001081   I2CMCommand
00001a91   I2CMInit
00000a15   I2CMIntHandler
00001e6f   I2CMasterControl
00001e73   I2CMasterDataGet
00001e77   I2CMasterDataPut
00001e0d   I2CMasterEnable
00001cf9   I2CMasterErr
000016e9   I2CMasterInitExpClk
00001e21   I2CMasterIntClear
00001e29   I2CMasterIntEnableEx
00001e31   I2CMasterSlaveAddrSet
000012e9   IntDisable
00001349   IntEnable
00001285   IntIsEnabled
00001e17   IntMasterEnable
00001db9   IntTrigger
00001e39   ResetISR
UNDEFED    SHT$$INIT_ARRAY$$Base
UNDEFED    SHT$$INIT_ARRAY$$Limit
00001e3f   SysCtlDelay
00001ac5   SysCtlPeripheralEnable
20000124   TIBMP085_AppInstance
20000000   TII2C_ModuleInstance
20000284   __STACK_END
00000100   __STACK_SIZE
20000284   __STACK_TOP
00001f90   __TI_CINIT_Base
00001fa0   __TI_CINIT_Limit
00001f78   __TI_Handler_Table_Base
00001f84   __TI_Handler_Table_Limit
00000001   __TI_args_main
00000f61   __TI_auto_init
2000028c   __TI_cleanup_ptr
00001d9d   __TI_decompress_none
00001e45   __TI_decompress_rle24
20000290   __TI_dtors_ptr
00000000   __TI_static_base__
00001d49   __TI_zero_init
00001205   __aeabi_cdcmpeq
00001205   __aeabi_cdcmple
00001779   __aeabi_d2iz
0000063f   __aeabi_dadd
00000919   __aeabi_dmul
00000635   __aeabi_dsub
00001a59   __aeabi_f2d
00001b57   __aeabi_i2d
00000e2d   __aeabi_memcpy
00000e2d   __aeabi_memcpy4
00000e2d   __aeabi_memcpy8
ffffffff   __binit__
ffffffff   __c_args__
20000184   __stack
00001ce1   _args_main
00001731   _c_int00
20000168   _lcdInited
2000016c   _lcdPortControl
20000170   _lcdPortDataLower
20000174   _lcdPortDataUpper
20000284   _lock
00001d1f   _nop
00001d17   _register_lock
00001d11   _register_unlock
20000288   _unlock
000018dd   abort
ffffffff   binit
00001d6d   bmp085AppCallback
0000195d   bmp085DataRead
00001dc5   bmp085GetPressure
00001dd1   bmp085GetTemperature
00001ddd   bmp085I2CIntHandler
00000ff5   bmp085Init
20000178   bmp085_dataFlag
2000017c   bmpPressure
20000180   bmpTemperature
00001895   copy_in
000018e5   exit
00000000   g_pfnVectors
00001de9   gpioGetData
00001d7d   gpioSetData
00001d5b   gpioSetDigitalEnable
00001d8d   gpioSetDirection
00001851   gpioSetMasterEnable
00001e4b   lcdClear
00001e51   lcdCursorLine1
00001e57   lcdCursorLine2
00001e5d   lcdCursorLine3
00001e63   lcdCursorLine4
00000be9   lcdInit
00001c91   lcdWriteCommand
00001bd9   lcdWriteCommit
00001c01   lcdWriteData
00000cb1   lcdWriteDigits
00001e7b   lcdWriteLetter
00001b29   lcdWriteLine
00001185   lcdWriteNumber
00001e69   lcdWriteSingleDigit
00001cad   lcdWriteString
00001af9   lcdWriteToPort
0000199d   main
20000294   main_func_sp
00000e2d   memcpy
00001c29   relayInit
00001df5   relayOff
00001e01   relayOn
00001c4d   relayToggle


GLOBAL SYMBOLS: SORTED BY Symbol Address 

address    name
--------   ----
00000000   __TI_static_base__
00000000   g_pfnVectors
00000001   __TI_args_main
00000100   __STACK_SIZE
0000026d   BMP180DataPressureGetFloat
00000635   __aeabi_dsub
0000063f   __aeabi_dadd
000007ed   ABTestRelay
00000919   __aeabi_dmul
00000a15   I2CMIntHandler
00000b01   ABTestBMP
00000be9   lcdInit
00000cb1   lcdWriteDigits
00000d75   GPIOPadConfigSet
00000e2d   __aeabi_memcpy
00000e2d   __aeabi_memcpy4
00000e2d   __aeabi_memcpy8
00000e2d   memcpy
00000f61   __TI_auto_init
00000ff5   bmp085Init
00001081   I2CMCommand
00001105   BMP180DataTemperatureGetFloat
00001185   lcdWriteNumber
00001205   __aeabi_cdcmpeq
00001205   __aeabi_cdcmple
00001285   IntIsEnabled
000012e9   IntDisable
00001349   IntEnable
00001465   BMP180DataRead
000014bd   BMP180Init
00001515   ABTestLog
0000156d   ABTestLCD
0000160d   ABTestDelay
00001659   GPIOPinConfigure
000016e9   I2CMasterInitExpClk
00001731   _c_int00
00001779   __aeabi_d2iz
00001809   ABTestLogLineClear
00001851   gpioSetMasterEnable
00001895   copy_in
000018d9   C$$EXIT
000018dd   abort
000018e5   exit
0000195d   bmp085DataRead
0000199d   main
00001a59   __aeabi_f2d
00001a91   I2CMInit
00001ac5   SysCtlPeripheralEnable
00001af9   lcdWriteToPort
00001b29   lcdWriteLine
00001b57   __aeabi_i2d
00001b85   GPIODirModeSet
00001bd9   lcdWriteCommit
00001c01   lcdWriteData
00001c29   relayInit
00001c4d   relayToggle
00001c91   lcdWriteCommand
00001cad   lcdWriteString
00001ce1   _args_main
00001cf9   I2CMasterErr
00001d11   _register_unlock
00001d17   _register_lock
00001d1f   _nop
00001d25   GPIOPinTypeI2C
00001d37   GPIOPinTypeI2CSCL
00001d49   __TI_zero_init
00001d5b   gpioSetDigitalEnable
00001d6d   bmp085AppCallback
00001d7d   gpioSetData
00001d8d   gpioSetDirection
00001d9d   __TI_decompress_none
00001dab   CPUcpsie
00001db9   IntTrigger
00001dc5   bmp085GetPressure
00001dd1   bmp085GetTemperature
00001ddd   bmp085I2CIntHandler
00001de9   gpioGetData
00001df5   relayOff
00001e01   relayOn
00001e0d   I2CMasterEnable
00001e17   IntMasterEnable
00001e21   I2CMasterIntClear
00001e29   I2CMasterIntEnableEx
00001e31   I2CMasterSlaveAddrSet
00001e39   ResetISR
00001e3f   SysCtlDelay
00001e45   __TI_decompress_rle24
00001e4b   lcdClear
00001e51   lcdCursorLine1
00001e57   lcdCursorLine2
00001e5d   lcdCursorLine3
00001e63   lcdCursorLine4
00001e69   lcdWriteSingleDigit
00001e6f   I2CMasterControl
00001e73   I2CMasterDataGet
00001e77   I2CMasterDataPut
00001e7b   lcdWriteLetter
00001f78   __TI_Handler_Table_Base
00001f84   __TI_Handler_Table_Limit
00001f90   __TI_CINIT_Base
00001fa0   __TI_CINIT_Limit
20000000   TII2C_ModuleInstance
20000124   TIBMP085_AppInstance
20000168   _lcdInited
2000016c   _lcdPortControl
20000170   _lcdPortDataLower
20000174   _lcdPortDataUpper
20000178   bmp085_dataFlag
2000017c   bmpPressure
20000180   bmpTemperature
20000184   __stack
20000284   __STACK_END
20000284   __STACK_TOP
20000284   _lock
20000288   _unlock
2000028c   __TI_cleanup_ptr
20000290   __TI_dtors_ptr
20000294   main_func_sp
ffffffff   __binit__
ffffffff   __c_args__
ffffffff   binit
UNDEFED    SHT$$INIT_ARRAY$$Base
UNDEFED    SHT$$INIT_ARRAY$$Limit

[123 symbols]
