******************************************************************************
                  TI ARM Linker PC v5.1.1                      
******************************************************************************
>> Linked Sat Feb 22 20:29:28 2014

OUTPUT FILE NAME:   <X-Aerobal-v1.0.out>
ENTRY POINT SYMBOL: "_c_int00"  address: 00001539


MEMORY CONFIGURATION

         name            origin    length      used     unused   attr    fill
----------------------  --------  ---------  --------  --------  ----  --------
  FLASH                 00000000   00040000  00001cae  0003e352  R  X
  SRAM                  20000000   00008000  00000298  00007d68  RW X


SEGMENT ALLOCATION MAP

run origin  load origin   length   init length attrs members
----------  ----------- ---------- ----------- ----- -------
00000000    00000000    00001cb0   00001cb0    r-x
  00000000    00000000    0000026c   0000026c    r-- .intvecs
  0000026c    0000026c    00001922   00001922    r-x .text
  00001b90    00001b90    000000e8   000000e8    r-- .const
  00001c78    00001c78    00000038   00000038    r-- .cinit
20000000    20000000    00000298   00000000    rw-
  20000000    20000000    00000184   00000000    rw- .bss
  20000184    20000184    00000100   00000000    rw- .stack
  20000284    20000284    00000014   00000000    rw- .data


SECTION ALLOCATION MAP

 output                                  attributes/
section   page    origin      length       input sections
--------  ----  ----------  ----------   ----------------
.intvecs   0    00000000    0000026c     
                  00000000    0000026c     startup_ccs.obj (.intvecs)

.init_array 
*          0    00000000    00000000     UNINITIALIZED

.text      0    0000026c    00001922     
                  0000026c    000001ec     sensorlib.lib : bmp180.obj (.text:BMP180DataPressureGetFloat)
                  00000458    000001dc                   : bmp180.obj (.text:BMP180Callback)
                  00000634    000001b6     rtsv7M4_T_le_v4SPD16_eabi.lib : fd_add_t2.obj (.text)
                  000007ea    000000fc                                   : fd_mul_t2.obj (.text)
                  000008e6    00000002     startup_ccs.obj (.text:FaultISR)
                  000008e8    000000ea     sensorlib.lib : i2cm_drv.obj (.text:I2CMIntHandler)
                  000009d2    00000002     startup_ccs.obj (.text:IntDefaultHandler)
                  000009d4    000000c8     lcd.obj (.text:lcdInit)
                  00000a9c    000000c4     lcd.obj (.text:lcdWriteDigits)
                  00000b60    000000b8     driverlib.lib : gpio.obj (.text:GPIOPadConfigSet)
                  00000c18    0000009c     rtsv7M4_T_le_v4SPD16_eabi.lib : memcpy_t2.obj (.text)
                  00000cb4    00000098     sensorlib.lib : i2cm_drv.obj (.text:I2CMStateIdle)
                  00000d4c    00000094     rtsv7M4_T_le_v4SPD16_eabi.lib : auto_init.obj (.text)
                  00000de0    0000008c     main.obj (.text:ABTestBMP)
                  00000e6c    0000008c     bmp085.obj (.text:bmp085Init)
                  00000ef8    00000084     main.obj (.text:ABTestLCD)
                  00000f7c    00000084     sensorlib.lib : i2cm_drv.obj (.text:I2CMCommand)
                  00001000    00000080                   : bmp180.obj (.text:BMP180DataTemperatureGetFloat)
                  00001080    00000080     lcd.obj (.text:lcdWriteNumber)
                  00001100    0000007e     rtsv7M4_T_le_v4SPD16_eabi.lib : fd_cmp_t2.obj (.text:__aeabi_cdcmple)
                  0000117e    00000002     startup_ccs.obj (.text:NmiSR)
                  00001180    00000064     driverlib.lib : interrupt.obj (.text:IntIsEnabled)
                  000011e4    00000060                   : interrupt.obj (.text:IntDisable)
                  00001244    00000060                   : interrupt.obj (.text:IntEnable)
                  000012a4    0000005e     sensorlib.lib : i2cm_drv.obj (.text:I2CMStateWritePause)
                  00001302    0000005e     rtsv7M4_T_le_v4SPD16_eabi.lib : copy_decompress_rle.obj (.text)
                  00001360    00000058     sensorlib.lib : bmp180.obj (.text:BMP180DataRead)
                  000013b8    00000058                   : bmp180.obj (.text:BMP180Init)
                  00001410    0000004e                   : i2cm_drv.obj (.text:I2CMStateWriteFinal)
                  0000145e    00000002     --HOLE-- [fill = 0]
                  00001460    00000048     driverlib.lib : gpio.obj (.text:GPIOPinConfigure)
                  000014a8    00000048     sensorlib.lib : i2cm_drv.obj (.text:I2CMStateReadNext)
                  000014f0    00000048     driverlib.lib : i2c.obj (.text:I2CMasterInitExpClk)
                  00001538    00000048     rtsv7M4_T_le_v4SPD16_eabi.lib : boot.obj (.text)
                  00001580    00000048                                   : fd_toi_t2.obj (.text)
                  000015c8    00000046     sensorlib.lib : i2cm_drv.obj (.text:I2CMStateWriteNext)
                  0000160e    00000002     --HOLE-- [fill = 0]
                  00001610    00000044     gpio.obj (.text:gpioSetMasterEnable)
                  00001654    00000044     rtsv7M4_T_le_v4SPD16_eabi.lib : cpy_tbl.obj (.text)
                  00001698    00000044                                   : exit.obj (.text)
                  000016dc    00000040     sensorlib.lib : i2cm_drv.obj (.text:I2CMStateCallback)
                  0000171c    00000040     bmp085.obj (.text:bmp085DataRead)
                  0000175c    0000003e     sensorlib.lib : i2cm_drv.obj (.text:I2CMStateReadFinal)
                  0000179a    0000003e                   : i2cm_drv.obj (.text:I2CMStateReadPause)
                  000017d8    00000038     rtsv7M4_T_le_v4SPD16_eabi.lib : fs_tod_t2.obj (.text)
                  00001810    00000034     sensorlib.lib : i2cm_drv.obj (.text:I2CMInit)
                  00001844    00000034     driverlib.lib : sysctl.obj (.text:SysCtlPeripheralEnable)
                  00001878    00000030     lcd.obj (.text:lcdWriteToPort)
                  000018a8    0000002e     lcd.obj (.text:lcdWriteLine)
                  000018d6    0000002e     rtsv7M4_T_le_v4SPD16_eabi.lib : i_tofd_t2.obj (.text)
                  00001904    0000002a     driverlib.lib : gpio.obj (.text:GPIODirModeSet)
                  0000192e    0000002a     sensorlib.lib : i2cm_drv.obj (.text:I2CMStateReadFirst)
                  00001958    00000028     lcd.obj (.text:lcdWriteCommit)
                  00001980    00000028     lcd.obj (.text:lcdWriteData)
                  000019a8    00000020     sensorlib.lib : i2cm_drv.obj (.text:I2CMStateReadOne)
                  000019c8    0000001c     lcd.obj (.text:lcdWriteCommand)
                  000019e4    0000001a     lcd.obj (.text:lcdWriteString)
                  000019fe    00000018     sensorlib.lib : i2cm_drv.obj (.text:I2CMStateReadWait)
                  00001a16    00000002     --HOLE-- [fill = 0]
                  00001a18    00000018     rtsv7M4_T_le_v4SPD16_eabi.lib : args_main.obj (.text)
                  00001a30    00000016     driverlib.lib : i2c.obj (.text:I2CMasterErr)
                  00001a46    00000002     --HOLE-- [fill = 0]
                  00001a48    00000014     rtsv7M4_T_le_v4SPD16_eabi.lib : _lock.obj (.text)
                  00001a5c    00000012     driverlib.lib : gpio.obj (.text:GPIOPinTypeI2C)
                  00001a6e    00000012                   : gpio.obj (.text:GPIOPinTypeI2CSCL)
                  00001a80    00000012     rtsv7M4_T_le_v4SPD16_eabi.lib : copy_zero_init.obj (.text:decompress:ZI)
                  00001a92    00000012     gpio.obj (.text:gpioSetDigitalEnable)
                  00001aa4    00000010     bmp085.obj (.text:bmp085AppCallback)
                  00001ab4    00000010     gpio.obj (.text:gpioSetDirection)
                  00001ac4    0000000e     rtsv7M4_T_le_v4SPD16_eabi.lib : copy_decompress_none.obj (.text:decompress:none)
                  00001ad2    0000000c     driverlib.lib : cpu.obj (.text:CPUcpsie)
                  00001ade    00000002     --HOLE-- [fill = 0]
                  00001ae0    0000000c                   : interrupt.obj (.text:IntTrigger)
                  00001aec    0000000c     bmp085.obj (.text:bmp085GetPressure)
                  00001af8    0000000c     bmp085.obj (.text:bmp085GetTemperature)
                  00001b04    0000000c     bmp085.obj (.text:bmp085I2CIntHandler)
                  00001b10    0000000c     main.obj (.text:main)
                  00001b1c    0000000a     driverlib.lib : i2c.obj (.text:I2CMasterEnable)
                  00001b26    0000000a                   : interrupt.obj (.text:IntMasterEnable)
                  00001b30    00000008                   : i2c.obj (.text:I2CMasterIntClear)
                  00001b38    00000008                   : i2c.obj (.text:I2CMasterIntEnableEx)
                  00001b40    00000008                   : i2c.obj (.text:I2CMasterSlaveAddrSet)
                  00001b48    00000006     startup_ccs.obj (.text:ResetISR)
                  00001b4e    00000006     driverlib.lib : sysctl.obj (.text:SysCtlDelay)
                  00001b54    00000006     rtsv7M4_T_le_v4SPD16_eabi.lib : copy_decompress_rle.obj (.text:decompress:rle24)
                  00001b5a    00000006     lcd.obj (.text:lcdClear)
                  00001b60    00000006     lcd.obj (.text:lcdCursorLine1)
                  00001b66    00000006     lcd.obj (.text:lcdCursorLine2)
                  00001b6c    00000006     lcd.obj (.text:lcdCursorLine3)
                  00001b72    00000006     lcd.obj (.text:lcdCursorLine4)
                  00001b78    00000006     lcd.obj (.text:lcdWriteSingleDigit)
                  00001b7e    00000004     driverlib.lib : i2c.obj (.text:I2CMasterControl)
                  00001b82    00000004                   : i2c.obj (.text:I2CMasterDataGet)
                  00001b86    00000004                   : i2c.obj (.text:I2CMasterDataPut)
                  00001b8a    00000004     lcd.obj (.text:lcdWriteLetter)

.const     0    00001b90    000000e8     
                  00001b90    00000078     driverlib.lib : gpio.obj (.const:g_pui32GPIOBaseAddrs)
                  00001c08    00000070                   : interrupt.obj (.const)

.cinit     0    00001c78    00000038     
                  00001c78    0000000f     (.cinit..data.load) [load image, compression = rle]
                  00001c87    00000001     --HOLE-- [fill = 0]
                  00001c88    0000000c     (__TI_handler_table)
                  00001c94    00000004     --HOLE-- [fill = 0]
                  00001c98    00000008     (.cinit..bss.load) [load image, compression = zero_init]
                  00001ca0    00000010     (__TI_cinit_table)

.bss       0    20000000    00000184     UNINITIALIZED
                  20000000    00000124     bmp085.obj (.bss:TII2C_ModuleInstance)
                  20000124    00000044     bmp085.obj (.bss:TIBMP085_AppInstance)
                  20000168    00000004     (.common:_lcdInited)
                  2000016c    00000004     (.common:_lcdPortControl)
                  20000170    00000004     (.common:_lcdPortDataLower)
                  20000174    00000004     (.common:_lcdPortDataUpper)
                  20000178    00000004     (.common:bmp085_dataFlag)
                  2000017c    00000004     (.common:bmpPressure)
                  20000180    00000004     (.common:bmpTemperature)

.stack     0    20000184    00000100     UNINITIALIZED
                  20000184    00000100     --HOLE--

.data      0    20000284    00000014     UNINITIALIZED
                  20000284    00000008     rtsv7M4_T_le_v4SPD16_eabi.lib : _lock.obj (.data)
                  2000028c    00000008                                   : exit.obj (.data)
                  20000294    00000004                                   : stkdepth_vars.obj (.data)


LINKER GENERATED COPY TABLES

__TI_cinit_table @ 00001ca0 records: 2, size/record: 8, table size: 16
	.data: load addr=00001c78, load size=0000000f bytes, run addr=20000284, run size=00000014 bytes, compression=rle
	.bss: load addr=00001c98, load size=00000008 bytes, run addr=20000000, run size=00000184 bytes, compression=zero_init


LINKER GENERATED HANDLER TABLE

__TI_handler_table @ 00001c88 records: 3, size/record: 4, table size: 12
	index: 0, handler: __TI_decompress_rle24
	index: 1, handler: __TI_decompress_none
	index: 2, handler: __TI_zero_init


GLOBAL SYMBOLS: SORTED ALPHABETICALLY BY Name 

address    name
--------   ----
00000de1   ABTestBMP
00000ef9   ABTestLCD
0000026d   BMP180DataPressureGetFloat
00001361   BMP180DataRead
00001001   BMP180DataTemperatureGetFloat
000013b9   BMP180Init
00001699   C$$EXIT
00001ad3   CPUcpsie
00001905   GPIODirModeSet
00000b61   GPIOPadConfigSet
00001461   GPIOPinConfigure
00001a5d   GPIOPinTypeI2C
00001a6f   GPIOPinTypeI2CSCL
00000f7d   I2CMCommand
00001811   I2CMInit
000008e9   I2CMIntHandler
00001b7f   I2CMasterControl
00001b83   I2CMasterDataGet
00001b87   I2CMasterDataPut
00001b1d   I2CMasterEnable
00001a31   I2CMasterErr
000014f1   I2CMasterInitExpClk
00001b31   I2CMasterIntClear
00001b39   I2CMasterIntEnableEx
00001b41   I2CMasterSlaveAddrSet
000011e5   IntDisable
00001245   IntEnable
00001181   IntIsEnabled
00001b27   IntMasterEnable
00001ae1   IntTrigger
00001b49   ResetISR
UNDEFED    SHT$$INIT_ARRAY$$Base
UNDEFED    SHT$$INIT_ARRAY$$Limit
00001b4f   SysCtlDelay
00001845   SysCtlPeripheralEnable
20000124   TIBMP085_AppInstance
20000000   TII2C_ModuleInstance
20000284   __STACK_END
00000100   __STACK_SIZE
20000284   __STACK_TOP
00001ca0   __TI_CINIT_Base
00001cb0   __TI_CINIT_Limit
00001c88   __TI_Handler_Table_Base
00001c94   __TI_Handler_Table_Limit
00000001   __TI_args_main
00000d4d   __TI_auto_init
2000028c   __TI_cleanup_ptr
00001ac5   __TI_decompress_none
00001b55   __TI_decompress_rle24
20000290   __TI_dtors_ptr
00000000   __TI_static_base__
00001a81   __TI_zero_init
00001101   __aeabi_cdcmpeq
00001101   __aeabi_cdcmple
00001581   __aeabi_d2iz
0000063f   __aeabi_dadd
000007eb   __aeabi_dmul
00000635   __aeabi_dsub
000017d9   __aeabi_f2d
000018d7   __aeabi_i2d
00000c19   __aeabi_memcpy
00000c19   __aeabi_memcpy4
00000c19   __aeabi_memcpy8
ffffffff   __binit__
ffffffff   __c_args__
20000184   __stack
00001a19   _args_main
00001539   _c_int00
20000168   _lcdInited
2000016c   _lcdPortControl
20000170   _lcdPortDataLower
20000174   _lcdPortDataUpper
20000284   _lock
00001a57   _nop
00001a4f   _register_lock
00001a49   _register_unlock
20000288   _unlock
0000169d   abort
ffffffff   binit
00001aa5   bmp085AppCallback
0000171d   bmp085DataRead
00001aed   bmp085GetPressure
00001af9   bmp085GetTemperature
00001b05   bmp085I2CIntHandler
00000e6d   bmp085Init
20000178   bmp085_dataFlag
2000017c   bmpPressure
20000180   bmpTemperature
00001655   copy_in
000016a5   exit
00000000   g_pfnVectors
00001a93   gpioSetDigitalEnable
00001ab5   gpioSetDirection
00001611   gpioSetMasterEnable
00001b5b   lcdClear
00001b61   lcdCursorLine1
00001b67   lcdCursorLine2
00001b6d   lcdCursorLine3
00001b73   lcdCursorLine4
000009d5   lcdInit
000019c9   lcdWriteCommand
00001959   lcdWriteCommit
00001981   lcdWriteData
00000a9d   lcdWriteDigits
00001b8b   lcdWriteLetter
000018a9   lcdWriteLine
00001081   lcdWriteNumber
00001b79   lcdWriteSingleDigit
000019e5   lcdWriteString
00001879   lcdWriteToPort
00001b11   main
20000294   main_func_sp
00000c19   memcpy


GLOBAL SYMBOLS: SORTED BY Symbol Address 

address    name
--------   ----
00000000   __TI_static_base__
00000000   g_pfnVectors
00000001   __TI_args_main
00000100   __STACK_SIZE
0000026d   BMP180DataPressureGetFloat
00000635   __aeabi_dsub
0000063f   __aeabi_dadd
000007eb   __aeabi_dmul
000008e9   I2CMIntHandler
000009d5   lcdInit
00000a9d   lcdWriteDigits
00000b61   GPIOPadConfigSet
00000c19   __aeabi_memcpy
00000c19   __aeabi_memcpy4
00000c19   __aeabi_memcpy8
00000c19   memcpy
00000d4d   __TI_auto_init
00000de1   ABTestBMP
00000e6d   bmp085Init
00000ef9   ABTestLCD
00000f7d   I2CMCommand
00001001   BMP180DataTemperatureGetFloat
00001081   lcdWriteNumber
00001101   __aeabi_cdcmpeq
00001101   __aeabi_cdcmple
00001181   IntIsEnabled
000011e5   IntDisable
00001245   IntEnable
00001361   BMP180DataRead
000013b9   BMP180Init
00001461   GPIOPinConfigure
000014f1   I2CMasterInitExpClk
00001539   _c_int00
00001581   __aeabi_d2iz
00001611   gpioSetMasterEnable
00001655   copy_in
00001699   C$$EXIT
0000169d   abort
000016a5   exit
0000171d   bmp085DataRead
000017d9   __aeabi_f2d
00001811   I2CMInit
00001845   SysCtlPeripheralEnable
00001879   lcdWriteToPort
000018a9   lcdWriteLine
000018d7   __aeabi_i2d
00001905   GPIODirModeSet
00001959   lcdWriteCommit
00001981   lcdWriteData
000019c9   lcdWriteCommand
000019e5   lcdWriteString
00001a19   _args_main
00001a31   I2CMasterErr
00001a49   _register_unlock
00001a4f   _register_lock
00001a57   _nop
00001a5d   GPIOPinTypeI2C
00001a6f   GPIOPinTypeI2CSCL
00001a81   __TI_zero_init
00001a93   gpioSetDigitalEnable
00001aa5   bmp085AppCallback
00001ab5   gpioSetDirection
00001ac5   __TI_decompress_none
00001ad3   CPUcpsie
00001ae1   IntTrigger
00001aed   bmp085GetPressure
00001af9   bmp085GetTemperature
00001b05   bmp085I2CIntHandler
00001b11   main
00001b1d   I2CMasterEnable
00001b27   IntMasterEnable
00001b31   I2CMasterIntClear
00001b39   I2CMasterIntEnableEx
00001b41   I2CMasterSlaveAddrSet
00001b49   ResetISR
00001b4f   SysCtlDelay
00001b55   __TI_decompress_rle24
00001b5b   lcdClear
00001b61   lcdCursorLine1
00001b67   lcdCursorLine2
00001b6d   lcdCursorLine3
00001b73   lcdCursorLine4
00001b79   lcdWriteSingleDigit
00001b7f   I2CMasterControl
00001b83   I2CMasterDataGet
00001b87   I2CMasterDataPut
00001b8b   lcdWriteLetter
00001c88   __TI_Handler_Table_Base
00001c94   __TI_Handler_Table_Limit
00001ca0   __TI_CINIT_Base
00001cb0   __TI_CINIT_Limit
20000000   TII2C_ModuleInstance
20000124   TIBMP085_AppInstance
20000168   _lcdInited
2000016c   _lcdPortControl
20000170   _lcdPortDataLower
20000174   _lcdPortDataUpper
20000178   bmp085_dataFlag
2000017c   bmpPressure
20000180   bmpTemperature
20000184   __stack
20000284   __STACK_END
20000284   __STACK_TOP
20000284   _lock
20000288   _unlock
2000028c   __TI_cleanup_ptr
20000290   __TI_dtors_ptr
20000294   main_func_sp
ffffffff   __binit__
ffffffff   __c_args__
ffffffff   binit
UNDEFED    SHT$$INIT_ARRAY$$Base
UNDEFED    SHT$$INIT_ARRAY$$Limit

[113 symbols]
